[2022-05-31T20:03:42.319+0200][gc] Using G1
[2022-05-31T20:03:42.329+0200][gc,init] Version: 16.0.2+7-67 (release)
[2022-05-31T20:03:42.329+0200][gc,init] CPUs: 4 total, 4 available
[2022-05-31T20:03:42.329+0200][gc,init] Memory: 7825M
[2022-05-31T20:03:42.329+0200][gc,init] Large Page Support: Disabled
[2022-05-31T20:03:42.329+0200][gc,init] NUMA Support: Disabled
[2022-05-31T20:03:42.329+0200][gc,init] Compressed Oops: Enabled (32-bit)
[2022-05-31T20:03:42.329+0200][gc,init] Heap Region Size: 1M
[2022-05-31T20:03:42.329+0200][gc,init] Heap Min Capacity: 1G
[2022-05-31T20:03:42.329+0200][gc,init] Heap Initial Capacity: 1G
[2022-05-31T20:03:42.329+0200][gc,init] Heap Max Capacity: 1G
[2022-05-31T20:03:42.329+0200][gc,init] Pre-touch: Disabled
[2022-05-31T20:03:42.329+0200][gc,init] Parallel Workers: 4
[2022-05-31T20:03:42.329+0200][gc,init] Concurrent Workers: 1
[2022-05-31T20:03:42.330+0200][gc,init] Concurrent Refinement Workers: 4
[2022-05-31T20:03:42.330+0200][gc,init] Periodic GC: Disabled
[2022-05-31T20:03:42.330+0200][gc,metaspace] CDS archive(s) mapped at: [0x0000000800000000-0x0000000800bc3000-0x0000000800bc3000), size 12333056, SharedBaseAddress: 0x0000000800000000, ArchiveRelocationMode: 0.
[2022-05-31T20:03:42.330+0200][gc,metaspace] Compressed class space mapped at: 0x0000000800c00000-0x0000000840c00000, reserved size: 1073741824
[2022-05-31T20:03:42.330+0200][gc,metaspace] Narrow klass base: 0x0000000800000000, Narrow klass shift: 3, Narrow klass range: 0x100000000
[2022-05-31T20:03:44.050+0200][gc,start    ] GC(0) Pause Young (Normal) (G1 Evacuation Pause)
[2022-05-31T20:03:44.051+0200][gc,task     ] GC(0) Using 4 workers of 4 for evacuation
[2022-05-31T20:03:44.059+0200][gc,phases   ] GC(0)   Pre Evacuate Collection Set: 0.2ms
[2022-05-31T20:03:44.059+0200][gc,phases   ] GC(0)   Merge Heap Roots: 0.1ms
[2022-05-31T20:03:44.059+0200][gc,phases   ] GC(0)   Evacuate Collection Set: 6.9ms
[2022-05-31T20:03:44.059+0200][gc,phases   ] GC(0)   Post Evacuate Collection Set: 0.7ms
[2022-05-31T20:03:44.059+0200][gc,phases   ] GC(0)   Other: 0.6ms
[2022-05-31T20:03:44.059+0200][gc,heap     ] GC(0) Eden regions: 51->0(44)
[2022-05-31T20:03:44.059+0200][gc,heap     ] GC(0) Survivor regions: 0->7(7)
[2022-05-31T20:03:44.059+0200][gc,heap     ] GC(0) Old regions: 0->1
[2022-05-31T20:03:44.059+0200][gc,heap     ] GC(0) Archive regions: 2->2
[2022-05-31T20:03:44.059+0200][gc,heap     ] GC(0) Humongous regions: 0->0
[2022-05-31T20:03:44.059+0200][gc,metaspace] GC(0) Metaspace: 18882K(19072K)->18882K(19072K) NonClass: 16654K(16768K)->16654K(16768K) Class: 2227K(2304K)->2227K(2304K)
[2022-05-31T20:03:44.059+0200][gc          ] GC(0) Pause Young (Normal) (G1 Evacuation Pause) 51M->8M(1024M) 8.598ms
[2022-05-31T20:03:44.059+0200][gc,cpu      ] GC(0) User=0.02s Sys=0.00s Real=0.01s
[2022-05-31T20:03:44.304+0200][gc,start    ] GC(1) Pause Young (Concurrent Start) (Metadata GC Threshold)
[2022-05-31T20:03:44.304+0200][gc,task     ] GC(1) Using 4 workers of 4 for evacuation
[2022-05-31T20:03:44.313+0200][gc,phases   ] GC(1)   Pre Evacuate Collection Set: 0.1ms
[2022-05-31T20:03:44.313+0200][gc,phases   ] GC(1)   Merge Heap Roots: 0.0ms
[2022-05-31T20:03:44.313+0200][gc,phases   ] GC(1)   Evacuate Collection Set: 7.8ms
[2022-05-31T20:03:44.313+0200][gc,phases   ] GC(1)   Post Evacuate Collection Set: 0.5ms
[2022-05-31T20:03:44.313+0200][gc,phases   ] GC(1)   Other: 0.2ms
[2022-05-31T20:03:44.313+0200][gc,heap     ] GC(1) Eden regions: 10->0(50)
[2022-05-31T20:03:44.313+0200][gc,heap     ] GC(1) Survivor regions: 7->1(7)
[2022-05-31T20:03:44.313+0200][gc,heap     ] GC(1) Old regions: 1->7
[2022-05-31T20:03:44.313+0200][gc,heap     ] GC(1) Archive regions: 2->2
[2022-05-31T20:03:44.313+0200][gc,heap     ] GC(1) Humongous regions: 0->0
[2022-05-31T20:03:44.313+0200][gc,metaspace] GC(1) Metaspace: 21015K(21248K)->21015K(21248K) NonClass: 18507K(18624K)->18507K(18624K) Class: 2507K(2624K)->2507K(2624K)
[2022-05-31T20:03:44.313+0200][gc          ] GC(1) Pause Young (Concurrent Start) (Metadata GC Threshold) 17M->8M(1024M) 8.784ms
[2022-05-31T20:03:44.313+0200][gc,cpu      ] GC(1) User=0.02s Sys=0.00s Real=0.01s
[2022-05-31T20:03:44.313+0200][gc          ] GC(2) Concurrent Mark Cycle
[2022-05-31T20:03:44.313+0200][gc,marking  ] GC(2) Concurrent Clear Claimed Marks
[2022-05-31T20:03:44.313+0200][gc,marking  ] GC(2) Concurrent Clear Claimed Marks 0.026ms
[2022-05-31T20:03:44.313+0200][gc,marking  ] GC(2) Concurrent Scan Root Regions
[2022-05-31T20:03:44.319+0200][gc,marking  ] GC(2) Concurrent Scan Root Regions 5.518ms
[2022-05-31T20:03:44.319+0200][gc,marking  ] GC(2) Concurrent Mark
[2022-05-31T20:03:44.319+0200][gc,marking  ] GC(2) Concurrent Mark From Roots
[2022-05-31T20:03:44.319+0200][gc,task     ] GC(2) Using 1 workers of 1 for marking
[2022-05-31T20:03:44.323+0200][gc,marking  ] GC(2) Concurrent Mark From Roots 3.942ms
[2022-05-31T20:03:44.323+0200][gc,marking  ] GC(2) Concurrent Preclean
[2022-05-31T20:03:44.323+0200][gc,marking  ] GC(2) Concurrent Preclean 0.074ms
[2022-05-31T20:03:44.323+0200][gc,start    ] GC(2) Pause Remark
[2022-05-31T20:03:44.325+0200][gc          ] GC(2) Pause Remark 9M->9M(1024M) 1.815ms
[2022-05-31T20:03:44.325+0200][gc,cpu      ] GC(2) User=0.00s Sys=0.00s Real=0.00s
[2022-05-31T20:03:44.325+0200][gc,marking  ] GC(2) Concurrent Mark 6.110ms
[2022-05-31T20:03:44.325+0200][gc,marking  ] GC(2) Concurrent Rebuild Remembered Sets
[2022-05-31T20:03:44.331+0200][gc,marking  ] GC(2) Concurrent Rebuild Remembered Sets 6.510ms
[2022-05-31T20:03:44.331+0200][gc,start    ] GC(2) Pause Cleanup
[2022-05-31T20:03:44.332+0200][gc          ] GC(2) Pause Cleanup 9M->9M(1024M) 0.203ms
[2022-05-31T20:03:44.332+0200][gc,cpu      ] GC(2) User=0.00s Sys=0.00s Real=0.00s
[2022-05-31T20:03:44.332+0200][gc,marking  ] GC(2) Concurrent Cleanup for Next Mark
[2022-05-31T20:03:44.345+0200][gc,marking  ] GC(2) Concurrent Cleanup for Next Mark 12.801ms
[2022-05-31T20:03:44.345+0200][gc          ] GC(2) Concurrent Mark Cycle 31.675ms
[2022-05-31T20:03:45.894+0200][gc,start    ] GC(3) Pause Young (Normal) (G1 Evacuation Pause)
[2022-05-31T20:03:45.894+0200][gc,task     ] GC(3) Using 4 workers of 4 for evacuation
[2022-05-31T20:03:45.907+0200][gc,phases   ] GC(3)   Pre Evacuate Collection Set: 0.2ms
[2022-05-31T20:03:45.907+0200][gc,phases   ] GC(3)   Merge Heap Roots: 0.1ms
[2022-05-31T20:03:45.907+0200][gc,phases   ] GC(3)   Evacuate Collection Set: 8.0ms
[2022-05-31T20:03:45.907+0200][gc,phases   ] GC(3)   Post Evacuate Collection Set: 4.0ms
[2022-05-31T20:03:45.907+0200][gc,phases   ] GC(3)   Other: 0.3ms
[2022-05-31T20:03:45.907+0200][gc,heap     ] GC(3) Eden regions: 50->0(45)
[2022-05-31T20:03:45.907+0200][gc,heap     ] GC(3) Survivor regions: 1->6(7)
[2022-05-31T20:03:45.907+0200][gc,heap     ] GC(3) Old regions: 7->7
[2022-05-31T20:03:45.907+0200][gc,heap     ] GC(3) Archive regions: 2->2
[2022-05-31T20:03:45.907+0200][gc,heap     ] GC(3) Humongous regions: 129->129
[2022-05-31T20:03:45.907+0200][gc,metaspace] GC(3) Metaspace: 32075K(32384K)->32075K(32384K) NonClass: 28474K(28672K)->28474K(28672K) Class: 3601K(3712K)->3601K(3712K)
[2022-05-31T20:03:45.907+0200][gc          ] GC(3) Pause Young (Normal) (G1 Evacuation Pause) 187M->142M(1024M) 12.563ms
[2022-05-31T20:03:45.907+0200][gc,cpu      ] GC(3) User=0.02s Sys=0.00s Real=0.02s
[2022-05-31T20:03:46.201+0200][gc,start    ] GC(4) Pause Young (Concurrent Start) (Metadata GC Threshold)
[2022-05-31T20:03:46.201+0200][gc,task     ] GC(4) Using 4 workers of 4 for evacuation
[2022-05-31T20:03:46.211+0200][gc,phases   ] GC(4)   Pre Evacuate Collection Set: 0.1ms
[2022-05-31T20:03:46.211+0200][gc,phases   ] GC(4)   Merge Heap Roots: 0.1ms
[2022-05-31T20:03:46.211+0200][gc,phases   ] GC(4)   Evacuate Collection Set: 8.9ms
[2022-05-31T20:03:46.211+0200][gc,phases   ] GC(4)   Post Evacuate Collection Set: 0.6ms
[2022-05-31T20:03:46.211+0200][gc,phases   ] GC(4)   Other: 0.2ms
[2022-05-31T20:03:46.211+0200][gc,heap     ] GC(4) Eden regions: 15->0(49)
[2022-05-31T20:03:46.211+0200][gc,heap     ] GC(4) Survivor regions: 6->2(7)
[2022-05-31T20:03:46.211+0200][gc,heap     ] GC(4) Old regions: 7->13
[2022-05-31T20:03:46.211+0200][gc,heap     ] GC(4) Archive regions: 2->2
[2022-05-31T20:03:46.211+0200][gc,heap     ] GC(4) Humongous regions: 129->129
[2022-05-31T20:03:46.211+0200][gc,metaspace] GC(4) Metaspace: 35572K(35840K)->35572K(35840K) NonClass: 31611K(31744K)->31611K(31744K) Class: 3960K(4096K)->3960K(4096K)
[2022-05-31T20:03:46.211+0200][gc          ] GC(4) Pause Young (Concurrent Start) (Metadata GC Threshold) 156M->143M(1024M) 10.031ms
[2022-05-31T20:03:46.211+0200][gc,cpu      ] GC(4) User=0.03s Sys=0.01s Real=0.01s
[2022-05-31T20:03:46.211+0200][gc          ] GC(5) Concurrent Mark Cycle
[2022-05-31T20:03:46.211+0200][gc,marking  ] GC(5) Concurrent Clear Claimed Marks
[2022-05-31T20:03:46.211+0200][gc,marking  ] GC(5) Concurrent Clear Claimed Marks 0.031ms
[2022-05-31T20:03:46.211+0200][gc,marking  ] GC(5) Concurrent Scan Root Regions
[2022-05-31T20:03:46.215+0200][gc,marking  ] GC(5) Concurrent Scan Root Regions 4.608ms
[2022-05-31T20:03:46.216+0200][gc,marking  ] GC(5) Concurrent Mark
[2022-05-31T20:03:46.216+0200][gc,marking  ] GC(5) Concurrent Mark From Roots
[2022-05-31T20:03:46.216+0200][gc,task     ] GC(5) Using 1 workers of 1 for marking
[2022-05-31T20:03:46.233+0200][gc,marking  ] GC(5) Concurrent Mark From Roots 17.173ms
[2022-05-31T20:03:46.233+0200][gc,marking  ] GC(5) Concurrent Preclean
[2022-05-31T20:03:46.233+0200][gc,marking  ] GC(5) Concurrent Preclean 0.165ms
[2022-05-31T20:03:46.233+0200][gc,start    ] GC(5) Pause Remark
[2022-05-31T20:03:46.236+0200][gc          ] GC(5) Pause Remark 144M->144M(1024M) 2.967ms
[2022-05-31T20:03:46.236+0200][gc,cpu      ] GC(5) User=0.01s Sys=0.00s Real=0.01s
[2022-05-31T20:03:46.236+0200][gc,marking  ] GC(5) Concurrent Mark 20.675ms
[2022-05-31T20:03:46.236+0200][gc,marking  ] GC(5) Concurrent Rebuild Remembered Sets
[2022-05-31T20:03:46.254+0200][gc,marking  ] GC(5) Concurrent Rebuild Remembered Sets 17.543ms
[2022-05-31T20:03:46.254+0200][gc,start    ] GC(5) Pause Cleanup
[2022-05-31T20:03:46.254+0200][gc          ] GC(5) Pause Cleanup 144M->144M(1024M) 0.191ms
[2022-05-31T20:03:46.254+0200][gc,cpu      ] GC(5) User=0.00s Sys=0.00s Real=0.00s
[2022-05-31T20:03:46.254+0200][gc,marking  ] GC(5) Concurrent Cleanup for Next Mark
[2022-05-31T20:03:46.267+0200][gc,marking  ] GC(5) Concurrent Cleanup for Next Mark 12.874ms
[2022-05-31T20:03:46.267+0200][gc          ] GC(5) Concurrent Mark Cycle 56.450ms
[2022-06-01T00:25:56.215+0200][gc,start    ] GC(6) Pause Young (Normal) (G1 Evacuation Pause)
[2022-06-01T00:25:56.215+0200][gc,task     ] GC(6) Using 4 workers of 4 for evacuation
[2022-06-01T00:25:56.242+0200][gc,mmu      ] GC(6) MMU target violated: 21.0ms (20.0ms/21.0ms)
[2022-06-01T00:25:56.242+0200][gc,phases   ] GC(6)   Pre Evacuate Collection Set: 0.6ms
[2022-06-01T00:25:56.242+0200][gc,phases   ] GC(6)   Merge Heap Roots: 0.3ms
[2022-06-01T00:25:56.242+0200][gc,phases   ] GC(6)   Evacuate Collection Set: 24.6ms
[2022-06-01T00:25:56.242+0200][gc,phases   ] GC(6)   Post Evacuate Collection Set: 1.2ms
[2022-06-01T00:25:56.242+0200][gc,phases   ] GC(6)   Other: 0.6ms
[2022-06-01T00:25:56.242+0200][gc,heap     ] GC(6) Eden regions: 49->0(49)
[2022-06-01T00:25:56.242+0200][gc,heap     ] GC(6) Survivor regions: 2->2(7)
[2022-06-01T00:25:56.242+0200][gc,heap     ] GC(6) Old regions: 13->13
[2022-06-01T00:25:56.242+0200][gc,heap     ] GC(6) Archive regions: 2->2
[2022-06-01T00:25:56.242+0200][gc,heap     ] GC(6) Humongous regions: 141->129
[2022-06-01T00:25:56.242+0200][gc,metaspace] GC(6) Metaspace: 37701K(38080K)->37701K(38080K) NonClass: 33453K(33664K)->33453K(33664K) Class: 4247K(4416K)->4247K(4416K)
[2022-06-01T00:25:56.242+0200][gc          ] GC(6) Pause Young (Normal) (G1 Evacuation Pause) 204M->143M(1024M) 27.433ms
[2022-06-01T00:25:56.242+0200][gc,cpu      ] GC(6) User=0.04s Sys=0.00s Real=0.03s
