[2022-05-31T17:53:17.263+0200][gc] Using G1
[2022-05-31T17:53:17.271+0200][gc,init] Version: 16.0.2+7-67 (release)
[2022-05-31T17:53:17.271+0200][gc,init] CPUs: 4 total, 4 available
[2022-05-31T17:53:17.271+0200][gc,init] Memory: 7825M
[2022-05-31T17:53:17.271+0200][gc,init] Large Page Support: Disabled
[2022-05-31T17:53:17.271+0200][gc,init] NUMA Support: Disabled
[2022-05-31T17:53:17.271+0200][gc,init] Compressed Oops: Enabled (32-bit)
[2022-05-31T17:53:17.271+0200][gc,init] Heap Region Size: 1M
[2022-05-31T17:53:17.271+0200][gc,init] Heap Min Capacity: 1G
[2022-05-31T17:53:17.271+0200][gc,init] Heap Initial Capacity: 1G
[2022-05-31T17:53:17.271+0200][gc,init] Heap Max Capacity: 1G
[2022-05-31T17:53:17.271+0200][gc,init] Pre-touch: Disabled
[2022-05-31T17:53:17.272+0200][gc,init] Parallel Workers: 4
[2022-05-31T17:53:17.272+0200][gc,init] Concurrent Workers: 1
[2022-05-31T17:53:17.272+0200][gc,init] Concurrent Refinement Workers: 4
[2022-05-31T17:53:17.272+0200][gc,init] Periodic GC: Disabled
[2022-05-31T17:53:17.272+0200][gc,metaspace] CDS archive(s) mapped at: [0x0000000800000000-0x0000000800bc3000-0x0000000800bc3000), size 12333056, SharedBaseAddress: 0x0000000800000000, ArchiveRelocationMode: 0.
[2022-05-31T17:53:17.272+0200][gc,metaspace] Compressed class space mapped at: 0x0000000800c00000-0x0000000840c00000, reserved size: 1073741824
[2022-05-31T17:53:17.272+0200][gc,metaspace] Narrow klass base: 0x0000000800000000, Narrow klass shift: 3, Narrow klass range: 0x100000000
[2022-05-31T17:53:18.785+0200][gc,start    ] GC(0) Pause Young (Normal) (G1 Evacuation Pause)
[2022-05-31T17:53:18.785+0200][gc,task     ] GC(0) Using 4 workers of 4 for evacuation
[2022-05-31T17:53:18.796+0200][gc,phases   ] GC(0)   Pre Evacuate Collection Set: 0.1ms
[2022-05-31T17:53:18.796+0200][gc,phases   ] GC(0)   Merge Heap Roots: 0.0ms
[2022-05-31T17:53:18.796+0200][gc,phases   ] GC(0)   Evacuate Collection Set: 9.9ms
[2022-05-31T17:53:18.796+0200][gc,phases   ] GC(0)   Post Evacuate Collection Set: 0.9ms
[2022-05-31T17:53:18.796+0200][gc,phases   ] GC(0)   Other: 0.6ms
[2022-05-31T17:53:18.796+0200][gc,heap     ] GC(0) Eden regions: 51->0(44)
[2022-05-31T17:53:18.796+0200][gc,heap     ] GC(0) Survivor regions: 0->7(7)
[2022-05-31T17:53:18.796+0200][gc,heap     ] GC(0) Old regions: 0->0
[2022-05-31T17:53:18.796+0200][gc,heap     ] GC(0) Archive regions: 2->2
[2022-05-31T17:53:18.796+0200][gc,heap     ] GC(0) Humongous regions: 0->0
[2022-05-31T17:53:18.796+0200][gc,metaspace] GC(0) Metaspace: 18845K(19072K)->18845K(19072K) NonClass: 16620K(16768K)->16620K(16768K) Class: 2225K(2304K)->2225K(2304K)
[2022-05-31T17:53:18.797+0200][gc          ] GC(0) Pause Young (Normal) (G1 Evacuation Pause) 51M->7M(1024M) 11.696ms
[2022-05-31T17:53:18.797+0200][gc,cpu      ] GC(0) User=0.02s Sys=0.01s Real=0.01s
[2022-05-31T17:53:19.158+0200][gc,start    ] GC(1) Pause Young (Concurrent Start) (Metadata GC Threshold)
[2022-05-31T17:53:19.158+0200][gc,task     ] GC(1) Using 4 workers of 4 for evacuation
[2022-05-31T17:53:19.170+0200][gc,phases   ] GC(1)   Pre Evacuate Collection Set: 0.2ms
[2022-05-31T17:53:19.170+0200][gc,phases   ] GC(1)   Merge Heap Roots: 0.0ms
[2022-05-31T17:53:19.170+0200][gc,phases   ] GC(1)   Evacuate Collection Set: 10.8ms
[2022-05-31T17:53:19.170+0200][gc,phases   ] GC(1)   Post Evacuate Collection Set: 0.7ms
[2022-05-31T17:53:19.170+0200][gc,phases   ] GC(1)   Other: 0.2ms
[2022-05-31T17:53:19.170+0200][gc,heap     ] GC(1) Eden regions: 10->0(50)
[2022-05-31T17:53:19.170+0200][gc,heap     ] GC(1) Survivor regions: 7->1(7)
[2022-05-31T17:53:19.170+0200][gc,heap     ] GC(1) Old regions: 0->7
[2022-05-31T17:53:19.170+0200][gc,heap     ] GC(1) Archive regions: 2->2
[2022-05-31T17:53:19.170+0200][gc,heap     ] GC(1) Humongous regions: 0->0
[2022-05-31T17:53:19.170+0200][gc,metaspace] GC(1) Metaspace: 21026K(21248K)->21026K(21248K) NonClass: 18503K(18624K)->18503K(18624K) Class: 2522K(2624K)->2522K(2624K)
[2022-05-31T17:53:19.170+0200][gc          ] GC(1) Pause Young (Concurrent Start) (Metadata GC Threshold) 17M->8M(1024M) 12.080ms
[2022-05-31T17:53:19.170+0200][gc,cpu      ] GC(1) User=0.02s Sys=0.01s Real=0.01s
[2022-05-31T17:53:19.170+0200][gc          ] GC(2) Concurrent Mark Cycle
[2022-05-31T17:53:19.170+0200][gc,marking  ] GC(2) Concurrent Clear Claimed Marks
[2022-05-31T17:53:19.170+0200][gc,marking  ] GC(2) Concurrent Clear Claimed Marks 0.025ms
[2022-05-31T17:53:19.170+0200][gc,marking  ] GC(2) Concurrent Scan Root Regions
[2022-05-31T17:53:19.176+0200][gc,marking  ] GC(2) Concurrent Scan Root Regions 5.622ms
[2022-05-31T17:53:19.176+0200][gc,marking  ] GC(2) Concurrent Mark
[2022-05-31T17:53:19.176+0200][gc,marking  ] GC(2) Concurrent Mark From Roots
[2022-05-31T17:53:19.176+0200][gc,task     ] GC(2) Using 1 workers of 1 for marking
[2022-05-31T17:53:19.179+0200][gc,marking  ] GC(2) Concurrent Mark From Roots 3.145ms
[2022-05-31T17:53:19.179+0200][gc,marking  ] GC(2) Concurrent Preclean
[2022-05-31T17:53:19.179+0200][gc,marking  ] GC(2) Concurrent Preclean 0.086ms
[2022-05-31T17:53:19.271+0200][gc,start    ] GC(2) Pause Remark
[2022-05-31T17:53:19.274+0200][gc          ] GC(2) Pause Remark 138M->138M(1024M) 2.821ms
[2022-05-31T17:53:19.274+0200][gc,cpu      ] GC(2) User=0.01s Sys=0.00s Real=0.00s
[2022-05-31T17:53:19.275+0200][gc,marking  ] GC(2) Concurrent Mark 99.219ms
[2022-05-31T17:53:19.275+0200][gc,marking  ] GC(2) Concurrent Rebuild Remembered Sets
[2022-05-31T17:53:19.281+0200][gc,marking  ] GC(2) Concurrent Rebuild Remembered Sets 5.860ms
[2022-05-31T17:53:19.281+0200][gc,start    ] GC(2) Pause Cleanup
[2022-05-31T17:53:19.281+0200][gc          ] GC(2) Pause Cleanup 138M->138M(1024M) 0.221ms
[2022-05-31T17:53:19.281+0200][gc,cpu      ] GC(2) User=0.00s Sys=0.00s Real=0.01s
[2022-05-31T17:53:19.284+0200][gc,marking  ] GC(2) Concurrent Cleanup for Next Mark
[2022-05-31T17:53:19.304+0200][gc,marking  ] GC(2) Concurrent Cleanup for Next Mark 19.914ms
[2022-05-31T17:53:19.304+0200][gc          ] GC(2) Concurrent Mark Cycle 134.449ms
[2022-05-31T17:53:21.013+0200][gc,start    ] GC(3) Pause Young (Normal) (G1 Evacuation Pause)
[2022-05-31T17:53:21.013+0200][gc,task     ] GC(3) Using 4 workers of 4 for evacuation
[2022-05-31T17:53:21.027+0200][gc,phases   ] GC(3)   Pre Evacuate Collection Set: 0.8ms
[2022-05-31T17:53:21.027+0200][gc,phases   ] GC(3)   Merge Heap Roots: 0.3ms
[2022-05-31T17:53:21.027+0200][gc,phases   ] GC(3)   Evacuate Collection Set: 10.7ms
[2022-05-31T17:53:21.027+0200][gc,phases   ] GC(3)   Post Evacuate Collection Set: 1.5ms
[2022-05-31T17:53:21.027+0200][gc,phases   ] GC(3)   Other: 0.3ms
[2022-05-31T17:53:21.027+0200][gc,heap     ] GC(3) Eden regions: 50->0(45)
[2022-05-31T17:53:21.027+0200][gc,heap     ] GC(3) Survivor regions: 1->6(7)
[2022-05-31T17:53:21.027+0200][gc,heap     ] GC(3) Old regions: 7->7
[2022-05-31T17:53:21.027+0200][gc,heap     ] GC(3) Archive regions: 2->2
[2022-05-31T17:53:21.027+0200][gc,heap     ] GC(3) Humongous regions: 129->129
[2022-05-31T17:53:21.027+0200][gc,metaspace] GC(3) Metaspace: 32741K(32960K)->32741K(32960K) NonClass: 29128K(29248K)->29128K(29248K) Class: 3613K(3712K)->3613K(3712K)
[2022-05-31T17:53:21.027+0200][gc          ] GC(3) Pause Young (Normal) (G1 Evacuation Pause) 187M->142M(1024M) 13.844ms
[2022-05-31T17:53:21.027+0200][gc,cpu      ] GC(3) User=0.02s Sys=0.00s Real=0.01s
[2022-05-31T17:53:21.591+0200][gc,start    ] GC(4) Pause Young (Concurrent Start) (Metadata GC Threshold)
[2022-05-31T17:53:21.591+0200][gc,task     ] GC(4) Using 4 workers of 4 for evacuation
[2022-05-31T17:53:21.604+0200][gc,phases   ] GC(4)   Pre Evacuate Collection Set: 0.2ms
[2022-05-31T17:53:21.604+0200][gc,phases   ] GC(4)   Merge Heap Roots: 0.1ms
[2022-05-31T17:53:21.604+0200][gc,phases   ] GC(4)   Evacuate Collection Set: 12.2ms
[2022-05-31T17:53:21.604+0200][gc,phases   ] GC(4)   Post Evacuate Collection Set: 0.7ms
[2022-05-31T17:53:21.604+0200][gc,phases   ] GC(4)   Other: 0.2ms
[2022-05-31T17:53:21.604+0200][gc,heap     ] GC(4) Eden regions: 15->0(49)
[2022-05-31T17:53:21.604+0200][gc,heap     ] GC(4) Survivor regions: 6->2(7)
[2022-05-31T17:53:21.604+0200][gc,heap     ] GC(4) Old regions: 7->13
[2022-05-31T17:53:21.604+0200][gc,heap     ] GC(4) Archive regions: 2->2
[2022-05-31T17:53:21.604+0200][gc,heap     ] GC(4) Humongous regions: 129->129
[2022-05-31T17:53:21.604+0200][gc,metaspace] GC(4) Metaspace: 35213K(35520K)->35213K(35520K) NonClass: 31200K(31360K)->31200K(31360K) Class: 4013K(4160K)->4013K(4160K)
[2022-05-31T17:53:21.604+0200][gc          ] GC(4) Pause Young (Concurrent Start) (Metadata GC Threshold) 156M->143M(1024M) 13.626ms
[2022-05-31T17:53:21.604+0200][gc,cpu      ] GC(4) User=0.02s Sys=0.00s Real=0.02s
[2022-05-31T17:53:21.604+0200][gc          ] GC(5) Concurrent Mark Cycle
[2022-05-31T17:53:21.604+0200][gc,marking  ] GC(5) Concurrent Clear Claimed Marks
[2022-05-31T17:53:21.604+0200][gc,marking  ] GC(5) Concurrent Clear Claimed Marks 0.029ms
[2022-05-31T17:53:21.604+0200][gc,marking  ] GC(5) Concurrent Scan Root Regions
[2022-05-31T17:53:21.620+0200][gc,marking  ] GC(5) Concurrent Scan Root Regions 15.257ms
[2022-05-31T17:53:21.620+0200][gc,marking  ] GC(5) Concurrent Mark
[2022-05-31T17:53:21.620+0200][gc,marking  ] GC(5) Concurrent Mark From Roots
[2022-05-31T17:53:21.620+0200][gc,task     ] GC(5) Using 1 workers of 1 for marking
[2022-05-31T17:53:21.656+0200][gc,marking  ] GC(5) Concurrent Mark From Roots 36.043ms
[2022-05-31T17:53:21.656+0200][gc,marking  ] GC(5) Concurrent Preclean
[2022-05-31T17:53:21.656+0200][gc,marking  ] GC(5) Concurrent Preclean 0.151ms
[2022-05-31T17:53:21.660+0200][gc,start    ] GC(5) Pause Remark
[2022-05-31T17:53:21.663+0200][gc          ] GC(5) Pause Remark 144M->144M(1024M) 3.477ms
[2022-05-31T17:53:21.663+0200][gc,cpu      ] GC(5) User=0.00s Sys=0.00s Real=0.01s
[2022-05-31T17:53:21.663+0200][gc,marking  ] GC(5) Concurrent Mark 43.642ms
[2022-05-31T17:53:21.663+0200][gc,marking  ] GC(5) Concurrent Rebuild Remembered Sets
[2022-05-31T17:53:21.684+0200][gc,marking  ] GC(5) Concurrent Rebuild Remembered Sets 21.204ms
[2022-05-31T17:53:21.685+0200][gc,start    ] GC(5) Pause Cleanup
[2022-05-31T17:53:21.685+0200][gc          ] GC(5) Pause Cleanup 145M->145M(1024M) 0.244ms
[2022-05-31T17:53:21.685+0200][gc,cpu      ] GC(5) User=0.01s Sys=0.00s Real=0.00s
[2022-05-31T17:53:21.685+0200][gc,marking  ] GC(5) Concurrent Cleanup for Next Mark
[2022-05-31T17:53:21.711+0200][gc,marking  ] GC(5) Concurrent Cleanup for Next Mark 26.161ms
[2022-05-31T17:53:21.711+0200][gc          ] GC(5) Concurrent Mark Cycle 107.053ms
[2022-05-31T17:53:37.519+0200][gc,start    ] GC(6) Pause Young (Normal) (G1 Evacuation Pause)
[2022-05-31T17:53:37.519+0200][gc,task     ] GC(6) Using 4 workers of 4 for evacuation
[2022-05-31T17:53:37.528+0200][gc,phases   ] GC(6)   Pre Evacuate Collection Set: 0.3ms
[2022-05-31T17:53:37.528+0200][gc,phases   ] GC(6)   Merge Heap Roots: 0.1ms
[2022-05-31T17:53:37.528+0200][gc,phases   ] GC(6)   Evacuate Collection Set: 8.0ms
[2022-05-31T17:53:37.528+0200][gc,phases   ] GC(6)   Post Evacuate Collection Set: 0.6ms
[2022-05-31T17:53:37.528+0200][gc,phases   ] GC(6)   Other: 0.2ms
[2022-05-31T17:53:37.528+0200][gc,heap     ] GC(6) Eden regions: 49->0(48)
[2022-05-31T17:53:37.528+0200][gc,heap     ] GC(6) Survivor regions: 2->3(7)
[2022-05-31T17:53:37.528+0200][gc,heap     ] GC(6) Old regions: 13->13
[2022-05-31T17:53:37.528+0200][gc,heap     ] GC(6) Archive regions: 2->2
[2022-05-31T17:53:37.528+0200][gc,heap     ] GC(6) Humongous regions: 129->129
[2022-05-31T17:53:37.528+0200][gc,metaspace] GC(6) Metaspace: 38843K(39296K)->38843K(39296K) NonClass: 34288K(34560K)->34288K(34560K) Class: 4554K(4736K)->4554K(4736K)
[2022-05-31T17:53:37.528+0200][gc          ] GC(6) Pause Young (Normal) (G1 Evacuation Pause) 192M->144M(1024M) 9.256ms
[2022-05-31T17:53:37.528+0200][gc,cpu      ] GC(6) User=0.02s Sys=0.00s Real=0.01s
[2022-05-31T17:53:37.838+0200][gc,start    ] GC(7) Pause Young (Normal) (G1 Evacuation Pause)
[2022-05-31T17:53:37.838+0200][gc,task     ] GC(7) Using 4 workers of 4 for evacuation
[2022-05-31T17:53:37.844+0200][gc,phases   ] GC(7)   Pre Evacuate Collection Set: 0.2ms
[2022-05-31T17:53:37.844+0200][gc,phases   ] GC(7)   Merge Heap Roots: 0.1ms
[2022-05-31T17:53:37.844+0200][gc,phases   ] GC(7)   Evacuate Collection Set: 5.4ms
[2022-05-31T17:53:37.844+0200][gc,phases   ] GC(7)   Post Evacuate Collection Set: 0.8ms
[2022-05-31T17:53:37.844+0200][gc,phases   ] GC(7)   Other: 0.2ms
[2022-05-31T17:53:37.844+0200][gc,heap     ] GC(7) Eden regions: 48->0(48)
[2022-05-31T17:53:37.845+0200][gc,heap     ] GC(7) Survivor regions: 3->3(7)
[2022-05-31T17:53:37.845+0200][gc,heap     ] GC(7) Old regions: 13->13
[2022-05-31T17:53:37.845+0200][gc,heap     ] GC(7) Archive regions: 2->2
[2022-05-31T17:53:37.845+0200][gc,heap     ] GC(7) Humongous regions: 129->129
[2022-05-31T17:53:37.845+0200][gc,metaspace] GC(7) Metaspace: 38915K(39360K)->38915K(39360K) NonClass: 34361K(34624K)->34361K(34624K) Class: 4554K(4736K)->4554K(4736K)
[2022-05-31T17:53:37.845+0200][gc          ] GC(7) Pause Young (Normal) (G1 Evacuation Pause) 192M->144M(1024M) 6.951ms
[2022-05-31T17:53:37.845+0200][gc,cpu      ] GC(7) User=0.02s Sys=0.00s Real=0.01s
[2022-05-31T17:53:38.401+0200][gc,start    ] GC(8) Pause Young (Normal) (G1 Evacuation Pause)
[2022-05-31T17:53:38.401+0200][gc,task     ] GC(8) Using 4 workers of 4 for evacuation
[2022-05-31T17:53:38.405+0200][gc,phases   ] GC(8)   Pre Evacuate Collection Set: 0.2ms
[2022-05-31T17:53:38.405+0200][gc,phases   ] GC(8)   Merge Heap Roots: 0.1ms
[2022-05-31T17:53:38.405+0200][gc,phases   ] GC(8)   Evacuate Collection Set: 3.4ms
[2022-05-31T17:53:38.405+0200][gc,phases   ] GC(8)   Post Evacuate Collection Set: 0.7ms
[2022-05-31T17:53:38.405+0200][gc,phases   ] GC(8)   Other: 0.2ms
[2022-05-31T17:53:38.405+0200][gc,heap     ] GC(8) Eden regions: 48->0(48)
[2022-05-31T17:53:38.405+0200][gc,heap     ] GC(8) Survivor regions: 3->3(7)
[2022-05-31T17:53:38.405+0200][gc,heap     ] GC(8) Old regions: 13->13
[2022-05-31T17:53:38.405+0200][gc,heap     ] GC(8) Archive regions: 2->2
[2022-05-31T17:53:38.405+0200][gc,heap     ] GC(8) Humongous regions: 129->129
[2022-05-31T17:53:38.405+0200][gc,metaspace] GC(8) Metaspace: 39078K(39552K)->39078K(39552K) NonClass: 34523K(34816K)->34523K(34816K) Class: 4555K(4736K)->4555K(4736K)
[2022-05-31T17:53:38.405+0200][gc          ] GC(8) Pause Young (Normal) (G1 Evacuation Pause) 192M->144M(1024M) 4.681ms
[2022-05-31T17:53:38.405+0200][gc,cpu      ] GC(8) User=0.02s Sys=0.00s Real=0.01s
[2022-05-31T17:53:38.947+0200][gc,start    ] GC(9) Pause Young (Normal) (G1 Evacuation Pause)
[2022-05-31T17:53:38.947+0200][gc,task     ] GC(9) Using 4 workers of 4 for evacuation
[2022-05-31T17:53:38.952+0200][gc,phases   ] GC(9)   Pre Evacuate Collection Set: 0.1ms
[2022-05-31T17:53:38.952+0200][gc,phases   ] GC(9)   Merge Heap Roots: 0.1ms
[2022-05-31T17:53:38.952+0200][gc,phases   ] GC(9)   Evacuate Collection Set: 4.2ms
[2022-05-31T17:53:38.952+0200][gc,phases   ] GC(9)   Post Evacuate Collection Set: 0.6ms
[2022-05-31T17:53:38.952+0200][gc,phases   ] GC(9)   Other: 0.2ms
[2022-05-31T17:53:38.952+0200][gc,heap     ] GC(9) Eden regions: 48->0(50)
[2022-05-31T17:53:38.952+0200][gc,heap     ] GC(9) Survivor regions: 3->3(7)
[2022-05-31T17:53:38.952+0200][gc,heap     ] GC(9) Old regions: 13->13
[2022-05-31T17:53:38.952+0200][gc,heap     ] GC(9) Archive regions: 2->2
[2022-05-31T17:53:38.952+0200][gc,heap     ] GC(9) Humongous regions: 129->129
[2022-05-31T17:53:38.952+0200][gc,metaspace] GC(9) Metaspace: 39232K(39680K)->39232K(39680K) NonClass: 34677K(34944K)->34677K(34944K) Class: 4555K(4736K)->4555K(4736K)
[2022-05-31T17:53:38.952+0200][gc          ] GC(9) Pause Young (Normal) (G1 Evacuation Pause) 192M->144M(1024M) 5.325ms
[2022-05-31T17:53:38.952+0200][gc,cpu      ] GC(9) User=0.01s Sys=0.00s Real=0.01s
[2022-05-31T17:53:39.491+0200][gc,start    ] GC(10) Pause Young (Normal) (G1 Evacuation Pause)
[2022-05-31T17:53:39.491+0200][gc,task     ] GC(10) Using 4 workers of 4 for evacuation
[2022-05-31T17:53:39.495+0200][gc,phases   ] GC(10)   Pre Evacuate Collection Set: 0.1ms
[2022-05-31T17:53:39.495+0200][gc,phases   ] GC(10)   Merge Heap Roots: 0.1ms
[2022-05-31T17:53:39.495+0200][gc,phases   ] GC(10)   Evacuate Collection Set: 3.6ms
[2022-05-31T17:53:39.495+0200][gc,phases   ] GC(10)   Post Evacuate Collection Set: 0.5ms
[2022-05-31T17:53:39.495+0200][gc,phases   ] GC(10)   Other: 0.1ms
[2022-05-31T17:53:39.495+0200][gc,heap     ] GC(10) Eden regions: 50->0(65)
[2022-05-31T17:53:39.495+0200][gc,heap     ] GC(10) Survivor regions: 3->3(7)
[2022-05-31T17:53:39.495+0200][gc,heap     ] GC(10) Old regions: 13->13
[2022-05-31T17:53:39.495+0200][gc,heap     ] GC(10) Archive regions: 2->2
[2022-05-31T17:53:39.495+0200][gc,heap     ] GC(10) Humongous regions: 129->129
[2022-05-31T17:53:39.495+0200][gc,metaspace] GC(10) Metaspace: 39293K(39744K)->39293K(39744K) NonClass: 34738K(35008K)->34738K(35008K) Class: 4555K(4736K)->4555K(4736K)
[2022-05-31T17:53:39.495+0200][gc          ] GC(10) Pause Young (Normal) (G1 Evacuation Pause) 194M->144M(1024M) 4.627ms
[2022-05-31T17:53:39.495+0200][gc,cpu      ] GC(10) User=0.01s Sys=0.00s Real=0.01s
[2022-05-31T17:53:40.220+0200][gc,start    ] GC(11) Pause Young (Normal) (G1 Evacuation Pause)
[2022-05-31T17:53:40.220+0200][gc,task     ] GC(11) Using 4 workers of 4 for evacuation
[2022-05-31T17:53:40.230+0200][gc,phases   ] GC(11)   Pre Evacuate Collection Set: 0.2ms
[2022-05-31T17:53:40.230+0200][gc,phases   ] GC(11)   Merge Heap Roots: 0.1ms
[2022-05-31T17:53:40.230+0200][gc,phases   ] GC(11)   Evacuate Collection Set: 9.5ms
[2022-05-31T17:53:40.230+0200][gc,phases   ] GC(11)   Post Evacuate Collection Set: 0.8ms
[2022-05-31T17:53:40.230+0200][gc,phases   ] GC(11)   Other: 0.2ms
[2022-05-31T17:53:40.230+0200][gc,heap     ] GC(11) Eden regions: 65->0(181)
[2022-05-31T17:53:40.230+0200][gc,heap     ] GC(11) Survivor regions: 3->3(9)
[2022-05-31T17:53:40.230+0200][gc,heap     ] GC(11) Old regions: 13->13
[2022-05-31T17:53:40.230+0200][gc,heap     ] GC(11) Archive regions: 2->2
[2022-05-31T17:53:40.230+0200][gc,heap     ] GC(11) Humongous regions: 129->129
[2022-05-31T17:53:40.230+0200][gc,metaspace] GC(11) Metaspace: 39698K(40128K)->39698K(40128K) NonClass: 35143K(35392K)->35143K(35392K) Class: 4555K(4736K)->4555K(4736K)
[2022-05-31T17:53:40.230+0200][gc          ] GC(11) Pause Young (Normal) (G1 Evacuation Pause) 209M->144M(1024M) 10.844ms
[2022-05-31T17:53:40.230+0200][gc,cpu      ] GC(11) User=0.01s Sys=0.01s Real=0.01s
[2022-05-31T17:53:42.251+0200][gc,start    ] GC(12) Pause Young (Normal) (G1 Evacuation Pause)
[2022-05-31T17:53:42.251+0200][gc,task     ] GC(12) Using 4 workers of 4 for evacuation
[2022-05-31T17:53:42.261+0200][gc,phases   ] GC(12)   Pre Evacuate Collection Set: 0.2ms
[2022-05-31T17:53:42.261+0200][gc,phases   ] GC(12)   Merge Heap Roots: 0.1ms
[2022-05-31T17:53:42.261+0200][gc,phases   ] GC(12)   Evacuate Collection Set: 8.1ms
[2022-05-31T17:53:42.261+0200][gc,phases   ] GC(12)   Post Evacuate Collection Set: 1.0ms
[2022-05-31T17:53:42.261+0200][gc,phases   ] GC(12)   Other: 0.2ms
[2022-05-31T17:53:42.261+0200][gc,heap     ] GC(12) Eden regions: 181->0(424)
[2022-05-31T17:53:42.261+0200][gc,heap     ] GC(12) Survivor regions: 3->3(23)
[2022-05-31T17:53:42.261+0200][gc,heap     ] GC(12) Old regions: 13->13
[2022-05-31T17:53:42.261+0200][gc,heap     ] GC(12) Archive regions: 2->2
[2022-05-31T17:53:42.261+0200][gc,heap     ] GC(12) Humongous regions: 129->129
[2022-05-31T17:53:42.261+0200][gc,metaspace] GC(12) Metaspace: 39861K(40320K)->39861K(40320K) NonClass: 35306K(35584K)->35306K(35584K) Class: 4555K(4736K)->4555K(4736K)
[2022-05-31T17:53:42.261+0200][gc          ] GC(12) Pause Young (Normal) (G1 Evacuation Pause) 325M->145M(1024M) 9.750ms
[2022-05-31T17:53:42.261+0200][gc,cpu      ] GC(12) User=0.02s Sys=0.01s Real=0.00s
[2022-05-31T17:53:47.041+0200][gc,start    ] GC(13) Pause Young (Normal) (G1 Evacuation Pause)
[2022-05-31T17:53:47.042+0200][gc,task     ] GC(13) Using 4 workers of 4 for evacuation
[2022-05-31T17:53:47.047+0200][gc,phases   ] GC(13)   Pre Evacuate Collection Set: 0.2ms
[2022-05-31T17:53:47.047+0200][gc,phases   ] GC(13)   Merge Heap Roots: 0.1ms
[2022-05-31T17:53:47.047+0200][gc,phases   ] GC(13)   Evacuate Collection Set: 4.2ms
[2022-05-31T17:53:47.047+0200][gc,phases   ] GC(13)   Post Evacuate Collection Set: 1.0ms
[2022-05-31T17:53:47.047+0200][gc,phases   ] GC(13)   Other: 0.6ms
[2022-05-31T17:53:47.047+0200][gc,heap     ] GC(13) Eden regions: 424->0(611)
[2022-05-31T17:53:47.047+0200][gc,heap     ] GC(13) Survivor regions: 3->3(54)
[2022-05-31T17:53:47.047+0200][gc,heap     ] GC(13) Old regions: 13->13
[2022-05-31T17:53:47.048+0200][gc,heap     ] GC(13) Archive regions: 2->2
[2022-05-31T17:53:47.048+0200][gc,heap     ] GC(13) Humongous regions: 129->129
[2022-05-31T17:53:47.048+0200][gc,metaspace] GC(13) Metaspace: 39899K(40384K)->39899K(40384K) NonClass: 35344K(35648K)->35344K(35648K) Class: 4555K(4736K)->4555K(4736K)
[2022-05-31T17:53:47.048+0200][gc          ] GC(13) Pause Young (Normal) (G1 Evacuation Pause) 569M->144M(1024M) 6.295ms
[2022-05-31T17:53:47.048+0200][gc,cpu      ] GC(13) User=0.02s Sys=0.00s Real=0.00s
[2022-05-31T17:53:53.770+0200][gc,start    ] GC(14) Pause Young (Normal) (G1 Evacuation Pause)
[2022-05-31T17:53:53.770+0200][gc,task     ] GC(14) Using 4 workers of 4 for evacuation
[2022-05-31T17:53:53.782+0200][gc,phases   ] GC(14)   Pre Evacuate Collection Set: 0.2ms
[2022-05-31T17:53:53.782+0200][gc,phases   ] GC(14)   Merge Heap Roots: 0.1ms
[2022-05-31T17:53:53.782+0200][gc,phases   ] GC(14)   Evacuate Collection Set: 10.3ms
[2022-05-31T17:53:53.782+0200][gc,phases   ] GC(14)   Post Evacuate Collection Set: 1.0ms
[2022-05-31T17:53:53.782+0200][gc,phases   ] GC(14)   Other: 0.3ms
[2022-05-31T17:53:53.782+0200][gc,heap     ] GC(14) Eden regions: 611->0(610)
[2022-05-31T17:53:53.782+0200][gc,heap     ] GC(14) Survivor regions: 3->4(77)
[2022-05-31T17:53:53.782+0200][gc,heap     ] GC(14) Old regions: 13->13
[2022-05-31T17:53:53.782+0200][gc,heap     ] GC(14) Archive regions: 2->2
[2022-05-31T17:53:53.782+0200][gc,heap     ] GC(14) Humongous regions: 129->129
[2022-05-31T17:53:53.782+0200][gc,metaspace] GC(14) Metaspace: 40015K(40512K)->40015K(40512K) NonClass: 35426K(35712K)->35426K(35712K) Class: 4589K(4800K)->4589K(4800K)
[2022-05-31T17:53:53.782+0200][gc          ] GC(14) Pause Young (Normal) (G1 Evacuation Pause) 755M->145M(1024M) 12.020ms
[2022-05-31T17:53:53.782+0200][gc,cpu      ] GC(14) User=0.01s Sys=0.00s Real=0.02s
[2022-05-31T17:54:00.118+0200][gc,start    ] GC(15) Pause Young (Normal) (G1 Evacuation Pause)
[2022-05-31T17:54:00.118+0200][gc,task     ] GC(15) Using 4 workers of 4 for evacuation
[2022-05-31T17:54:00.124+0200][gc,phases   ] GC(15)   Pre Evacuate Collection Set: 0.1ms
[2022-05-31T17:54:00.124+0200][gc,phases   ] GC(15)   Merge Heap Roots: 0.1ms
[2022-05-31T17:54:00.124+0200][gc,phases   ] GC(15)   Evacuate Collection Set: 5.1ms
[2022-05-31T17:54:00.124+0200][gc,phases   ] GC(15)   Post Evacuate Collection Set: 1.3ms
[2022-05-31T17:54:00.124+0200][gc,phases   ] GC(15)   Other: 0.2ms
[2022-05-31T17:54:00.124+0200][gc,heap     ] GC(15) Eden regions: 610->0(611)
[2022-05-31T17:54:00.124+0200][gc,heap     ] GC(15) Survivor regions: 4->3(77)
[2022-05-31T17:54:00.124+0200][gc,heap     ] GC(15) Old regions: 13->13
[2022-05-31T17:54:00.124+0200][gc,heap     ] GC(15) Archive regions: 2->2
[2022-05-31T17:54:00.124+0200][gc,heap     ] GC(15) Humongous regions: 129->129
[2022-05-31T17:54:00.124+0200][gc,metaspace] GC(15) Metaspace: 40017K(40512K)->40017K(40512K) NonClass: 35427K(35712K)->35427K(35712K) Class: 4589K(4800K)->4589K(4800K)
[2022-05-31T17:54:00.124+0200][gc          ] GC(15) Pause Young (Normal) (G1 Evacuation Pause) 755M->145M(1024M) 6.924ms
[2022-05-31T17:54:00.124+0200][gc,cpu      ] GC(15) User=0.02s Sys=0.00s Real=0.01s
[2022-05-31T17:54:06.657+0200][gc,start    ] GC(16) Pause Young (Normal) (G1 Evacuation Pause)
[2022-05-31T17:54:06.657+0200][gc,task     ] GC(16) Using 4 workers of 4 for evacuation
[2022-05-31T17:54:06.665+0200][gc,phases   ] GC(16)   Pre Evacuate Collection Set: 0.1ms
[2022-05-31T17:54:06.665+0200][gc,phases   ] GC(16)   Merge Heap Roots: 0.1ms
[2022-05-31T17:54:06.665+0200][gc,phases   ] GC(16)   Evacuate Collection Set: 6.9ms
[2022-05-31T17:54:06.665+0200][gc,phases   ] GC(16)   Post Evacuate Collection Set: 1.0ms
[2022-05-31T17:54:06.665+0200][gc,phases   ] GC(16)   Other: 0.2ms
[2022-05-31T17:54:06.666+0200][gc,heap     ] GC(16) Eden regions: 611->0(610)
[2022-05-31T17:54:06.666+0200][gc,heap     ] GC(16) Survivor regions: 3->4(77)
[2022-05-31T17:54:06.666+0200][gc,heap     ] GC(16) Old regions: 13->13
[2022-05-31T17:54:06.666+0200][gc,heap     ] GC(16) Archive regions: 2->2
[2022-05-31T17:54:06.666+0200][gc,heap     ] GC(16) Humongous regions: 129->129
[2022-05-31T17:54:06.666+0200][gc,metaspace] GC(16) Metaspace: 40024K(40512K)->40024K(40512K) NonClass: 35434K(35712K)->35434K(35712K) Class: 4589K(4800K)->4589K(4800K)
[2022-05-31T17:54:06.666+0200][gc          ] GC(16) Pause Young (Normal) (G1 Evacuation Pause) 756M->145M(1024M) 8.405ms
[2022-05-31T17:54:06.666+0200][gc,cpu      ] GC(16) User=0.01s Sys=0.00s Real=0.01s
[2022-05-31T17:55:36.117+0200][gc,heap,exit] Heap
[2022-05-31T17:55:36.117+0200][gc,heap,exit]  garbage-first heap   total 1048576K, used 227537K [0x00000000c0000000, 0x0000000100000000)
[2022-05-31T17:55:36.117+0200][gc,heap,exit]   region size 1024K, 81 young (82944K), 4 survivors (4096K)
[2022-05-31T17:55:36.117+0200][gc,heap,exit]  Metaspace       used 41968K, committed 42560K, reserved 1089536K
[2022-05-31T17:55:36.117+0200][gc,heap,exit]   class space    used 4971K, committed 5248K, reserved 1048576K
