[2022-05-31T17:53:18.582+0200][gc] Using G1
[2022-05-31T17:53:18.590+0200][gc,init] Version: 16.0.2+7-67 (release)
[2022-05-31T17:53:18.590+0200][gc,init] CPUs: 4 total, 4 available
[2022-05-31T17:53:18.590+0200][gc,init] Memory: 7825M
[2022-05-31T17:53:18.590+0200][gc,init] Large Page Support: Disabled
[2022-05-31T17:53:18.590+0200][gc,init] NUMA Support: Disabled
[2022-05-31T17:53:18.590+0200][gc,init] Compressed Oops: Enabled (32-bit)
[2022-05-31T17:53:18.590+0200][gc,init] Heap Region Size: 1M
[2022-05-31T17:53:18.590+0200][gc,init] Heap Min Capacity: 1G
[2022-05-31T17:53:18.590+0200][gc,init] Heap Initial Capacity: 1G
[2022-05-31T17:53:18.590+0200][gc,init] Heap Max Capacity: 1G
[2022-05-31T17:53:18.590+0200][gc,init] Pre-touch: Disabled
[2022-05-31T17:53:18.590+0200][gc,init] Parallel Workers: 4
[2022-05-31T17:53:18.590+0200][gc,init] Concurrent Workers: 1
[2022-05-31T17:53:18.590+0200][gc,init] Concurrent Refinement Workers: 4
[2022-05-31T17:53:18.590+0200][gc,init] Periodic GC: Disabled
[2022-05-31T17:53:18.591+0200][gc,metaspace] CDS archive(s) mapped at: [0x0000000800000000-0x0000000800bc3000-0x0000000800bc3000), size 12333056, SharedBaseAddress: 0x0000000800000000, ArchiveRelocationMode: 0.
[2022-05-31T17:53:18.591+0200][gc,metaspace] Compressed class space mapped at: 0x0000000800c00000-0x0000000840c00000, reserved size: 1073741824
[2022-05-31T17:53:18.591+0200][gc,metaspace] Narrow klass base: 0x0000000800000000, Narrow klass shift: 3, Narrow klass range: 0x100000000
[2022-05-31T17:53:20.644+0200][gc,start    ] GC(0) Pause Young (Normal) (G1 Evacuation Pause)
[2022-05-31T17:53:20.646+0200][gc,task     ] GC(0) Using 4 workers of 4 for evacuation
[2022-05-31T17:53:20.664+0200][gc,phases   ] GC(0)   Pre Evacuate Collection Set: 0.2ms
[2022-05-31T17:53:20.664+0200][gc,phases   ] GC(0)   Merge Heap Roots: 0.1ms
[2022-05-31T17:53:20.664+0200][gc,phases   ] GC(0)   Evacuate Collection Set: 17.1ms
[2022-05-31T17:53:20.664+0200][gc,phases   ] GC(0)   Post Evacuate Collection Set: 0.8ms
[2022-05-31T17:53:20.664+0200][gc,phases   ] GC(0)   Other: 1.3ms
[2022-05-31T17:53:20.664+0200][gc,heap     ] GC(0) Eden regions: 51->0(44)
[2022-05-31T17:53:20.664+0200][gc,heap     ] GC(0) Survivor regions: 0->7(7)
[2022-05-31T17:53:20.664+0200][gc,heap     ] GC(0) Old regions: 0->0
[2022-05-31T17:53:20.664+0200][gc,heap     ] GC(0) Archive regions: 2->2
[2022-05-31T17:53:20.664+0200][gc,heap     ] GC(0) Humongous regions: 0->0
[2022-05-31T17:53:20.664+0200][gc,metaspace] GC(0) Metaspace: 18896K(19072K)->18896K(19072K) NonClass: 16667K(16768K)->16667K(16768K) Class: 2229K(2304K)->2229K(2304K)
[2022-05-31T17:53:20.664+0200][gc          ] GC(0) Pause Young (Normal) (G1 Evacuation Pause) 51M->7M(1024M) 19.591ms
[2022-05-31T17:53:20.664+0200][gc,cpu      ] GC(0) User=0.02s Sys=0.01s Real=0.02s
[2022-05-31T17:53:21.208+0200][gc,start    ] GC(1) Pause Young (Concurrent Start) (Metadata GC Threshold)
[2022-05-31T17:53:21.208+0200][gc,task     ] GC(1) Using 4 workers of 4 for evacuation
[2022-05-31T17:53:21.225+0200][gc,phases   ] GC(1)   Pre Evacuate Collection Set: 0.2ms
[2022-05-31T17:53:21.225+0200][gc,phases   ] GC(1)   Merge Heap Roots: 0.1ms
[2022-05-31T17:53:21.225+0200][gc,phases   ] GC(1)   Evacuate Collection Set: 14.6ms
[2022-05-31T17:53:21.225+0200][gc,phases   ] GC(1)   Post Evacuate Collection Set: 1.7ms
[2022-05-31T17:53:21.225+0200][gc,phases   ] GC(1)   Other: 0.3ms
[2022-05-31T17:53:21.225+0200][gc,heap     ] GC(1) Eden regions: 10->0(50)
[2022-05-31T17:53:21.225+0200][gc,heap     ] GC(1) Survivor regions: 7->1(7)
[2022-05-31T17:53:21.225+0200][gc,heap     ] GC(1) Old regions: 0->8
[2022-05-31T17:53:21.225+0200][gc,heap     ] GC(1) Archive regions: 2->2
[2022-05-31T17:53:21.225+0200][gc,heap     ] GC(1) Humongous regions: 0->0
[2022-05-31T17:53:21.225+0200][gc,metaspace] GC(1) Metaspace: 21047K(21248K)->21047K(21248K) NonClass: 18525K(18624K)->18525K(18624K) Class: 2522K(2624K)->2522K(2624K)
[2022-05-31T17:53:21.225+0200][gc          ] GC(1) Pause Young (Concurrent Start) (Metadata GC Threshold) 17M->8M(1024M) 17.050ms
[2022-05-31T17:53:21.225+0200][gc,cpu      ] GC(1) User=0.02s Sys=0.00s Real=0.02s
[2022-05-31T17:53:21.226+0200][gc          ] GC(2) Concurrent Mark Cycle
[2022-05-31T17:53:21.226+0200][gc,marking  ] GC(2) Concurrent Clear Claimed Marks
[2022-05-31T17:53:21.226+0200][gc,marking  ] GC(2) Concurrent Clear Claimed Marks 0.026ms
[2022-05-31T17:53:21.226+0200][gc,marking  ] GC(2) Concurrent Scan Root Regions
[2022-05-31T17:53:21.232+0200][gc,marking  ] GC(2) Concurrent Scan Root Regions 5.821ms
[2022-05-31T17:53:21.232+0200][gc,marking  ] GC(2) Concurrent Mark
[2022-05-31T17:53:21.232+0200][gc,marking  ] GC(2) Concurrent Mark From Roots
[2022-05-31T17:53:21.232+0200][gc,task     ] GC(2) Using 1 workers of 1 for marking
[2022-05-31T17:53:21.240+0200][gc,marking  ] GC(2) Concurrent Mark From Roots 8.195ms
[2022-05-31T17:53:21.241+0200][gc,marking  ] GC(2) Concurrent Preclean
[2022-05-31T17:53:21.241+0200][gc,marking  ] GC(2) Concurrent Preclean 0.109ms
[2022-05-31T17:53:21.330+0200][gc,start    ] GC(2) Pause Remark
[2022-05-31T17:53:21.340+0200][gc          ] GC(2) Pause Remark 138M->138M(1024M) 9.607ms
[2022-05-31T17:53:21.340+0200][gc,cpu      ] GC(2) User=0.00s Sys=0.01s Real=0.01s
[2022-05-31T17:53:21.340+0200][gc,marking  ] GC(2) Concurrent Mark 108.669ms
[2022-05-31T17:53:21.340+0200][gc,marking  ] GC(2) Concurrent Rebuild Remembered Sets
[2022-05-31T17:53:21.352+0200][gc,marking  ] GC(2) Concurrent Rebuild Remembered Sets 11.344ms
[2022-05-31T17:53:21.359+0200][gc,start    ] GC(2) Pause Cleanup
[2022-05-31T17:53:21.359+0200][gc          ] GC(2) Pause Cleanup 139M->139M(1024M) 0.292ms
[2022-05-31T17:53:21.359+0200][gc,cpu      ] GC(2) User=0.00s Sys=0.00s Real=0.00s
[2022-05-31T17:53:21.359+0200][gc,marking  ] GC(2) Concurrent Cleanup for Next Mark
[2022-05-31T17:53:21.395+0200][gc,marking  ] GC(2) Concurrent Cleanup for Next Mark 35.742ms
[2022-05-31T17:53:21.395+0200][gc          ] GC(2) Concurrent Mark Cycle 169.670ms
[2022-05-31T17:53:23.301+0200][gc,start    ] GC(3) Pause Young (Normal) (G1 Evacuation Pause)
[2022-05-31T17:53:23.301+0200][gc,task     ] GC(3) Using 4 workers of 4 for evacuation
[2022-05-31T17:53:23.308+0200][gc,phases   ] GC(3)   Pre Evacuate Collection Set: 0.1ms
[2022-05-31T17:53:23.308+0200][gc,phases   ] GC(3)   Merge Heap Roots: 0.1ms
[2022-05-31T17:53:23.308+0200][gc,phases   ] GC(3)   Evacuate Collection Set: 5.8ms
[2022-05-31T17:53:23.308+0200][gc,phases   ] GC(3)   Post Evacuate Collection Set: 0.6ms
[2022-05-31T17:53:23.308+0200][gc,phases   ] GC(3)   Other: 0.1ms
[2022-05-31T17:53:23.308+0200][gc,heap     ] GC(3) Eden regions: 50->0(45)
[2022-05-31T17:53:23.308+0200][gc,heap     ] GC(3) Survivor regions: 1->6(7)
[2022-05-31T17:53:23.308+0200][gc,heap     ] GC(3) Old regions: 8->8
[2022-05-31T17:53:23.308+0200][gc,heap     ] GC(3) Archive regions: 2->2
[2022-05-31T17:53:23.308+0200][gc,heap     ] GC(3) Humongous regions: 129->129
[2022-05-31T17:53:23.308+0200][gc,metaspace] GC(3) Metaspace: 32739K(33024K)->32739K(33024K) NonClass: 29141K(29312K)->29141K(29312K) Class: 3598K(3712K)->3598K(3712K)
[2022-05-31T17:53:23.308+0200][gc          ] GC(3) Pause Young (Normal) (G1 Evacuation Pause) 187M->142M(1024M) 6.829ms
[2022-05-31T17:53:23.308+0200][gc,cpu      ] GC(3) User=0.03s Sys=0.00s Real=0.00s
[2022-05-31T17:53:23.581+0200][gc,start    ] GC(4) Pause Young (Concurrent Start) (Metadata GC Threshold)
[2022-05-31T17:53:23.581+0200][gc,task     ] GC(4) Using 4 workers of 4 for evacuation
[2022-05-31T17:53:23.592+0200][gc,phases   ] GC(4)   Pre Evacuate Collection Set: 0.2ms
[2022-05-31T17:53:23.592+0200][gc,phases   ] GC(4)   Merge Heap Roots: 0.1ms
[2022-05-31T17:53:23.592+0200][gc,phases   ] GC(4)   Evacuate Collection Set: 9.6ms
[2022-05-31T17:53:23.592+0200][gc,phases   ] GC(4)   Post Evacuate Collection Set: 0.7ms
[2022-05-31T17:53:23.592+0200][gc,phases   ] GC(4)   Other: 0.2ms
[2022-05-31T17:53:23.592+0200][gc,heap     ] GC(4) Eden regions: 13->0(50)
[2022-05-31T17:53:23.592+0200][gc,heap     ] GC(4) Survivor regions: 6->1(7)
[2022-05-31T17:53:23.592+0200][gc,heap     ] GC(4) Old regions: 8->13
[2022-05-31T17:53:23.592+0200][gc,heap     ] GC(4) Archive regions: 2->2
[2022-05-31T17:53:23.592+0200][gc,heap     ] GC(4) Humongous regions: 129->129
[2022-05-31T17:53:23.592+0200][gc,metaspace] GC(4) Metaspace: 35197K(35520K)->35197K(35520K) NonClass: 31263K(31424K)->31263K(31424K) Class: 3933K(4096K)->3933K(4096K)
[2022-05-31T17:53:23.592+0200][gc          ] GC(4) Pause Young (Concurrent Start) (Metadata GC Threshold) 154M->143M(1024M) 10.966ms
[2022-05-31T17:53:23.592+0200][gc,cpu      ] GC(4) User=0.03s Sys=0.00s Real=0.02s
[2022-05-31T17:53:23.592+0200][gc          ] GC(5) Concurrent Mark Cycle
[2022-05-31T17:53:23.592+0200][gc,marking  ] GC(5) Concurrent Clear Claimed Marks
[2022-05-31T17:53:23.592+0200][gc,marking  ] GC(5) Concurrent Clear Claimed Marks 0.033ms
[2022-05-31T17:53:23.592+0200][gc,marking  ] GC(5) Concurrent Scan Root Regions
[2022-05-31T17:53:23.605+0200][gc,marking  ] GC(5) Concurrent Scan Root Regions 13.289ms
[2022-05-31T17:53:23.605+0200][gc,marking  ] GC(5) Concurrent Mark
[2022-05-31T17:53:23.605+0200][gc,marking  ] GC(5) Concurrent Mark From Roots
[2022-05-31T17:53:23.605+0200][gc,task     ] GC(5) Using 1 workers of 1 for marking
[2022-05-31T17:53:23.644+0200][gc,marking  ] GC(5) Concurrent Mark From Roots 38.541ms
[2022-05-31T17:53:23.644+0200][gc,marking  ] GC(5) Concurrent Preclean
[2022-05-31T17:53:23.644+0200][gc,marking  ] GC(5) Concurrent Preclean 0.140ms
[2022-05-31T17:53:23.644+0200][gc,start    ] GC(5) Pause Remark
[2022-05-31T17:53:23.651+0200][gc          ] GC(5) Pause Remark 144M->144M(1024M) 6.442ms
[2022-05-31T17:53:23.651+0200][gc,cpu      ] GC(5) User=0.02s Sys=0.00s Real=0.00s
[2022-05-31T17:53:23.651+0200][gc,marking  ] GC(5) Concurrent Mark 46.232ms
[2022-05-31T17:53:23.651+0200][gc,marking  ] GC(5) Concurrent Rebuild Remembered Sets
[2022-05-31T17:53:23.671+0200][gc,marking  ] GC(5) Concurrent Rebuild Remembered Sets 19.729ms
[2022-05-31T17:53:23.672+0200][gc,start    ] GC(5) Pause Cleanup
[2022-05-31T17:53:23.672+0200][gc          ] GC(5) Pause Cleanup 145M->145M(1024M) 0.236ms
[2022-05-31T17:53:23.672+0200][gc,cpu      ] GC(5) User=0.00s Sys=0.00s Real=0.00s
[2022-05-31T17:53:23.672+0200][gc,marking  ] GC(5) Concurrent Cleanup for Next Mark
[2022-05-31T17:53:23.696+0200][gc,marking  ] GC(5) Concurrent Cleanup for Next Mark 24.457ms
[2022-05-31T17:53:23.696+0200][gc          ] GC(5) Concurrent Mark Cycle 104.607ms
[2022-05-31T17:55:34.090+0200][gc,heap,exit] Heap
[2022-05-31T17:55:34.090+0200][gc,heap,exit]  garbage-first heap   total 1048576K, used 169028K [0x00000000c0000000, 0x0000000100000000)
[2022-05-31T17:55:34.090+0200][gc,heap,exit]   region size 1024K, 23 young (23552K), 1 survivors (1024K)
[2022-05-31T17:55:34.090+0200][gc,heap,exit]  Metaspace       used 37156K, committed 37632K, reserved 1089536K
[2022-05-31T17:55:34.090+0200][gc,heap,exit]   class space    used 4255K, committed 4480K, reserved 1048576K
