[2022-05-31T20:03:34.408+0200][gc] Using G1
[2022-05-31T20:03:34.416+0200][gc,init] Version: 16.0.2+7-67 (release)
[2022-05-31T20:03:34.416+0200][gc,init] CPUs: 4 total, 4 available
[2022-05-31T20:03:34.416+0200][gc,init] Memory: 7825M
[2022-05-31T20:03:34.416+0200][gc,init] Large Page Support: Disabled
[2022-05-31T20:03:34.416+0200][gc,init] NUMA Support: Disabled
[2022-05-31T20:03:34.416+0200][gc,init] Compressed Oops: Enabled (32-bit)
[2022-05-31T20:03:34.416+0200][gc,init] Heap Region Size: 1M
[2022-05-31T20:03:34.416+0200][gc,init] Heap Min Capacity: 1G
[2022-05-31T20:03:34.416+0200][gc,init] Heap Initial Capacity: 1G
[2022-05-31T20:03:34.416+0200][gc,init] Heap Max Capacity: 1G
[2022-05-31T20:03:34.416+0200][gc,init] Pre-touch: Disabled
[2022-05-31T20:03:34.416+0200][gc,init] Parallel Workers: 4
[2022-05-31T20:03:34.416+0200][gc,init] Concurrent Workers: 1
[2022-05-31T20:03:34.416+0200][gc,init] Concurrent Refinement Workers: 4
[2022-05-31T20:03:34.416+0200][gc,init] Periodic GC: Disabled
[2022-05-31T20:03:34.416+0200][gc,metaspace] CDS archive(s) mapped at: [0x0000000800000000-0x0000000800bc3000-0x0000000800bc3000), size 12333056, SharedBaseAddress: 0x0000000800000000, ArchiveRelocationMode: 0.
[2022-05-31T20:03:34.416+0200][gc,metaspace] Compressed class space mapped at: 0x0000000800c00000-0x0000000840c00000, reserved size: 1073741824
[2022-05-31T20:03:34.416+0200][gc,metaspace] Narrow klass base: 0x0000000800000000, Narrow klass shift: 3, Narrow klass range: 0x100000000
[2022-05-31T20:03:36.172+0200][gc,start    ] GC(0) Pause Young (Normal) (G1 Evacuation Pause)
[2022-05-31T20:03:36.173+0200][gc,task     ] GC(0) Using 4 workers of 4 for evacuation
[2022-05-31T20:03:36.181+0200][gc,phases   ] GC(0)   Pre Evacuate Collection Set: 0.1ms
[2022-05-31T20:03:36.181+0200][gc,phases   ] GC(0)   Merge Heap Roots: 0.0ms
[2022-05-31T20:03:36.181+0200][gc,phases   ] GC(0)   Evacuate Collection Set: 7.2ms
[2022-05-31T20:03:36.181+0200][gc,phases   ] GC(0)   Post Evacuate Collection Set: 0.6ms
[2022-05-31T20:03:36.181+0200][gc,phases   ] GC(0)   Other: 0.7ms
[2022-05-31T20:03:36.181+0200][gc,heap     ] GC(0) Eden regions: 51->0(44)
[2022-05-31T20:03:36.181+0200][gc,heap     ] GC(0) Survivor regions: 0->7(7)
[2022-05-31T20:03:36.181+0200][gc,heap     ] GC(0) Old regions: 0->1
[2022-05-31T20:03:36.181+0200][gc,heap     ] GC(0) Archive regions: 2->2
[2022-05-31T20:03:36.181+0200][gc,heap     ] GC(0) Humongous regions: 0->0
[2022-05-31T20:03:36.181+0200][gc,metaspace] GC(0) Metaspace: 18875K(19072K)->18875K(19072K) NonClass: 16648K(16768K)->16648K(16768K) Class: 2227K(2304K)->2227K(2304K)
[2022-05-31T20:03:36.181+0200][gc          ] GC(0) Pause Young (Normal) (G1 Evacuation Pause) 51M->8M(1024M) 8.867ms
[2022-05-31T20:03:36.181+0200][gc,cpu      ] GC(0) User=0.02s Sys=0.00s Real=0.01s
[2022-05-31T20:03:36.480+0200][gc,start    ] GC(1) Pause Young (Concurrent Start) (Metadata GC Threshold)
[2022-05-31T20:03:36.480+0200][gc,task     ] GC(1) Using 4 workers of 4 for evacuation
[2022-05-31T20:03:36.488+0200][gc,phases   ] GC(1)   Pre Evacuate Collection Set: 0.1ms
[2022-05-31T20:03:36.488+0200][gc,phases   ] GC(1)   Merge Heap Roots: 0.1ms
[2022-05-31T20:03:36.488+0200][gc,phases   ] GC(1)   Evacuate Collection Set: 7.1ms
[2022-05-31T20:03:36.488+0200][gc,phases   ] GC(1)   Post Evacuate Collection Set: 0.6ms
[2022-05-31T20:03:36.488+0200][gc,phases   ] GC(1)   Other: 0.2ms
[2022-05-31T20:03:36.488+0200][gc,heap     ] GC(1) Eden regions: 10->0(50)
[2022-05-31T20:03:36.488+0200][gc,heap     ] GC(1) Survivor regions: 7->1(7)
[2022-05-31T20:03:36.488+0200][gc,heap     ] GC(1) Old regions: 1->7
[2022-05-31T20:03:36.488+0200][gc,heap     ] GC(1) Archive regions: 2->2
[2022-05-31T20:03:36.488+0200][gc,heap     ] GC(1) Humongous regions: 0->0
[2022-05-31T20:03:36.488+0200][gc,metaspace] GC(1) Metaspace: 21081K(21248K)->21081K(21248K) NonClass: 18570K(18624K)->18570K(18624K) Class: 2510K(2624K)->2510K(2624K)
[2022-05-31T20:03:36.488+0200][gc          ] GC(1) Pause Young (Concurrent Start) (Metadata GC Threshold) 17M->8M(1024M) 8.164ms
[2022-05-31T20:03:36.488+0200][gc,cpu      ] GC(1) User=0.02s Sys=0.00s Real=0.01s
[2022-05-31T20:03:36.488+0200][gc          ] GC(2) Concurrent Mark Cycle
[2022-05-31T20:03:36.488+0200][gc,marking  ] GC(2) Concurrent Clear Claimed Marks
[2022-05-31T20:03:36.488+0200][gc,marking  ] GC(2) Concurrent Clear Claimed Marks 0.027ms
[2022-05-31T20:03:36.488+0200][gc,marking  ] GC(2) Concurrent Scan Root Regions
[2022-05-31T20:03:36.495+0200][gc,marking  ] GC(2) Concurrent Scan Root Regions 6.870ms
[2022-05-31T20:03:36.495+0200][gc,marking  ] GC(2) Concurrent Mark
[2022-05-31T20:03:36.495+0200][gc,marking  ] GC(2) Concurrent Mark From Roots
[2022-05-31T20:03:36.495+0200][gc,task     ] GC(2) Using 1 workers of 1 for marking
[2022-05-31T20:03:36.498+0200][gc,marking  ] GC(2) Concurrent Mark From Roots 3.455ms
[2022-05-31T20:03:36.499+0200][gc,marking  ] GC(2) Concurrent Preclean
[2022-05-31T20:03:36.499+0200][gc,marking  ] GC(2) Concurrent Preclean 0.077ms
[2022-05-31T20:03:36.499+0200][gc,start    ] GC(2) Pause Remark
[2022-05-31T20:03:36.501+0200][gc          ] GC(2) Pause Remark 9M->9M(1024M) 1.837ms
[2022-05-31T20:03:36.501+0200][gc,cpu      ] GC(2) User=0.00s Sys=0.00s Real=0.00s
[2022-05-31T20:03:36.501+0200][gc,marking  ] GC(2) Concurrent Mark 5.660ms
[2022-05-31T20:03:36.501+0200][gc,marking  ] GC(2) Concurrent Rebuild Remembered Sets
[2022-05-31T20:03:36.506+0200][gc,marking  ] GC(2) Concurrent Rebuild Remembered Sets 4.889ms
[2022-05-31T20:03:36.506+0200][gc,start    ] GC(2) Pause Cleanup
[2022-05-31T20:03:36.506+0200][gc          ] GC(2) Pause Cleanup 9M->9M(1024M) 0.166ms
[2022-05-31T20:03:36.506+0200][gc,cpu      ] GC(2) User=0.00s Sys=0.00s Real=0.00s
[2022-05-31T20:03:36.506+0200][gc,marking  ] GC(2) Concurrent Cleanup for Next Mark
[2022-05-31T20:03:36.520+0200][gc,marking  ] GC(2) Concurrent Cleanup for Next Mark 14.346ms
[2022-05-31T20:03:36.521+0200][gc          ] GC(2) Concurrent Mark Cycle 32.558ms
[2022-05-31T20:03:37.811+0200][gc,start    ] GC(3) Pause Young (Normal) (G1 Evacuation Pause)
[2022-05-31T20:03:37.811+0200][gc,task     ] GC(3) Using 4 workers of 4 for evacuation
[2022-05-31T20:03:37.820+0200][gc,phases   ] GC(3)   Pre Evacuate Collection Set: 0.2ms
[2022-05-31T20:03:37.820+0200][gc,phases   ] GC(3)   Merge Heap Roots: 0.1ms
[2022-05-31T20:03:37.820+0200][gc,phases   ] GC(3)   Evacuate Collection Set: 7.8ms
[2022-05-31T20:03:37.820+0200][gc,phases   ] GC(3)   Post Evacuate Collection Set: 0.8ms
[2022-05-31T20:03:37.820+0200][gc,phases   ] GC(3)   Other: 0.2ms
[2022-05-31T20:03:37.820+0200][gc,heap     ] GC(3) Eden regions: 50->0(45)
[2022-05-31T20:03:37.820+0200][gc,heap     ] GC(3) Survivor regions: 1->6(7)
[2022-05-31T20:03:37.820+0200][gc,heap     ] GC(3) Old regions: 7->7
[2022-05-31T20:03:37.820+0200][gc,heap     ] GC(3) Archive regions: 2->2
[2022-05-31T20:03:37.820+0200][gc,heap     ] GC(3) Humongous regions: 129->129
[2022-05-31T20:03:37.820+0200][gc,metaspace] GC(3) Metaspace: 32033K(32320K)->32033K(32320K) NonClass: 28441K(28608K)->28441K(28608K) Class: 3591K(3712K)->3591K(3712K)
[2022-05-31T20:03:37.820+0200][gc          ] GC(3) Pause Young (Normal) (G1 Evacuation Pause) 187M->142M(1024M) 9.179ms
[2022-05-31T20:03:37.820+0200][gc,cpu      ] GC(3) User=0.02s Sys=0.00s Real=0.01s
[2022-05-31T20:03:38.155+0200][gc,start    ] GC(4) Pause Young (Concurrent Start) (Metadata GC Threshold)
[2022-05-31T20:03:38.155+0200][gc,task     ] GC(4) Using 4 workers of 4 for evacuation
[2022-05-31T20:03:38.164+0200][gc,phases   ] GC(4)   Pre Evacuate Collection Set: 0.1ms
[2022-05-31T20:03:38.164+0200][gc,phases   ] GC(4)   Merge Heap Roots: 0.0ms
[2022-05-31T20:03:38.164+0200][gc,phases   ] GC(4)   Evacuate Collection Set: 7.7ms
[2022-05-31T20:03:38.164+0200][gc,phases   ] GC(4)   Post Evacuate Collection Set: 0.7ms
[2022-05-31T20:03:38.164+0200][gc,phases   ] GC(4)   Other: 0.2ms
[2022-05-31T20:03:38.164+0200][gc,heap     ] GC(4) Eden regions: 16->0(49)
[2022-05-31T20:03:38.164+0200][gc,heap     ] GC(4) Survivor regions: 6->2(7)
[2022-05-31T20:03:38.164+0200][gc,heap     ] GC(4) Old regions: 7->12
[2022-05-31T20:03:38.164+0200][gc,heap     ] GC(4) Archive regions: 2->2
[2022-05-31T20:03:38.164+0200][gc,heap     ] GC(4) Humongous regions: 129->129
[2022-05-31T20:03:38.164+0200][gc,metaspace] GC(4) Metaspace: 35579K(35840K)->35579K(35840K) NonClass: 31594K(31744K)->31594K(31744K) Class: 3984K(4096K)->3984K(4096K)
[2022-05-31T20:03:38.164+0200][gc          ] GC(4) Pause Young (Concurrent Start) (Metadata GC Threshold) 157M->143M(1024M) 9.153ms
[2022-05-31T20:03:38.164+0200][gc,cpu      ] GC(4) User=0.03s Sys=0.00s Real=0.01s
[2022-05-31T20:03:38.164+0200][gc          ] GC(5) Concurrent Mark Cycle
[2022-05-31T20:03:38.164+0200][gc,marking  ] GC(5) Concurrent Clear Claimed Marks
[2022-05-31T20:03:38.164+0200][gc,marking  ] GC(5) Concurrent Clear Claimed Marks 0.089ms
[2022-05-31T20:03:38.164+0200][gc,marking  ] GC(5) Concurrent Scan Root Regions
[2022-05-31T20:03:38.174+0200][gc,marking  ] GC(5) Concurrent Scan Root Regions 9.888ms
[2022-05-31T20:03:38.174+0200][gc,marking  ] GC(5) Concurrent Mark
[2022-05-31T20:03:38.174+0200][gc,marking  ] GC(5) Concurrent Mark From Roots
[2022-05-31T20:03:38.174+0200][gc,task     ] GC(5) Using 1 workers of 1 for marking
[2022-05-31T20:03:38.195+0200][gc,marking  ] GC(5) Concurrent Mark From Roots 20.600ms
[2022-05-31T20:03:38.195+0200][gc,marking  ] GC(5) Concurrent Preclean
[2022-05-31T20:03:38.195+0200][gc,marking  ] GC(5) Concurrent Preclean 0.181ms
[2022-05-31T20:03:38.196+0200][gc,start    ] GC(5) Pause Remark
[2022-05-31T20:03:38.198+0200][gc          ] GC(5) Pause Remark 144M->144M(1024M) 2.752ms
[2022-05-31T20:03:38.199+0200][gc,cpu      ] GC(5) User=0.01s Sys=0.00s Real=0.00s
[2022-05-31T20:03:38.199+0200][gc,marking  ] GC(5) Concurrent Mark 24.124ms
[2022-05-31T20:03:38.199+0200][gc,marking  ] GC(5) Concurrent Rebuild Remembered Sets
[2022-05-31T20:03:38.216+0200][gc,marking  ] GC(5) Concurrent Rebuild Remembered Sets 17.371ms
[2022-05-31T20:03:38.216+0200][gc,start    ] GC(5) Pause Cleanup
[2022-05-31T20:03:38.216+0200][gc          ] GC(5) Pause Cleanup 145M->145M(1024M) 0.183ms
[2022-05-31T20:03:38.216+0200][gc,cpu      ] GC(5) User=0.00s Sys=0.00s Real=0.00s
[2022-05-31T20:03:38.216+0200][gc,marking  ] GC(5) Concurrent Cleanup for Next Mark
[2022-05-31T20:03:38.233+0200][gc,marking  ] GC(5) Concurrent Cleanup for Next Mark 16.655ms
[2022-05-31T20:03:38.233+0200][gc          ] GC(5) Concurrent Mark Cycle 68.903ms
[2022-05-31T20:38:11.585+0200][gc,start    ] GC(6) Pause Young (Normal) (G1 Evacuation Pause)
[2022-05-31T20:38:11.585+0200][gc,task     ] GC(6) Using 4 workers of 4 for evacuation
[2022-05-31T20:38:11.599+0200][gc,phases   ] GC(6)   Pre Evacuate Collection Set: 0.9ms
[2022-05-31T20:38:11.599+0200][gc,phases   ] GC(6)   Merge Heap Roots: 0.3ms
[2022-05-31T20:38:11.599+0200][gc,phases   ] GC(6)   Evacuate Collection Set: 11.2ms
[2022-05-31T20:38:11.600+0200][gc,phases   ] GC(6)   Post Evacuate Collection Set: 1.8ms
[2022-05-31T20:38:11.600+0200][gc,phases   ] GC(6)   Other: 0.4ms
[2022-05-31T20:38:11.600+0200][gc,heap     ] GC(6) Eden regions: 49->0(48)
[2022-05-31T20:38:11.600+0200][gc,heap     ] GC(6) Survivor regions: 2->3(7)
[2022-05-31T20:38:11.600+0200][gc,heap     ] GC(6) Old regions: 12->12
[2022-05-31T20:38:11.600+0200][gc,heap     ] GC(6) Archive regions: 2->2
[2022-05-31T20:38:11.600+0200][gc,heap     ] GC(6) Humongous regions: 135->129
[2022-05-31T20:38:11.600+0200][gc,metaspace] GC(6) Metaspace: 39474K(40000K)->39474K(40000K) NonClass: 34884K(35200K)->34884K(35200K) Class: 4590K(4800K)->4590K(4800K)
[2022-05-31T20:38:11.600+0200][gc          ] GC(6) Pause Young (Normal) (G1 Evacuation Pause) 198M->144M(1024M) 14.967ms
[2022-05-31T20:38:11.600+0200][gc,cpu      ] GC(6) User=0.05s Sys=0.00s Real=0.01s
