[2022-05-31T18:01:26.875+0200][gc] Using G1
[2022-05-31T18:01:26.890+0200][gc,init] Version: 16.0.2+7-67 (release)
[2022-05-31T18:01:26.890+0200][gc,init] CPUs: 4 total, 4 available
[2022-05-31T18:01:26.890+0200][gc,init] Memory: 7825M
[2022-05-31T18:01:26.890+0200][gc,init] Large Page Support: Disabled
[2022-05-31T18:01:26.890+0200][gc,init] NUMA Support: Disabled
[2022-05-31T18:01:26.890+0200][gc,init] Compressed Oops: Enabled (32-bit)
[2022-05-31T18:01:26.890+0200][gc,init] Heap Region Size: 1M
[2022-05-31T18:01:26.890+0200][gc,init] Heap Min Capacity: 1G
[2022-05-31T18:01:26.890+0200][gc,init] Heap Initial Capacity: 1G
[2022-05-31T18:01:26.890+0200][gc,init] Heap Max Capacity: 1G
[2022-05-31T18:01:26.890+0200][gc,init] Pre-touch: Disabled
[2022-05-31T18:01:26.890+0200][gc,init] Parallel Workers: 4
[2022-05-31T18:01:26.890+0200][gc,init] Concurrent Workers: 1
[2022-05-31T18:01:26.890+0200][gc,init] Concurrent Refinement Workers: 4
[2022-05-31T18:01:26.890+0200][gc,init] Periodic GC: Disabled
[2022-05-31T18:01:26.891+0200][gc,metaspace] CDS archive(s) mapped at: [0x0000000800000000-0x0000000800bc3000-0x0000000800bc3000), size 12333056, SharedBaseAddress: 0x0000000800000000, ArchiveRelocationMode: 0.
[2022-05-31T18:01:26.891+0200][gc,metaspace] Compressed class space mapped at: 0x0000000800c00000-0x0000000840c00000, reserved size: 1073741824
[2022-05-31T18:01:26.891+0200][gc,metaspace] Narrow klass base: 0x0000000800000000, Narrow klass shift: 3, Narrow klass range: 0x100000000
[2022-05-31T18:01:29.462+0200][gc,start    ] GC(0) Pause Young (Normal) (G1 Evacuation Pause)
[2022-05-31T18:01:29.465+0200][gc,task     ] GC(0) Using 4 workers of 4 for evacuation
[2022-05-31T18:01:29.484+0200][gc,phases   ] GC(0)   Pre Evacuate Collection Set: 0.2ms
[2022-05-31T18:01:29.484+0200][gc,phases   ] GC(0)   Merge Heap Roots: 0.1ms
[2022-05-31T18:01:29.484+0200][gc,phases   ] GC(0)   Evacuate Collection Set: 17.0ms
[2022-05-31T18:01:29.484+0200][gc,phases   ] GC(0)   Post Evacuate Collection Set: 1.2ms
[2022-05-31T18:01:29.484+0200][gc,phases   ] GC(0)   Other: 3.6ms
[2022-05-31T18:01:29.484+0200][gc,heap     ] GC(0) Eden regions: 51->0(44)
[2022-05-31T18:01:29.484+0200][gc,heap     ] GC(0) Survivor regions: 0->7(7)
[2022-05-31T18:01:29.484+0200][gc,heap     ] GC(0) Old regions: 0->0
[2022-05-31T18:01:29.484+0200][gc,heap     ] GC(0) Archive regions: 2->2
[2022-05-31T18:01:29.484+0200][gc,heap     ] GC(0) Humongous regions: 0->0
[2022-05-31T18:01:29.484+0200][gc,metaspace] GC(0) Metaspace: 18957K(19200K)->18957K(19200K) NonClass: 16709K(16832K)->16709K(16832K) Class: 2247K(2368K)->2247K(2368K)
[2022-05-31T18:01:29.484+0200][gc          ] GC(0) Pause Young (Normal) (G1 Evacuation Pause) 51M->7M(1024M) 22.281ms
[2022-05-31T18:01:29.484+0200][gc,cpu      ] GC(0) User=0.02s Sys=0.00s Real=0.02s
[2022-05-31T18:01:29.986+0200][gc,start    ] GC(1) Pause Young (Concurrent Start) (Metadata GC Threshold)
[2022-05-31T18:01:29.986+0200][gc,task     ] GC(1) Using 4 workers of 4 for evacuation
[2022-05-31T18:01:30.013+0200][gc,mmu      ] GC(1) MMU target violated: 21.0ms (20.0ms/21.0ms)
[2022-05-31T18:01:30.013+0200][gc,phases   ] GC(1)   Pre Evacuate Collection Set: 0.2ms
[2022-05-31T18:01:30.013+0200][gc,phases   ] GC(1)   Merge Heap Roots: 0.1ms
[2022-05-31T18:01:30.013+0200][gc,phases   ] GC(1)   Evacuate Collection Set: 25.4ms
[2022-05-31T18:01:30.013+0200][gc,phases   ] GC(1)   Post Evacuate Collection Set: 0.7ms
[2022-05-31T18:01:30.013+0200][gc,phases   ] GC(1)   Other: 0.3ms
[2022-05-31T18:01:30.013+0200][gc,heap     ] GC(1) Eden regions: 10->0(49)
[2022-05-31T18:01:30.013+0200][gc,heap     ] GC(1) Survivor regions: 7->2(7)
[2022-05-31T18:01:30.013+0200][gc,heap     ] GC(1) Old regions: 0->7
[2022-05-31T18:01:30.013+0200][gc,heap     ] GC(1) Archive regions: 2->2
[2022-05-31T18:01:30.013+0200][gc,heap     ] GC(1) Humongous regions: 129->129
[2022-05-31T18:01:30.013+0200][gc,metaspace] GC(1) Metaspace: 21096K(21248K)->21096K(21248K) NonClass: 18566K(18624K)->18566K(18624K) Class: 2529K(2624K)->2529K(2624K)
[2022-05-31T18:01:30.013+0200][gc          ] GC(1) Pause Young (Concurrent Start) (Metadata GC Threshold) 146M->138M(1024M) 26.896ms
[2022-05-31T18:01:30.013+0200][gc,cpu      ] GC(1) User=0.02s Sys=0.00s Real=0.03s
[2022-05-31T18:01:30.013+0200][gc          ] GC(2) Concurrent Mark Cycle
[2022-05-31T18:01:30.013+0200][gc,marking  ] GC(2) Concurrent Clear Claimed Marks
[2022-05-31T18:01:30.013+0200][gc,marking  ] GC(2) Concurrent Clear Claimed Marks 0.023ms
[2022-05-31T18:01:30.013+0200][gc,marking  ] GC(2) Concurrent Scan Root Regions
[2022-05-31T18:01:30.019+0200][gc,marking  ] GC(2) Concurrent Scan Root Regions 5.550ms
[2022-05-31T18:01:30.019+0200][gc,marking  ] GC(2) Concurrent Mark
[2022-05-31T18:01:30.019+0200][gc,marking  ] GC(2) Concurrent Mark From Roots
[2022-05-31T18:01:30.019+0200][gc,task     ] GC(2) Using 1 workers of 1 for marking
[2022-05-31T18:01:30.027+0200][gc,marking  ] GC(2) Concurrent Mark From Roots 7.981ms
[2022-05-31T18:01:30.027+0200][gc,marking  ] GC(2) Concurrent Preclean
[2022-05-31T18:01:30.027+0200][gc,marking  ] GC(2) Concurrent Preclean 0.114ms
[2022-05-31T18:01:30.028+0200][gc,start    ] GC(2) Pause Remark
[2022-05-31T18:01:30.032+0200][gc          ] GC(2) Pause Remark 139M->139M(1024M) 4.061ms
[2022-05-31T18:01:30.032+0200][gc,cpu      ] GC(2) User=0.00s Sys=0.01s Real=0.01s
[2022-05-31T18:01:30.032+0200][gc,marking  ] GC(2) Concurrent Mark 12.910ms
[2022-05-31T18:01:30.032+0200][gc,marking  ] GC(2) Concurrent Rebuild Remembered Sets
[2022-05-31T18:01:30.038+0200][gc,marking  ] GC(2) Concurrent Rebuild Remembered Sets 6.154ms
[2022-05-31T18:01:30.038+0200][gc,start    ] GC(2) Pause Cleanup
[2022-05-31T18:01:30.039+0200][gc          ] GC(2) Pause Cleanup 139M->139M(1024M) 0.208ms
[2022-05-31T18:01:30.039+0200][gc,cpu      ] GC(2) User=0.00s Sys=0.00s Real=0.00s
[2022-05-31T18:01:30.039+0200][gc,marking  ] GC(2) Concurrent Cleanup for Next Mark
[2022-05-31T18:01:30.051+0200][gc,marking  ] GC(2) Concurrent Cleanup for Next Mark 12.159ms
[2022-05-31T18:01:30.051+0200][gc          ] GC(2) Concurrent Mark Cycle 37.441ms
[2022-05-31T18:01:32.055+0200][gc,start    ] GC(3) Pause Young (Normal) (G1 Evacuation Pause)
[2022-05-31T18:01:32.055+0200][gc,task     ] GC(3) Using 4 workers of 4 for evacuation
[2022-05-31T18:01:32.073+0200][gc,phases   ] GC(3)   Pre Evacuate Collection Set: 0.2ms
[2022-05-31T18:01:32.073+0200][gc,phases   ] GC(3)   Merge Heap Roots: 0.1ms
[2022-05-31T18:01:32.073+0200][gc,phases   ] GC(3)   Evacuate Collection Set: 17.1ms
[2022-05-31T18:01:32.073+0200][gc,phases   ] GC(3)   Post Evacuate Collection Set: 1.1ms
[2022-05-31T18:01:32.073+0200][gc,phases   ] GC(3)   Other: 0.2ms
[2022-05-31T18:01:32.073+0200][gc,heap     ] GC(3) Eden regions: 49->0(45)
[2022-05-31T18:01:32.073+0200][gc,heap     ] GC(3) Survivor regions: 2->6(7)
[2022-05-31T18:01:32.073+0200][gc,heap     ] GC(3) Old regions: 7->7
[2022-05-31T18:01:32.073+0200][gc,heap     ] GC(3) Archive regions: 2->2
[2022-05-31T18:01:32.073+0200][gc,heap     ] GC(3) Humongous regions: 129->129
[2022-05-31T18:01:32.074+0200][gc,metaspace] GC(3) Metaspace: 32667K(32896K)->32667K(32896K) NonClass: 29066K(29184K)->29066K(29184K) Class: 3601K(3712K)->3601K(3712K)
[2022-05-31T18:01:32.074+0200][gc          ] GC(3) Pause Young (Normal) (G1 Evacuation Pause) 187M->142M(1024M) 18.762ms
[2022-05-31T18:01:32.074+0200][gc,cpu      ] GC(3) User=0.03s Sys=0.00s Real=0.02s
[2022-05-31T18:01:32.980+0200][gc,start    ] GC(4) Pause Young (Concurrent Start) (Metadata GC Threshold)
[2022-05-31T18:01:32.980+0200][gc,task     ] GC(4) Using 4 workers of 4 for evacuation
[2022-05-31T18:01:33.004+0200][gc,mmu      ] GC(4) MMU target violated: 21.0ms (20.0ms/21.0ms)
[2022-05-31T18:01:33.004+0200][gc,phases   ] GC(4)   Pre Evacuate Collection Set: 0.2ms
[2022-05-31T18:01:33.004+0200][gc,phases   ] GC(4)   Merge Heap Roots: 0.1ms
[2022-05-31T18:01:33.004+0200][gc,phases   ] GC(4)   Evacuate Collection Set: 22.6ms
[2022-05-31T18:01:33.004+0200][gc,phases   ] GC(4)   Post Evacuate Collection Set: 1.1ms
[2022-05-31T18:01:33.004+0200][gc,phases   ] GC(4)   Other: 0.3ms
[2022-05-31T18:01:33.004+0200][gc,heap     ] GC(4) Eden regions: 16->0(49)
[2022-05-31T18:01:33.004+0200][gc,heap     ] GC(4) Survivor regions: 6->2(7)
[2022-05-31T18:01:33.004+0200][gc,heap     ] GC(4) Old regions: 7->13
[2022-05-31T18:01:33.004+0200][gc,heap     ] GC(4) Archive regions: 2->2
[2022-05-31T18:01:33.004+0200][gc,heap     ] GC(4) Humongous regions: 129->129
[2022-05-31T18:01:33.004+0200][gc,metaspace] GC(4) Metaspace: 35437K(35776K)->35437K(35776K) NonClass: 31389K(31552K)->31389K(31552K) Class: 4047K(4224K)->4047K(4224K)
[2022-05-31T18:01:33.004+0200][gc          ] GC(4) Pause Young (Concurrent Start) (Metadata GC Threshold) 158M->143M(1024M) 24.492ms
[2022-05-31T18:01:33.004+0200][gc,cpu      ] GC(4) User=0.03s Sys=0.00s Real=0.03s
[2022-05-31T18:01:33.005+0200][gc          ] GC(5) Concurrent Mark Cycle
[2022-05-31T18:01:33.005+0200][gc,marking  ] GC(5) Concurrent Clear Claimed Marks
[2022-05-31T18:01:33.005+0200][gc,marking  ] GC(5) Concurrent Clear Claimed Marks 0.045ms
[2022-05-31T18:01:33.005+0200][gc,marking  ] GC(5) Concurrent Scan Root Regions
[2022-05-31T18:01:33.027+0200][gc,marking  ] GC(5) Concurrent Scan Root Regions 21.305ms
[2022-05-31T18:01:33.027+0200][gc,marking  ] GC(5) Concurrent Mark
[2022-05-31T18:01:33.027+0200][gc,marking  ] GC(5) Concurrent Mark From Roots
[2022-05-31T18:01:33.027+0200][gc,task     ] GC(5) Using 1 workers of 1 for marking
[2022-05-31T18:01:33.099+0200][gc,marking  ] GC(5) Concurrent Mark From Roots 72.035ms
[2022-05-31T18:01:33.099+0200][gc,marking  ] GC(5) Concurrent Preclean
[2022-05-31T18:01:33.099+0200][gc,marking  ] GC(5) Concurrent Preclean 0.177ms
[2022-05-31T18:01:33.103+0200][gc,start    ] GC(5) Pause Remark
[2022-05-31T18:01:33.110+0200][gc          ] GC(5) Pause Remark 146M->146M(1024M) 6.977ms
[2022-05-31T18:01:33.110+0200][gc,cpu      ] GC(5) User=0.00s Sys=0.00s Real=0.00s
[2022-05-31T18:01:33.110+0200][gc,marking  ] GC(5) Concurrent Mark 83.191ms
[2022-05-31T18:01:33.110+0200][gc,marking  ] GC(5) Concurrent Rebuild Remembered Sets
[2022-05-31T18:01:33.170+0200][gc,marking  ] GC(5) Concurrent Rebuild Remembered Sets 59.613ms
[2022-05-31T18:01:33.174+0200][gc,start    ] GC(5) Pause Cleanup
[2022-05-31T18:01:33.174+0200][gc          ] GC(5) Pause Cleanup 146M->146M(1024M) 0.274ms
[2022-05-31T18:01:33.174+0200][gc,cpu      ] GC(5) User=0.00s Sys=0.00s Real=0.00s
[2022-05-31T18:01:33.176+0200][gc,marking  ] GC(5) Concurrent Cleanup for Next Mark
[2022-05-31T18:01:33.222+0200][gc,marking  ] GC(5) Concurrent Cleanup for Next Mark 45.729ms
[2022-05-31T18:01:33.222+0200][gc          ] GC(5) Concurrent Mark Cycle 216.809ms
[2022-05-31T18:08:13.845+0200][gc,heap,exit] Heap
[2022-05-31T18:08:13.845+0200][gc,heap,exit]  garbage-first heap   total 1048576K, used 186108K [0x00000000c0000000, 0x0000000100000000)
[2022-05-31T18:08:13.845+0200][gc,heap,exit]   region size 1024K, 41 young (41984K), 2 survivors (2048K)
[2022-05-31T18:08:13.845+0200][gc,heap,exit]  Metaspace       used 39214K, committed 39680K, reserved 1089536K
[2022-05-31T18:08:13.845+0200][gc,heap,exit]   class space    used 4616K, committed 4864K, reserved 1048576K
