[2022-05-31T18:08:40.863+0200][gc] Using G1
[2022-05-31T18:08:40.871+0200][gc,init] Version: 16.0.2+7-67 (release)
[2022-05-31T18:08:40.871+0200][gc,init] CPUs: 4 total, 4 available
[2022-05-31T18:08:40.871+0200][gc,init] Memory: 7825M
[2022-05-31T18:08:40.871+0200][gc,init] Large Page Support: Disabled
[2022-05-31T18:08:40.871+0200][gc,init] NUMA Support: Disabled
[2022-05-31T18:08:40.871+0200][gc,init] Compressed Oops: Enabled (32-bit)
[2022-05-31T18:08:40.871+0200][gc,init] Heap Region Size: 1M
[2022-05-31T18:08:40.871+0200][gc,init] Heap Min Capacity: 1G
[2022-05-31T18:08:40.871+0200][gc,init] Heap Initial Capacity: 1G
[2022-05-31T18:08:40.871+0200][gc,init] Heap Max Capacity: 1G
[2022-05-31T18:08:40.871+0200][gc,init] Pre-touch: Disabled
[2022-05-31T18:08:40.871+0200][gc,init] Parallel Workers: 4
[2022-05-31T18:08:40.871+0200][gc,init] Concurrent Workers: 1
[2022-05-31T18:08:40.871+0200][gc,init] Concurrent Refinement Workers: 4
[2022-05-31T18:08:40.871+0200][gc,init] Periodic GC: Disabled
[2022-05-31T18:08:40.871+0200][gc,metaspace] CDS archive(s) mapped at: [0x0000000800000000-0x0000000800bc3000-0x0000000800bc3000), size 12333056, SharedBaseAddress: 0x0000000800000000, ArchiveRelocationMode: 0.
[2022-05-31T18:08:40.871+0200][gc,metaspace] Compressed class space mapped at: 0x0000000800c00000-0x0000000840c00000, reserved size: 1073741824
[2022-05-31T18:08:40.871+0200][gc,metaspace] Narrow klass base: 0x0000000800000000, Narrow klass shift: 3, Narrow klass range: 0x100000000
[2022-05-31T18:08:42.493+0200][gc,start    ] GC(0) Pause Young (Normal) (G1 Evacuation Pause)
[2022-05-31T18:08:42.493+0200][gc,task     ] GC(0) Using 4 workers of 4 for evacuation
[2022-05-31T18:08:42.500+0200][gc,phases   ] GC(0)   Pre Evacuate Collection Set: 0.1ms
[2022-05-31T18:08:42.500+0200][gc,phases   ] GC(0)   Merge Heap Roots: 0.0ms
[2022-05-31T18:08:42.500+0200][gc,phases   ] GC(0)   Evacuate Collection Set: 6.5ms
[2022-05-31T18:08:42.500+0200][gc,phases   ] GC(0)   Post Evacuate Collection Set: 0.5ms
[2022-05-31T18:08:42.500+0200][gc,phases   ] GC(0)   Other: 0.6ms
[2022-05-31T18:08:42.500+0200][gc,heap     ] GC(0) Eden regions: 51->0(44)
[2022-05-31T18:08:42.500+0200][gc,heap     ] GC(0) Survivor regions: 0->7(7)
[2022-05-31T18:08:42.500+0200][gc,heap     ] GC(0) Old regions: 0->1
[2022-05-31T18:08:42.500+0200][gc,heap     ] GC(0) Archive regions: 2->2
[2022-05-31T18:08:42.500+0200][gc,heap     ] GC(0) Humongous regions: 0->0
[2022-05-31T18:08:42.500+0200][gc,metaspace] GC(0) Metaspace: 18876K(19072K)->18876K(19072K) NonClass: 16648K(16768K)->16648K(16768K) Class: 2227K(2304K)->2227K(2304K)
[2022-05-31T18:08:42.500+0200][gc          ] GC(0) Pause Young (Normal) (G1 Evacuation Pause) 51M->8M(1024M) 7.841ms
[2022-05-31T18:08:42.500+0200][gc,cpu      ] GC(0) User=0.02s Sys=0.01s Real=0.00s
[2022-05-31T18:08:42.759+0200][gc,start    ] GC(1) Pause Young (Concurrent Start) (Metadata GC Threshold)
[2022-05-31T18:08:42.759+0200][gc,task     ] GC(1) Using 4 workers of 4 for evacuation
[2022-05-31T18:08:42.768+0200][gc,phases   ] GC(1)   Pre Evacuate Collection Set: 0.1ms
[2022-05-31T18:08:42.768+0200][gc,phases   ] GC(1)   Merge Heap Roots: 0.0ms
[2022-05-31T18:08:42.768+0200][gc,phases   ] GC(1)   Evacuate Collection Set: 8.9ms
[2022-05-31T18:08:42.768+0200][gc,phases   ] GC(1)   Post Evacuate Collection Set: 0.5ms
[2022-05-31T18:08:42.768+0200][gc,phases   ] GC(1)   Other: 0.2ms
[2022-05-31T18:08:42.768+0200][gc,heap     ] GC(1) Eden regions: 10->0(50)
[2022-05-31T18:08:42.768+0200][gc,heap     ] GC(1) Survivor regions: 7->1(7)
[2022-05-31T18:08:42.768+0200][gc,heap     ] GC(1) Old regions: 1->7
[2022-05-31T18:08:42.768+0200][gc,heap     ] GC(1) Archive regions: 2->2
[2022-05-31T18:08:42.768+0200][gc,heap     ] GC(1) Humongous regions: 0->0
[2022-05-31T18:08:42.768+0200][gc,metaspace] GC(1) Metaspace: 21040K(21248K)->21040K(21248K) NonClass: 18518K(18624K)->18518K(18624K) Class: 2522K(2624K)->2522K(2624K)
[2022-05-31T18:08:42.768+0200][gc          ] GC(1) Pause Young (Concurrent Start) (Metadata GC Threshold) 18M->8M(1024M) 9.896ms
[2022-05-31T18:08:42.769+0200][gc,cpu      ] GC(1) User=0.03s Sys=0.00s Real=0.01s
[2022-05-31T18:08:42.769+0200][gc          ] GC(2) Concurrent Mark Cycle
[2022-05-31T18:08:42.769+0200][gc,marking  ] GC(2) Concurrent Clear Claimed Marks
[2022-05-31T18:08:42.769+0200][gc,marking  ] GC(2) Concurrent Clear Claimed Marks 0.027ms
[2022-05-31T18:08:42.769+0200][gc,marking  ] GC(2) Concurrent Scan Root Regions
[2022-05-31T18:08:42.774+0200][gc,marking  ] GC(2) Concurrent Scan Root Regions 5.548ms
[2022-05-31T18:08:42.774+0200][gc,marking  ] GC(2) Concurrent Mark
[2022-05-31T18:08:42.774+0200][gc,marking  ] GC(2) Concurrent Mark From Roots
[2022-05-31T18:08:42.774+0200][gc,task     ] GC(2) Using 1 workers of 1 for marking
[2022-05-31T18:08:42.778+0200][gc,marking  ] GC(2) Concurrent Mark From Roots 3.271ms
[2022-05-31T18:08:42.778+0200][gc,marking  ] GC(2) Concurrent Preclean
[2022-05-31T18:08:42.778+0200][gc,marking  ] GC(2) Concurrent Preclean 0.073ms
[2022-05-31T18:08:42.839+0200][gc,start    ] GC(2) Pause Remark
[2022-05-31T18:08:42.840+0200][gc          ] GC(2) Pause Remark 138M->138M(1024M) 1.704ms
[2022-05-31T18:08:42.840+0200][gc,cpu      ] GC(2) User=0.01s Sys=0.00s Real=0.00s
[2022-05-31T18:08:42.841+0200][gc,marking  ] GC(2) Concurrent Mark 66.288ms
[2022-05-31T18:08:42.841+0200][gc,marking  ] GC(2) Concurrent Rebuild Remembered Sets
[2022-05-31T18:08:42.845+0200][gc,marking  ] GC(2) Concurrent Rebuild Remembered Sets 4.359ms
[2022-05-31T18:08:42.845+0200][gc,start    ] GC(2) Pause Cleanup
[2022-05-31T18:08:42.845+0200][gc          ] GC(2) Pause Cleanup 138M->138M(1024M) 0.160ms
[2022-05-31T18:08:42.845+0200][gc,cpu      ] GC(2) User=0.00s Sys=0.00s Real=0.00s
[2022-05-31T18:08:42.845+0200][gc,marking  ] GC(2) Concurrent Cleanup for Next Mark
[2022-05-31T18:08:42.858+0200][gc,marking  ] GC(2) Concurrent Cleanup for Next Mark 12.223ms
[2022-05-31T18:08:42.858+0200][gc          ] GC(2) Concurrent Mark Cycle 89.139ms
[2022-05-31T18:08:43.932+0200][gc,start    ] GC(3) Pause Young (Normal) (G1 Evacuation Pause)
[2022-05-31T18:08:43.932+0200][gc,task     ] GC(3) Using 4 workers of 4 for evacuation
[2022-05-31T18:08:43.941+0200][gc,phases   ] GC(3)   Pre Evacuate Collection Set: 0.2ms
[2022-05-31T18:08:43.941+0200][gc,phases   ] GC(3)   Merge Heap Roots: 0.1ms
[2022-05-31T18:08:43.941+0200][gc,phases   ] GC(3)   Evacuate Collection Set: 7.7ms
[2022-05-31T18:08:43.941+0200][gc,phases   ] GC(3)   Post Evacuate Collection Set: 1.0ms
[2022-05-31T18:08:43.941+0200][gc,phases   ] GC(3)   Other: 0.2ms
[2022-05-31T18:08:43.941+0200][gc,heap     ] GC(3) Eden regions: 50->0(45)
[2022-05-31T18:08:43.941+0200][gc,heap     ] GC(3) Survivor regions: 1->6(7)
[2022-05-31T18:08:43.941+0200][gc,heap     ] GC(3) Old regions: 7->7
[2022-05-31T18:08:43.941+0200][gc,heap     ] GC(3) Archive regions: 2->2
[2022-05-31T18:08:43.941+0200][gc,heap     ] GC(3) Humongous regions: 129->129
[2022-05-31T18:08:43.941+0200][gc,metaspace] GC(3) Metaspace: 32720K(32960K)->32720K(32960K) NonClass: 29110K(29248K)->29110K(29248K) Class: 3609K(3712K)->3609K(3712K)
[2022-05-31T18:08:43.941+0200][gc          ] GC(3) Pause Young (Normal) (G1 Evacuation Pause) 187M->142M(1024M) 9.204ms
[2022-05-31T18:08:43.941+0200][gc,cpu      ] GC(3) User=0.03s Sys=0.01s Real=0.01s
[2022-05-31T18:08:44.330+0200][gc,start    ] GC(4) Pause Young (Concurrent Start) (Metadata GC Threshold)
[2022-05-31T18:08:44.330+0200][gc,task     ] GC(4) Using 4 workers of 4 for evacuation
[2022-05-31T18:08:44.341+0200][gc,phases   ] GC(4)   Pre Evacuate Collection Set: 0.3ms
[2022-05-31T18:08:44.341+0200][gc,phases   ] GC(4)   Merge Heap Roots: 0.1ms
[2022-05-31T18:08:44.341+0200][gc,phases   ] GC(4)   Evacuate Collection Set: 10.7ms
[2022-05-31T18:08:44.341+0200][gc,phases   ] GC(4)   Post Evacuate Collection Set: 0.6ms
[2022-05-31T18:08:44.341+0200][gc,phases   ] GC(4)   Other: 0.3ms
[2022-05-31T18:08:44.342+0200][gc,heap     ] GC(4) Eden regions: 15->0(49)
[2022-05-31T18:08:44.342+0200][gc,heap     ] GC(4) Survivor regions: 6->2(7)
[2022-05-31T18:08:44.342+0200][gc,heap     ] GC(4) Old regions: 7->13
[2022-05-31T18:08:44.342+0200][gc,heap     ] GC(4) Archive regions: 2->2
[2022-05-31T18:08:44.342+0200][gc,heap     ] GC(4) Humongous regions: 129->129
[2022-05-31T18:08:44.342+0200][gc,metaspace] GC(4) Metaspace: 35219K(35520K)->35219K(35520K) NonClass: 31204K(31360K)->31204K(31360K) Class: 4015K(4160K)->4015K(4160K)
[2022-05-31T18:08:44.342+0200][gc          ] GC(4) Pause Young (Concurrent Start) (Metadata GC Threshold) 156M->143M(1024M) 11.966ms
[2022-05-31T18:08:44.342+0200][gc,cpu      ] GC(4) User=0.03s Sys=0.00s Real=0.02s
[2022-05-31T18:08:44.342+0200][gc          ] GC(5) Concurrent Mark Cycle
[2022-05-31T18:08:44.342+0200][gc,marking  ] GC(5) Concurrent Clear Claimed Marks
[2022-05-31T18:08:44.342+0200][gc,marking  ] GC(5) Concurrent Clear Claimed Marks 0.035ms
[2022-05-31T18:08:44.342+0200][gc,marking  ] GC(5) Concurrent Scan Root Regions
[2022-05-31T18:08:44.349+0200][gc,marking  ] GC(5) Concurrent Scan Root Regions 7.326ms
[2022-05-31T18:08:44.349+0200][gc,marking  ] GC(5) Concurrent Mark
[2022-05-31T18:08:44.349+0200][gc,marking  ] GC(5) Concurrent Mark From Roots
[2022-05-31T18:08:44.349+0200][gc,task     ] GC(5) Using 1 workers of 1 for marking
[2022-05-31T18:08:44.367+0200][gc,marking  ] GC(5) Concurrent Mark From Roots 18.331ms
[2022-05-31T18:08:44.367+0200][gc,marking  ] GC(5) Concurrent Preclean
[2022-05-31T18:08:44.368+0200][gc,marking  ] GC(5) Concurrent Preclean 0.173ms
[2022-05-31T18:08:44.369+0200][gc,start    ] GC(5) Pause Remark
[2022-05-31T18:08:44.372+0200][gc          ] GC(5) Pause Remark 144M->144M(1024M) 2.867ms
[2022-05-31T18:08:44.372+0200][gc,cpu      ] GC(5) User=0.01s Sys=0.00s Real=0.01s
[2022-05-31T18:08:44.372+0200][gc,marking  ] GC(5) Concurrent Mark 23.132ms
[2022-05-31T18:08:44.372+0200][gc,marking  ] GC(5) Concurrent Rebuild Remembered Sets
[2022-05-31T18:08:44.391+0200][gc,marking  ] GC(5) Concurrent Rebuild Remembered Sets 18.640ms
[2022-05-31T18:08:44.391+0200][gc,start    ] GC(5) Pause Cleanup
[2022-05-31T18:08:44.391+0200][gc          ] GC(5) Pause Cleanup 144M->144M(1024M) 0.292ms
[2022-05-31T18:08:44.391+0200][gc,cpu      ] GC(5) User=0.00s Sys=0.00s Real=0.01s
[2022-05-31T18:08:44.392+0200][gc,marking  ] GC(5) Concurrent Cleanup for Next Mark
[2022-05-31T18:08:44.408+0200][gc,marking  ] GC(5) Concurrent Cleanup for Next Mark 16.171ms
[2022-05-31T18:08:44.408+0200][gc          ] GC(5) Concurrent Mark Cycle 66.132ms
[2022-05-31T18:10:41.261+0200][gc,start    ] GC(6) Pause Young (Normal) (G1 Evacuation Pause)
[2022-05-31T18:10:41.261+0200][gc,task     ] GC(6) Using 4 workers of 4 for evacuation
[2022-05-31T18:10:41.267+0200][gc,phases   ] GC(6)   Pre Evacuate Collection Set: 0.1ms
[2022-05-31T18:10:41.267+0200][gc,phases   ] GC(6)   Merge Heap Roots: 0.1ms
[2022-05-31T18:10:41.267+0200][gc,phases   ] GC(6)   Evacuate Collection Set: 4.7ms
[2022-05-31T18:10:41.267+0200][gc,phases   ] GC(6)   Post Evacuate Collection Set: 0.6ms
[2022-05-31T18:10:41.267+0200][gc,phases   ] GC(6)   Other: 0.2ms
[2022-05-31T18:10:41.267+0200][gc,heap     ] GC(6) Eden regions: 49->0(48)
[2022-05-31T18:10:41.267+0200][gc,heap     ] GC(6) Survivor regions: 2->3(7)
[2022-05-31T18:10:41.267+0200][gc,heap     ] GC(6) Old regions: 13->13
[2022-05-31T18:10:41.267+0200][gc,heap     ] GC(6) Archive regions: 2->2
[2022-05-31T18:10:41.267+0200][gc,heap     ] GC(6) Humongous regions: 129->129
[2022-05-31T18:10:41.267+0200][gc,metaspace] GC(6) Metaspace: 40028K(40512K)->40028K(40512K) NonClass: 35438K(35712K)->35438K(35712K) Class: 4590K(4800K)->4590K(4800K)
[2022-05-31T18:10:41.267+0200][gc          ] GC(6) Pause Young (Normal) (G1 Evacuation Pause) 192M->144M(1024M) 5.724ms
[2022-05-31T18:10:41.267+0200][gc,cpu      ] GC(6) User=0.02s Sys=0.00s Real=0.01s
[2022-05-31T18:10:50.226+0200][gc,start    ] GC(7) Pause Young (Normal) (G1 Evacuation Pause)
[2022-05-31T18:10:50.226+0200][gc,task     ] GC(7) Using 4 workers of 4 for evacuation
[2022-05-31T18:10:50.238+0200][gc,phases   ] GC(7)   Pre Evacuate Collection Set: 0.4ms
[2022-05-31T18:10:50.238+0200][gc,phases   ] GC(7)   Merge Heap Roots: 0.3ms
[2022-05-31T18:10:50.238+0200][gc,phases   ] GC(7)   Evacuate Collection Set: 10.2ms
[2022-05-31T18:10:50.238+0200][gc,phases   ] GC(7)   Post Evacuate Collection Set: 1.0ms
[2022-05-31T18:10:50.238+0200][gc,phases   ] GC(7)   Other: 0.3ms
[2022-05-31T18:10:50.238+0200][gc,heap     ] GC(7) Eden regions: 48->0(48)
[2022-05-31T18:10:50.238+0200][gc,heap     ] GC(7) Survivor regions: 3->3(7)
[2022-05-31T18:10:50.238+0200][gc,heap     ] GC(7) Old regions: 13->13
[2022-05-31T18:10:50.238+0200][gc,heap     ] GC(7) Archive regions: 2->2
[2022-05-31T18:10:50.239+0200][gc,heap     ] GC(7) Humongous regions: 129->129
[2022-05-31T18:10:50.239+0200][gc,metaspace] GC(7) Metaspace: 40087K(40576K)->40087K(40576K) NonClass: 35496K(35776K)->35496K(35776K) Class: 4590K(4800K)->4590K(4800K)
[2022-05-31T18:10:50.239+0200][gc          ] GC(7) Pause Young (Normal) (G1 Evacuation Pause) 192M->145M(1024M) 12.724ms
[2022-05-31T18:10:50.239+0200][gc,cpu      ] GC(7) User=0.03s Sys=0.00s Real=0.01s
[2022-05-31T18:10:59.949+0200][gc,start    ] GC(8) Pause Young (Normal) (G1 Evacuation Pause)
[2022-05-31T18:10:59.949+0200][gc,task     ] GC(8) Using 4 workers of 4 for evacuation
[2022-05-31T18:10:59.960+0200][gc,phases   ] GC(8)   Pre Evacuate Collection Set: 0.2ms
[2022-05-31T18:10:59.960+0200][gc,phases   ] GC(8)   Merge Heap Roots: 0.1ms
[2022-05-31T18:10:59.960+0200][gc,phases   ] GC(8)   Evacuate Collection Set: 9.0ms
[2022-05-31T18:10:59.960+0200][gc,phases   ] GC(8)   Post Evacuate Collection Set: 1.2ms
[2022-05-31T18:10:59.960+0200][gc,phases   ] GC(8)   Other: 0.3ms
[2022-05-31T18:10:59.960+0200][gc,heap     ] GC(8) Eden regions: 48->0(47)
[2022-05-31T18:10:59.960+0200][gc,heap     ] GC(8) Survivor regions: 3->4(7)
[2022-05-31T18:10:59.960+0200][gc,heap     ] GC(8) Old regions: 13->13
[2022-05-31T18:10:59.960+0200][gc,heap     ] GC(8) Archive regions: 2->2
[2022-05-31T18:10:59.960+0200][gc,heap     ] GC(8) Humongous regions: 129->129
[2022-05-31T18:10:59.960+0200][gc,metaspace] GC(8) Metaspace: 40106K(40576K)->40106K(40576K) NonClass: 35515K(35776K)->35515K(35776K) Class: 4591K(4800K)->4591K(4800K)
[2022-05-31T18:10:59.960+0200][gc          ] GC(8) Pause Young (Normal) (G1 Evacuation Pause) 193M->145M(1024M) 11.074ms
[2022-05-31T18:10:59.960+0200][gc,cpu      ] GC(8) User=0.04s Sys=0.01s Real=0.01s
[2022-05-31T18:11:09.559+0200][gc,start    ] GC(9) Pause Young (Normal) (G1 Evacuation Pause)
[2022-05-31T18:11:09.559+0200][gc,task     ] GC(9) Using 4 workers of 4 for evacuation
[2022-05-31T18:11:09.566+0200][gc,phases   ] GC(9)   Pre Evacuate Collection Set: 0.1ms
[2022-05-31T18:11:09.566+0200][gc,phases   ] GC(9)   Merge Heap Roots: 0.1ms
[2022-05-31T18:11:09.566+0200][gc,phases   ] GC(9)   Evacuate Collection Set: 5.2ms
[2022-05-31T18:11:09.566+0200][gc,phases   ] GC(9)   Post Evacuate Collection Set: 0.7ms
[2022-05-31T18:11:09.566+0200][gc,phases   ] GC(9)   Other: 0.2ms
[2022-05-31T18:11:09.566+0200][gc,heap     ] GC(9) Eden regions: 47->0(47)
[2022-05-31T18:11:09.566+0200][gc,heap     ] GC(9) Survivor regions: 4->4(7)
[2022-05-31T18:11:09.566+0200][gc,heap     ] GC(9) Old regions: 13->13
[2022-05-31T18:11:09.566+0200][gc,heap     ] GC(9) Archive regions: 2->2
[2022-05-31T18:11:09.566+0200][gc,heap     ] GC(9) Humongous regions: 129->129
[2022-05-31T18:11:09.566+0200][gc,metaspace] GC(9) Metaspace: 40107K(40576K)->40107K(40576K) NonClass: 35516K(35776K)->35516K(35776K) Class: 4591K(4800K)->4591K(4800K)
[2022-05-31T18:11:09.566+0200][gc          ] GC(9) Pause Young (Normal) (G1 Evacuation Pause) 192M->145M(1024M) 6.375ms
[2022-05-31T18:11:09.566+0200][gc,cpu      ] GC(9) User=0.02s Sys=0.00s Real=0.01s
[2022-05-31T18:11:19.446+0200][gc,start    ] GC(10) Pause Young (Normal) (G1 Evacuation Pause)
[2022-05-31T18:11:19.446+0200][gc,task     ] GC(10) Using 4 workers of 4 for evacuation
[2022-05-31T18:11:19.460+0200][gc,phases   ] GC(10)   Pre Evacuate Collection Set: 0.3ms
[2022-05-31T18:11:19.460+0200][gc,phases   ] GC(10)   Merge Heap Roots: 0.1ms
[2022-05-31T18:11:19.460+0200][gc,phases   ] GC(10)   Evacuate Collection Set: 11.8ms
[2022-05-31T18:11:19.460+0200][gc,phases   ] GC(10)   Post Evacuate Collection Set: 1.4ms
[2022-05-31T18:11:19.460+0200][gc,phases   ] GC(10)   Other: 0.3ms
[2022-05-31T18:11:19.461+0200][gc,heap     ] GC(10) Eden regions: 47->0(47)
[2022-05-31T18:11:19.461+0200][gc,heap     ] GC(10) Survivor regions: 4->4(7)
[2022-05-31T18:11:19.461+0200][gc,heap     ] GC(10) Old regions: 13->13
[2022-05-31T18:11:19.461+0200][gc,heap     ] GC(10) Archive regions: 2->2
[2022-05-31T18:11:19.461+0200][gc,heap     ] GC(10) Humongous regions: 129->129
[2022-05-31T18:11:19.461+0200][gc,metaspace] GC(10) Metaspace: 40120K(40576K)->40120K(40576K) NonClass: 35528K(35776K)->35528K(35776K) Class: 4591K(4800K)->4591K(4800K)
[2022-05-31T18:11:19.461+0200][gc          ] GC(10) Pause Young (Normal) (G1 Evacuation Pause) 192M->145M(1024M) 14.297ms
[2022-05-31T18:11:19.461+0200][gc,cpu      ] GC(10) User=0.03s Sys=0.00s Real=0.01s
[2022-05-31T18:11:30.075+0200][gc,start    ] GC(11) Pause Young (Normal) (G1 Evacuation Pause)
[2022-05-31T18:11:30.075+0200][gc,task     ] GC(11) Using 4 workers of 4 for evacuation
[2022-05-31T18:11:30.089+0200][gc,phases   ] GC(11)   Pre Evacuate Collection Set: 0.3ms
[2022-05-31T18:11:30.089+0200][gc,phases   ] GC(11)   Merge Heap Roots: 0.2ms
[2022-05-31T18:11:30.089+0200][gc,phases   ] GC(11)   Evacuate Collection Set: 11.3ms
[2022-05-31T18:11:30.089+0200][gc,phases   ] GC(11)   Post Evacuate Collection Set: 1.6ms
[2022-05-31T18:11:30.089+0200][gc,phases   ] GC(11)   Other: 0.6ms
[2022-05-31T18:11:30.089+0200][gc,heap     ] GC(11) Eden regions: 47->0(53)
[2022-05-31T18:11:30.089+0200][gc,heap     ] GC(11) Survivor regions: 4->4(7)
[2022-05-31T18:11:30.089+0200][gc,heap     ] GC(11) Old regions: 13->13
[2022-05-31T18:11:30.089+0200][gc,heap     ] GC(11) Archive regions: 2->2
[2022-05-31T18:11:30.089+0200][gc,heap     ] GC(11) Humongous regions: 129->129
[2022-05-31T18:11:30.089+0200][gc,metaspace] GC(11) Metaspace: 40130K(40576K)->40130K(40576K) NonClass: 35538K(35776K)->35538K(35776K) Class: 4591K(4800K)->4591K(4800K)
[2022-05-31T18:11:30.090+0200][gc          ] GC(11) Pause Young (Normal) (G1 Evacuation Pause) 192M->145M(1024M) 14.327ms
[2022-05-31T18:11:30.090+0200][gc,cpu      ] GC(11) User=0.05s Sys=0.00s Real=0.01s
[2022-05-31T18:11:42.360+0200][gc,start    ] GC(12) Pause Young (Normal) (G1 Evacuation Pause)
[2022-05-31T18:11:42.360+0200][gc,task     ] GC(12) Using 4 workers of 4 for evacuation
[2022-05-31T18:11:42.372+0200][gc,phases   ] GC(12)   Pre Evacuate Collection Set: 0.2ms
[2022-05-31T18:11:42.372+0200][gc,phases   ] GC(12)   Merge Heap Roots: 0.2ms
[2022-05-31T18:11:42.372+0200][gc,phases   ] GC(12)   Evacuate Collection Set: 10.5ms
[2022-05-31T18:11:42.373+0200][gc,phases   ] GC(12)   Post Evacuate Collection Set: 1.5ms
[2022-05-31T18:11:42.373+0200][gc,phases   ] GC(12)   Other: 0.3ms
[2022-05-31T18:11:42.373+0200][gc,heap     ] GC(12) Eden regions: 53->0(226)
[2022-05-31T18:11:42.373+0200][gc,heap     ] GC(12) Survivor regions: 4->3(8)
[2022-05-31T18:11:42.373+0200][gc,heap     ] GC(12) Old regions: 13->13
[2022-05-31T18:11:42.373+0200][gc,heap     ] GC(12) Archive regions: 2->2
[2022-05-31T18:11:42.373+0200][gc,heap     ] GC(12) Humongous regions: 129->129
[2022-05-31T18:11:42.373+0200][gc,metaspace] GC(12) Metaspace: 40130K(40576K)->40130K(40576K) NonClass: 35538K(35776K)->35538K(35776K) Class: 4591K(4800K)->4591K(4800K)
[2022-05-31T18:11:42.373+0200][gc          ] GC(12) Pause Young (Normal) (G1 Evacuation Pause) 198M->145M(1024M) 13.137ms
[2022-05-31T18:11:42.373+0200][gc,cpu      ] GC(12) User=0.04s Sys=0.00s Real=0.02s
[2022-05-31T18:12:35.769+0200][gc,start    ] GC(13) Pause Young (Normal) (G1 Evacuation Pause)
[2022-05-31T18:12:35.769+0200][gc,task     ] GC(13) Using 4 workers of 4 for evacuation
[2022-05-31T18:12:35.785+0200][gc,phases   ] GC(13)   Pre Evacuate Collection Set: 0.3ms
[2022-05-31T18:12:35.785+0200][gc,phases   ] GC(13)   Merge Heap Roots: 0.2ms
[2022-05-31T18:12:35.785+0200][gc,phases   ] GC(13)   Evacuate Collection Set: 13.9ms
[2022-05-31T18:12:35.785+0200][gc,phases   ] GC(13)   Post Evacuate Collection Set: 1.4ms
[2022-05-31T18:12:35.785+0200][gc,phases   ] GC(13)   Other: 0.7ms
[2022-05-31T18:12:35.786+0200][gc,heap     ] GC(13) Eden regions: 226->0(189)
[2022-05-31T18:12:35.786+0200][gc,heap     ] GC(13) Survivor regions: 3->4(29)
[2022-05-31T18:12:35.786+0200][gc,heap     ] GC(13) Old regions: 13->13
[2022-05-31T18:12:35.786+0200][gc,heap     ] GC(13) Archive regions: 2->2
[2022-05-31T18:12:35.786+0200][gc,heap     ] GC(13) Humongous regions: 129->129
[2022-05-31T18:12:35.786+0200][gc,metaspace] GC(13) Metaspace: 40148K(40640K)->40148K(40640K) NonClass: 35556K(35840K)->35556K(35840K) Class: 4591K(4800K)->4591K(4800K)
[2022-05-31T18:12:35.786+0200][gc          ] GC(13) Pause Young (Normal) (G1 Evacuation Pause) 371M->145M(1024M) 16.866ms
[2022-05-31T18:12:35.786+0200][gc,cpu      ] GC(13) User=0.04s Sys=0.01s Real=0.02s
[2022-05-31T18:38:30.996+0200][gc,heap,exit] Heap
[2022-05-31T18:38:30.996+0200][gc,heap,exit]  garbage-first heap   total 1048576K, used 219887K [0x00000000c0000000, 0x0000000100000000)
[2022-05-31T18:38:30.996+0200][gc,heap,exit]   region size 1024K, 74 young (75776K), 4 survivors (4096K)
[2022-05-31T18:38:30.996+0200][gc,heap,exit]  Metaspace       used 43330K, committed 43904K, reserved 1089536K
[2022-05-31T18:38:30.996+0200][gc,heap,exit]   class space    used 5099K, committed 5376K, reserved 1048576K
