[2022-05-31T17:35:16.409+0200][gc] Using G1
[2022-05-31T17:35:16.421+0200][gc,init] Version: 16.0.2+7-67 (release)
[2022-05-31T17:35:16.421+0200][gc,init] CPUs: 4 total, 4 available
[2022-05-31T17:35:16.422+0200][gc,init] Memory: 7825M
[2022-05-31T17:35:16.422+0200][gc,init] Large Page Support: Disabled
[2022-05-31T17:35:16.422+0200][gc,init] NUMA Support: Disabled
[2022-05-31T17:35:16.422+0200][gc,init] Compressed Oops: Enabled (32-bit)
[2022-05-31T17:35:16.422+0200][gc,init] Heap Region Size: 1M
[2022-05-31T17:35:16.422+0200][gc,init] Heap Min Capacity: 1G
[2022-05-31T17:35:16.422+0200][gc,init] Heap Initial Capacity: 1G
[2022-05-31T17:35:16.422+0200][gc,init] Heap Max Capacity: 1G
[2022-05-31T17:35:16.422+0200][gc,init] Pre-touch: Disabled
[2022-05-31T17:35:16.422+0200][gc,init] Parallel Workers: 4
[2022-05-31T17:35:16.422+0200][gc,init] Concurrent Workers: 1
[2022-05-31T17:35:16.422+0200][gc,init] Concurrent Refinement Workers: 4
[2022-05-31T17:35:16.422+0200][gc,init] Periodic GC: Disabled
[2022-05-31T17:35:16.422+0200][gc,metaspace] CDS archive(s) mapped at: [0x0000000800000000-0x0000000800bc3000-0x0000000800bc3000), size 12333056, SharedBaseAddress: 0x0000000800000000, ArchiveRelocationMode: 0.
[2022-05-31T17:35:16.422+0200][gc,metaspace] Compressed class space mapped at: 0x0000000800c00000-0x0000000840c00000, reserved size: 1073741824
[2022-05-31T17:35:16.422+0200][gc,metaspace] Narrow klass base: 0x0000000800000000, Narrow klass shift: 3, Narrow klass range: 0x100000000
[2022-05-31T17:35:18.417+0200][gc,start    ] GC(0) Pause Young (Normal) (G1 Evacuation Pause)
[2022-05-31T17:35:18.418+0200][gc,task     ] GC(0) Using 4 workers of 4 for evacuation
[2022-05-31T17:35:18.429+0200][gc,phases   ] GC(0)   Pre Evacuate Collection Set: 0.2ms
[2022-05-31T17:35:18.429+0200][gc,phases   ] GC(0)   Merge Heap Roots: 0.1ms
[2022-05-31T17:35:18.429+0200][gc,phases   ] GC(0)   Evacuate Collection Set: 8.8ms
[2022-05-31T17:35:18.429+0200][gc,phases   ] GC(0)   Post Evacuate Collection Set: 1.6ms
[2022-05-31T17:35:18.429+0200][gc,phases   ] GC(0)   Other: 1.1ms
[2022-05-31T17:35:18.429+0200][gc,heap     ] GC(0) Eden regions: 51->0(44)
[2022-05-31T17:35:18.429+0200][gc,heap     ] GC(0) Survivor regions: 0->7(7)
[2022-05-31T17:35:18.429+0200][gc,heap     ] GC(0) Old regions: 0->1
[2022-05-31T17:35:18.429+0200][gc,heap     ] GC(0) Archive regions: 2->2
[2022-05-31T17:35:18.429+0200][gc,heap     ] GC(0) Humongous regions: 0->0
[2022-05-31T17:35:18.429+0200][gc,metaspace] GC(0) Metaspace: 18861K(19072K)->18861K(19072K) NonClass: 16634K(16768K)->16634K(16768K) Class: 2226K(2304K)->2226K(2304K)
[2022-05-31T17:35:18.429+0200][gc          ] GC(0) Pause Young (Normal) (G1 Evacuation Pause) 51M->8M(1024M) 11.872ms
[2022-05-31T17:35:18.429+0200][gc,cpu      ] GC(0) User=0.02s Sys=0.01s Real=0.01s
[2022-05-31T17:35:18.988+0200][gc,start    ] GC(1) Pause Young (Concurrent Start) (Metadata GC Threshold)
[2022-05-31T17:35:18.988+0200][gc,task     ] GC(1) Using 4 workers of 4 for evacuation
[2022-05-31T17:35:19.008+0200][gc,phases   ] GC(1)   Pre Evacuate Collection Set: 0.3ms
[2022-05-31T17:35:19.008+0200][gc,phases   ] GC(1)   Merge Heap Roots: 0.1ms
[2022-05-31T17:35:19.008+0200][gc,phases   ] GC(1)   Evacuate Collection Set: 18.6ms
[2022-05-31T17:35:19.008+0200][gc,phases   ] GC(1)   Post Evacuate Collection Set: 0.8ms
[2022-05-31T17:35:19.008+0200][gc,phases   ] GC(1)   Other: 0.3ms
[2022-05-31T17:35:19.008+0200][gc,heap     ] GC(1) Eden regions: 10->0(50)
[2022-05-31T17:35:19.008+0200][gc,heap     ] GC(1) Survivor regions: 7->1(7)
[2022-05-31T17:35:19.008+0200][gc,heap     ] GC(1) Old regions: 1->7
[2022-05-31T17:35:19.009+0200][gc,heap     ] GC(1) Archive regions: 2->2
[2022-05-31T17:35:19.009+0200][gc,heap     ] GC(1) Humongous regions: 129->129
[2022-05-31T17:35:19.009+0200][gc,metaspace] GC(1) Metaspace: 21041K(21248K)->21041K(21248K) NonClass: 18517K(18624K)->18517K(18624K) Class: 2523K(2624K)->2523K(2624K)
[2022-05-31T17:35:19.009+0200][gc          ] GC(1) Pause Young (Concurrent Start) (Metadata GC Threshold) 146M->137M(1024M) 20.249ms
[2022-05-31T17:35:19.009+0200][gc,cpu      ] GC(1) User=0.02s Sys=0.00s Real=0.02s
[2022-05-31T17:35:19.009+0200][gc          ] GC(2) Concurrent Mark Cycle
[2022-05-31T17:35:19.009+0200][gc,marking  ] GC(2) Concurrent Clear Claimed Marks
[2022-05-31T17:35:19.009+0200][gc,marking  ] GC(2) Concurrent Clear Claimed Marks 0.021ms
[2022-05-31T17:35:19.009+0200][gc,marking  ] GC(2) Concurrent Scan Root Regions
[2022-05-31T17:35:19.014+0200][gc,marking  ] GC(2) Concurrent Scan Root Regions 5.339ms
[2022-05-31T17:35:19.014+0200][gc,marking  ] GC(2) Concurrent Mark
[2022-05-31T17:35:19.014+0200][gc,marking  ] GC(2) Concurrent Mark From Roots
[2022-05-31T17:35:19.014+0200][gc,task     ] GC(2) Using 1 workers of 1 for marking
[2022-05-31T17:35:19.022+0200][gc,marking  ] GC(2) Concurrent Mark From Roots 7.713ms
[2022-05-31T17:35:19.022+0200][gc,marking  ] GC(2) Concurrent Preclean
[2022-05-31T17:35:19.022+0200][gc,marking  ] GC(2) Concurrent Preclean 0.086ms
[2022-05-31T17:35:19.027+0200][gc,start    ] GC(2) Pause Remark
[2022-05-31T17:35:19.032+0200][gc          ] GC(2) Pause Remark 138M->138M(1024M) 4.989ms
[2022-05-31T17:35:19.032+0200][gc,cpu      ] GC(2) User=0.01s Sys=0.00s Real=0.01s
[2022-05-31T17:35:19.032+0200][gc,marking  ] GC(2) Concurrent Mark 18.193ms
[2022-05-31T17:35:19.032+0200][gc,marking  ] GC(2) Concurrent Rebuild Remembered Sets
[2022-05-31T17:35:19.040+0200][gc,marking  ] GC(2) Concurrent Rebuild Remembered Sets 7.645ms
[2022-05-31T17:35:19.040+0200][gc,start    ] GC(2) Pause Cleanup
[2022-05-31T17:35:19.041+0200][gc          ] GC(2) Pause Cleanup 138M->138M(1024M) 0.249ms
[2022-05-31T17:35:19.041+0200][gc,cpu      ] GC(2) User=0.00s Sys=0.00s Real=0.00s
[2022-05-31T17:35:19.041+0200][gc,marking  ] GC(2) Concurrent Cleanup for Next Mark
[2022-05-31T17:35:19.072+0200][gc,marking  ] GC(2) Concurrent Cleanup for Next Mark 30.836ms
[2022-05-31T17:35:19.072+0200][gc          ] GC(2) Concurrent Mark Cycle 63.160ms
[2022-05-31T17:35:21.036+0200][gc,start    ] GC(3) Pause Young (Normal) (G1 Evacuation Pause)
[2022-05-31T17:35:21.036+0200][gc,task     ] GC(3) Using 4 workers of 4 for evacuation
[2022-05-31T17:35:21.045+0200][gc,phases   ] GC(3)   Pre Evacuate Collection Set: 0.1ms
[2022-05-31T17:35:21.045+0200][gc,phases   ] GC(3)   Merge Heap Roots: 0.1ms
[2022-05-31T17:35:21.045+0200][gc,phases   ] GC(3)   Evacuate Collection Set: 7.5ms
[2022-05-31T17:35:21.045+0200][gc,phases   ] GC(3)   Post Evacuate Collection Set: 1.1ms
[2022-05-31T17:35:21.045+0200][gc,phases   ] GC(3)   Other: 0.1ms
[2022-05-31T17:35:21.045+0200][gc,heap     ] GC(3) Eden regions: 50->0(45)
[2022-05-31T17:35:21.045+0200][gc,heap     ] GC(3) Survivor regions: 1->6(7)
[2022-05-31T17:35:21.045+0200][gc,heap     ] GC(3) Old regions: 7->7
[2022-05-31T17:35:21.045+0200][gc,heap     ] GC(3) Archive regions: 2->2
[2022-05-31T17:35:21.045+0200][gc,heap     ] GC(3) Humongous regions: 129->129
[2022-05-31T17:35:21.045+0200][gc,metaspace] GC(3) Metaspace: 32714K(32960K)->32714K(32960K) NonClass: 29125K(29248K)->29125K(29248K) Class: 3589K(3712K)->3589K(3712K)
[2022-05-31T17:35:21.045+0200][gc          ] GC(3) Pause Young (Normal) (G1 Evacuation Pause) 187M->142M(1024M) 9.127ms
[2022-05-31T17:35:21.045+0200][gc,cpu      ] GC(3) User=0.02s Sys=0.00s Real=0.01s
[2022-05-31T17:35:21.347+0200][gc,start    ] GC(4) Pause Young (Concurrent Start) (Metadata GC Threshold)
[2022-05-31T17:35:21.347+0200][gc,task     ] GC(4) Using 4 workers of 4 for evacuation
[2022-05-31T17:35:21.357+0200][gc,phases   ] GC(4)   Pre Evacuate Collection Set: 0.2ms
[2022-05-31T17:35:21.357+0200][gc,phases   ] GC(4)   Merge Heap Roots: 0.1ms
[2022-05-31T17:35:21.357+0200][gc,phases   ] GC(4)   Evacuate Collection Set: 9.1ms
[2022-05-31T17:35:21.357+0200][gc,phases   ] GC(4)   Post Evacuate Collection Set: 0.4ms
[2022-05-31T17:35:21.357+0200][gc,phases   ] GC(4)   Other: 0.2ms
[2022-05-31T17:35:21.357+0200][gc,heap     ] GC(4) Eden regions: 13->0(49)
[2022-05-31T17:35:21.357+0200][gc,heap     ] GC(4) Survivor regions: 6->2(7)
[2022-05-31T17:35:21.357+0200][gc,heap     ] GC(4) Old regions: 7->13
[2022-05-31T17:35:21.357+0200][gc,heap     ] GC(4) Archive regions: 2->2
[2022-05-31T17:35:21.357+0200][gc,heap     ] GC(4) Humongous regions: 129->129
[2022-05-31T17:35:21.357+0200][gc,metaspace] GC(4) Metaspace: 35189K(35520K)->35189K(35520K) NonClass: 31261K(31424K)->31261K(31424K) Class: 3927K(4096K)->3927K(4096K)
[2022-05-31T17:35:21.357+0200][gc          ] GC(4) Pause Young (Concurrent Start) (Metadata GC Threshold) 154M->143M(1024M) 10.000ms
[2022-05-31T17:35:21.357+0200][gc,cpu      ] GC(4) User=0.03s Sys=0.00s Real=0.01s
[2022-05-31T17:35:21.357+0200][gc          ] GC(5) Concurrent Mark Cycle
[2022-05-31T17:35:21.357+0200][gc,marking  ] GC(5) Concurrent Clear Claimed Marks
[2022-05-31T17:35:21.357+0200][gc,marking  ] GC(5) Concurrent Clear Claimed Marks 0.030ms
[2022-05-31T17:35:21.357+0200][gc,marking  ] GC(5) Concurrent Scan Root Regions
[2022-05-31T17:35:21.364+0200][gc,marking  ] GC(5) Concurrent Scan Root Regions 7.198ms
[2022-05-31T17:35:21.364+0200][gc,marking  ] GC(5) Concurrent Mark
[2022-05-31T17:35:21.364+0200][gc,marking  ] GC(5) Concurrent Mark From Roots
[2022-05-31T17:35:21.364+0200][gc,task     ] GC(5) Using 1 workers of 1 for marking
[2022-05-31T17:35:21.385+0200][gc,marking  ] GC(5) Concurrent Mark From Roots 20.651ms
[2022-05-31T17:35:21.385+0200][gc,marking  ] GC(5) Concurrent Preclean
[2022-05-31T17:35:21.385+0200][gc,marking  ] GC(5) Concurrent Preclean 0.178ms
[2022-05-31T17:35:21.385+0200][gc,start    ] GC(5) Pause Remark
[2022-05-31T17:35:21.387+0200][gc          ] GC(5) Pause Remark 144M->144M(1024M) 2.419ms
[2022-05-31T17:35:21.388+0200][gc,cpu      ] GC(5) User=0.01s Sys=0.00s Real=0.00s
[2022-05-31T17:35:21.388+0200][gc,marking  ] GC(5) Concurrent Mark 23.577ms
[2022-05-31T17:35:21.388+0200][gc,marking  ] GC(5) Concurrent Rebuild Remembered Sets
[2022-05-31T17:35:21.407+0200][gc,marking  ] GC(5) Concurrent Rebuild Remembered Sets 19.278ms
[2022-05-31T17:35:21.407+0200][gc,start    ] GC(5) Pause Cleanup
[2022-05-31T17:35:21.407+0200][gc          ] GC(5) Pause Cleanup 144M->144M(1024M) 0.197ms
[2022-05-31T17:35:21.407+0200][gc,cpu      ] GC(5) User=0.00s Sys=0.00s Real=0.00s
[2022-05-31T17:35:21.407+0200][gc,marking  ] GC(5) Concurrent Cleanup for Next Mark
[2022-05-31T17:35:21.426+0200][gc,marking  ] GC(5) Concurrent Cleanup for Next Mark 18.322ms
[2022-05-31T17:35:21.426+0200][gc          ] GC(5) Concurrent Mark Cycle 69.017ms
[2022-05-31T17:47:21.817+0200][gc,heap,exit] Heap
[2022-05-31T17:47:21.817+0200][gc,heap,exit]  garbage-first heap   total 1048576K, used 189797K [0x00000000c0000000, 0x0000000100000000)
[2022-05-31T17:47:21.817+0200][gc,heap,exit]   region size 1024K, 45 young (46080K), 2 survivors (2048K)
[2022-05-31T17:47:21.817+0200][gc,heap,exit]  Metaspace       used 38926K, committed 39296K, reserved 1089536K
[2022-05-31T17:47:21.817+0200][gc,heap,exit]   class space    used 4575K, committed 4736K, reserved 1048576K
