[2022-05-31T18:08:45.410+0200][gc] Using G1
[2022-05-31T18:08:45.418+0200][gc,init] Version: 16.0.2+7-67 (release)
[2022-05-31T18:08:45.418+0200][gc,init] CPUs: 4 total, 4 available
[2022-05-31T18:08:45.418+0200][gc,init] Memory: 7825M
[2022-05-31T18:08:45.418+0200][gc,init] Large Page Support: Disabled
[2022-05-31T18:08:45.418+0200][gc,init] NUMA Support: Disabled
[2022-05-31T18:08:45.418+0200][gc,init] Compressed Oops: Enabled (32-bit)
[2022-05-31T18:08:45.418+0200][gc,init] Heap Region Size: 1M
[2022-05-31T18:08:45.418+0200][gc,init] Heap Min Capacity: 1G
[2022-05-31T18:08:45.418+0200][gc,init] Heap Initial Capacity: 1G
[2022-05-31T18:08:45.418+0200][gc,init] Heap Max Capacity: 1G
[2022-05-31T18:08:45.418+0200][gc,init] Pre-touch: Disabled
[2022-05-31T18:08:45.418+0200][gc,init] Parallel Workers: 4
[2022-05-31T18:08:45.418+0200][gc,init] Concurrent Workers: 1
[2022-05-31T18:08:45.418+0200][gc,init] Concurrent Refinement Workers: 4
[2022-05-31T18:08:45.418+0200][gc,init] Periodic GC: Disabled
[2022-05-31T18:08:45.418+0200][gc,metaspace] CDS archive(s) mapped at: [0x0000000800000000-0x0000000800bc3000-0x0000000800bc3000), size 12333056, SharedBaseAddress: 0x0000000800000000, ArchiveRelocationMode: 0.
[2022-05-31T18:08:45.418+0200][gc,metaspace] Compressed class space mapped at: 0x0000000800c00000-0x0000000840c00000, reserved size: 1073741824
[2022-05-31T18:08:45.418+0200][gc,metaspace] Narrow klass base: 0x0000000800000000, Narrow klass shift: 3, Narrow klass range: 0x100000000
[2022-05-31T18:08:46.724+0200][gc,start    ] GC(0) Pause Young (Normal) (G1 Evacuation Pause)
[2022-05-31T18:08:46.725+0200][gc,task     ] GC(0) Using 4 workers of 4 for evacuation
[2022-05-31T18:08:46.734+0200][gc,phases   ] GC(0)   Pre Evacuate Collection Set: 0.1ms
[2022-05-31T18:08:46.734+0200][gc,phases   ] GC(0)   Merge Heap Roots: 0.0ms
[2022-05-31T18:08:46.734+0200][gc,phases   ] GC(0)   Evacuate Collection Set: 8.6ms
[2022-05-31T18:08:46.734+0200][gc,phases   ] GC(0)   Post Evacuate Collection Set: 0.7ms
[2022-05-31T18:08:46.734+0200][gc,phases   ] GC(0)   Other: 0.6ms
[2022-05-31T18:08:46.734+0200][gc,heap     ] GC(0) Eden regions: 51->0(44)
[2022-05-31T18:08:46.734+0200][gc,heap     ] GC(0) Survivor regions: 0->7(7)
[2022-05-31T18:08:46.734+0200][gc,heap     ] GC(0) Old regions: 0->1
[2022-05-31T18:08:46.734+0200][gc,heap     ] GC(0) Archive regions: 2->2
[2022-05-31T18:08:46.734+0200][gc,heap     ] GC(0) Humongous regions: 0->0
[2022-05-31T18:08:46.734+0200][gc,metaspace] GC(0) Metaspace: 18878K(19072K)->18878K(19072K) NonClass: 16650K(16768K)->16650K(16768K) Class: 2227K(2304K)->2227K(2304K)
[2022-05-31T18:08:46.734+0200][gc          ] GC(0) Pause Young (Normal) (G1 Evacuation Pause) 51M->8M(1024M) 10.268ms
[2022-05-31T18:08:46.734+0200][gc,cpu      ] GC(0) User=0.02s Sys=0.00s Real=0.01s
[2022-05-31T18:08:47.029+0200][gc,start    ] GC(1) Pause Young (Concurrent Start) (Metadata GC Threshold)
[2022-05-31T18:08:47.029+0200][gc,task     ] GC(1) Using 4 workers of 4 for evacuation
[2022-05-31T18:08:47.040+0200][gc,phases   ] GC(1)   Pre Evacuate Collection Set: 0.2ms
[2022-05-31T18:08:47.040+0200][gc,phases   ] GC(1)   Merge Heap Roots: 0.1ms
[2022-05-31T18:08:47.040+0200][gc,phases   ] GC(1)   Evacuate Collection Set: 9.5ms
[2022-05-31T18:08:47.040+0200][gc,phases   ] GC(1)   Post Evacuate Collection Set: 0.8ms
[2022-05-31T18:08:47.040+0200][gc,phases   ] GC(1)   Other: 0.3ms
[2022-05-31T18:08:47.040+0200][gc,heap     ] GC(1) Eden regions: 10->0(50)
[2022-05-31T18:08:47.040+0200][gc,heap     ] GC(1) Survivor regions: 7->1(7)
[2022-05-31T18:08:47.040+0200][gc,heap     ] GC(1) Old regions: 1->7
[2022-05-31T18:08:47.040+0200][gc,heap     ] GC(1) Archive regions: 2->2
[2022-05-31T18:08:47.040+0200][gc,heap     ] GC(1) Humongous regions: 0->0
[2022-05-31T18:08:47.040+0200][gc,metaspace] GC(1) Metaspace: 21050K(21248K)->21050K(21248K) NonClass: 18527K(18624K)->18527K(18624K) Class: 2522K(2624K)->2522K(2624K)
[2022-05-31T18:08:47.040+0200][gc          ] GC(1) Pause Young (Concurrent Start) (Metadata GC Threshold) 17M->8M(1024M) 10.891ms
[2022-05-31T18:08:47.040+0200][gc,cpu      ] GC(1) User=0.03s Sys=0.01s Real=0.01s
[2022-05-31T18:08:47.040+0200][gc          ] GC(2) Concurrent Mark Cycle
[2022-05-31T18:08:47.040+0200][gc,marking  ] GC(2) Concurrent Clear Claimed Marks
[2022-05-31T18:08:47.040+0200][gc,marking  ] GC(2) Concurrent Clear Claimed Marks 0.027ms
[2022-05-31T18:08:47.040+0200][gc,marking  ] GC(2) Concurrent Scan Root Regions
[2022-05-31T18:08:47.045+0200][gc,marking  ] GC(2) Concurrent Scan Root Regions 4.329ms
[2022-05-31T18:08:47.045+0200][gc,marking  ] GC(2) Concurrent Mark
[2022-05-31T18:08:47.045+0200][gc,marking  ] GC(2) Concurrent Mark From Roots
[2022-05-31T18:08:47.045+0200][gc,task     ] GC(2) Using 1 workers of 1 for marking
[2022-05-31T18:08:47.047+0200][gc,marking  ] GC(2) Concurrent Mark From Roots 2.075ms
[2022-05-31T18:08:47.047+0200][gc,marking  ] GC(2) Concurrent Preclean
[2022-05-31T18:08:47.047+0200][gc,marking  ] GC(2) Concurrent Preclean 0.066ms
[2022-05-31T18:08:47.118+0200][gc,start    ] GC(2) Pause Remark
[2022-05-31T18:08:47.120+0200][gc          ] GC(2) Pause Remark 138M->138M(1024M) 2.214ms
[2022-05-31T18:08:47.120+0200][gc,cpu      ] GC(2) User=0.00s Sys=0.00s Real=0.00s
[2022-05-31T18:08:47.120+0200][gc,marking  ] GC(2) Concurrent Mark 75.293ms
[2022-05-31T18:08:47.120+0200][gc,marking  ] GC(2) Concurrent Rebuild Remembered Sets
[2022-05-31T18:08:47.126+0200][gc,marking  ] GC(2) Concurrent Rebuild Remembered Sets 5.604ms
[2022-05-31T18:08:47.126+0200][gc,start    ] GC(2) Pause Cleanup
[2022-05-31T18:08:47.126+0200][gc          ] GC(2) Pause Cleanup 138M->138M(1024M) 0.155ms
[2022-05-31T18:08:47.126+0200][gc,cpu      ] GC(2) User=0.00s Sys=0.00s Real=0.00s
[2022-05-31T18:08:47.126+0200][gc,marking  ] GC(2) Concurrent Cleanup for Next Mark
[2022-05-31T18:08:47.140+0200][gc,marking  ] GC(2) Concurrent Cleanup for Next Mark 13.920ms
[2022-05-31T18:08:47.140+0200][gc          ] GC(2) Concurrent Mark Cycle 99.889ms
[2022-05-31T18:08:48.527+0200][gc,start    ] GC(3) Pause Young (Normal) (G1 Evacuation Pause)
[2022-05-31T18:08:48.527+0200][gc,task     ] GC(3) Using 4 workers of 4 for evacuation
[2022-05-31T18:08:48.534+0200][gc,phases   ] GC(3)   Pre Evacuate Collection Set: 0.2ms
[2022-05-31T18:08:48.534+0200][gc,phases   ] GC(3)   Merge Heap Roots: 0.1ms
[2022-05-31T18:08:48.534+0200][gc,phases   ] GC(3)   Evacuate Collection Set: 5.8ms
[2022-05-31T18:08:48.534+0200][gc,phases   ] GC(3)   Post Evacuate Collection Set: 0.5ms
[2022-05-31T18:08:48.534+0200][gc,phases   ] GC(3)   Other: 0.2ms
[2022-05-31T18:08:48.534+0200][gc,heap     ] GC(3) Eden regions: 50->0(45)
[2022-05-31T18:08:48.534+0200][gc,heap     ] GC(3) Survivor regions: 1->6(7)
[2022-05-31T18:08:48.534+0200][gc,heap     ] GC(3) Old regions: 7->7
[2022-05-31T18:08:48.534+0200][gc,heap     ] GC(3) Archive regions: 2->2
[2022-05-31T18:08:48.534+0200][gc,heap     ] GC(3) Humongous regions: 129->129
[2022-05-31T18:08:48.534+0200][gc,metaspace] GC(3) Metaspace: 32725K(33024K)->32725K(33024K) NonClass: 29132K(29312K)->29132K(29312K) Class: 3592K(3712K)->3592K(3712K)
[2022-05-31T18:08:48.534+0200][gc          ] GC(3) Pause Young (Normal) (G1 Evacuation Pause) 187M->142M(1024M) 6.791ms
[2022-05-31T18:08:48.534+0200][gc,cpu      ] GC(3) User=0.03s Sys=0.00s Real=0.01s
[2022-05-31T18:08:48.827+0200][gc,start    ] GC(4) Pause Young (Concurrent Start) (Metadata GC Threshold)
[2022-05-31T18:08:48.827+0200][gc,task     ] GC(4) Using 4 workers of 4 for evacuation
[2022-05-31T18:08:48.841+0200][gc,phases   ] GC(4)   Pre Evacuate Collection Set: 0.2ms
[2022-05-31T18:08:48.841+0200][gc,phases   ] GC(4)   Merge Heap Roots: 0.1ms
[2022-05-31T18:08:48.841+0200][gc,phases   ] GC(4)   Evacuate Collection Set: 12.4ms
[2022-05-31T18:08:48.841+0200][gc,phases   ] GC(4)   Post Evacuate Collection Set: 1.1ms
[2022-05-31T18:08:48.841+0200][gc,phases   ] GC(4)   Other: 0.3ms
[2022-05-31T18:08:48.841+0200][gc,heap     ] GC(4) Eden regions: 12->0(50)
[2022-05-31T18:08:48.841+0200][gc,heap     ] GC(4) Survivor regions: 6->1(7)
[2022-05-31T18:08:48.841+0200][gc,heap     ] GC(4) Old regions: 7->13
[2022-05-31T18:08:48.841+0200][gc,heap     ] GC(4) Archive regions: 2->2
[2022-05-31T18:08:48.842+0200][gc,heap     ] GC(4) Humongous regions: 129->129
[2022-05-31T18:08:48.842+0200][gc,metaspace] GC(4) Metaspace: 35180K(35520K)->35180K(35520K) NonClass: 31254K(31424K)->31254K(31424K) Class: 3925K(4096K)->3925K(4096K)
[2022-05-31T18:08:48.842+0200][gc          ] GC(4) Pause Young (Concurrent Start) (Metadata GC Threshold) 154M->143M(1024M) 14.235ms
[2022-05-31T18:08:48.842+0200][gc,cpu      ] GC(4) User=0.03s Sys=0.00s Real=0.02s
[2022-05-31T18:08:48.842+0200][gc          ] GC(5) Concurrent Mark Cycle
[2022-05-31T18:08:48.842+0200][gc,marking  ] GC(5) Concurrent Clear Claimed Marks
[2022-05-31T18:08:48.842+0200][gc,marking  ] GC(5) Concurrent Clear Claimed Marks 0.060ms
[2022-05-31T18:08:48.842+0200][gc,marking  ] GC(5) Concurrent Scan Root Regions
[2022-05-31T18:08:48.849+0200][gc,marking  ] GC(5) Concurrent Scan Root Regions 7.438ms
[2022-05-31T18:08:48.849+0200][gc,marking  ] GC(5) Concurrent Mark
[2022-05-31T18:08:48.849+0200][gc,marking  ] GC(5) Concurrent Mark From Roots
[2022-05-31T18:08:48.849+0200][gc,task     ] GC(5) Using 1 workers of 1 for marking
[2022-05-31T18:08:48.868+0200][gc,marking  ] GC(5) Concurrent Mark From Roots 18.230ms
[2022-05-31T18:08:48.868+0200][gc,marking  ] GC(5) Concurrent Preclean
[2022-05-31T18:08:48.868+0200][gc,marking  ] GC(5) Concurrent Preclean 0.164ms
[2022-05-31T18:08:48.869+0200][gc,start    ] GC(5) Pause Remark
[2022-05-31T18:08:48.872+0200][gc          ] GC(5) Pause Remark 144M->144M(1024M) 3.402ms
[2022-05-31T18:08:48.872+0200][gc,cpu      ] GC(5) User=0.01s Sys=0.00s Real=0.01s
[2022-05-31T18:08:48.872+0200][gc,marking  ] GC(5) Concurrent Mark 22.790ms
[2022-05-31T18:08:48.872+0200][gc,marking  ] GC(5) Concurrent Rebuild Remembered Sets
[2022-05-31T18:08:48.902+0200][gc,marking  ] GC(5) Concurrent Rebuild Remembered Sets 30.147ms
[2022-05-31T18:08:48.903+0200][gc,start    ] GC(5) Pause Cleanup
[2022-05-31T18:08:48.903+0200][gc          ] GC(5) Pause Cleanup 144M->144M(1024M) 0.217ms
[2022-05-31T18:08:48.903+0200][gc,cpu      ] GC(5) User=0.00s Sys=0.00s Real=0.00s
[2022-05-31T18:08:48.904+0200][gc,marking  ] GC(5) Concurrent Cleanup for Next Mark
[2022-05-31T18:08:48.919+0200][gc,marking  ] GC(5) Concurrent Cleanup for Next Mark 14.339ms
[2022-05-31T18:08:48.919+0200][gc          ] GC(5) Concurrent Mark Cycle 76.949ms
[2022-05-31T18:38:25.511+0200][gc,start    ] GC(6) Pause Young (Normal) (G1 Evacuation Pause)
[2022-05-31T18:38:25.525+0200][gc,task     ] GC(6) Using 4 workers of 4 for evacuation
[2022-05-31T18:38:25.532+0200][gc,phases   ] GC(6)   Pre Evacuate Collection Set: 0.5ms
[2022-05-31T18:38:25.532+0200][gc,phases   ] GC(6)   Merge Heap Roots: 0.1ms
[2022-05-31T18:38:25.532+0200][gc,phases   ] GC(6)   Evacuate Collection Set: 4.9ms
[2022-05-31T18:38:25.532+0200][gc,phases   ] GC(6)   Post Evacuate Collection Set: 0.7ms
[2022-05-31T18:38:25.532+0200][gc,phases   ] GC(6)   Other: 14.4ms
[2022-05-31T18:38:25.532+0200][gc,heap     ] GC(6) Eden regions: 50->0(49)
[2022-05-31T18:38:25.532+0200][gc,heap     ] GC(6) Survivor regions: 1->2(7)
[2022-05-31T18:38:25.532+0200][gc,heap     ] GC(6) Old regions: 13->13
[2022-05-31T18:38:25.532+0200][gc,heap     ] GC(6) Archive regions: 2->2
[2022-05-31T18:38:25.532+0200][gc,heap     ] GC(6) Humongous regions: 129->129
[2022-05-31T18:38:25.532+0200][gc,metaspace] GC(6) Metaspace: 38541K(39040K)->38541K(39040K) NonClass: 34133K(34432K)->34133K(34432K) Class: 4408K(4608K)->4408K(4608K)
[2022-05-31T18:38:25.532+0200][gc          ] GC(6) Pause Young (Normal) (G1 Evacuation Pause) 193M->144M(1024M) 20.659ms
[2022-05-31T18:38:25.532+0200][gc,cpu      ] GC(6) User=0.02s Sys=0.01s Real=0.02s
[2022-05-31T18:38:28.231+0200][gc,heap,exit] Heap
[2022-05-31T18:38:28.231+0200][gc,heap,exit]  garbage-first heap   total 1048576K, used 157146K [0x00000000c0000000, 0x0000000100000000)
[2022-05-31T18:38:28.231+0200][gc,heap,exit]   region size 1024K, 12 young (12288K), 2 survivors (2048K)
[2022-05-31T18:38:28.231+0200][gc,heap,exit]  Metaspace       used 39115K, committed 39552K, reserved 1089536K
[2022-05-31T18:38:28.231+0200][gc,heap,exit]   class space    used 4539K, committed 4736K, reserved 1048576K
