[2022-05-31T17:56:15.781+0200][gc] Using G1
[2022-05-31T17:56:15.791+0200][gc,init] Version: 16.0.2+7-67 (release)
[2022-05-31T17:56:15.791+0200][gc,init] CPUs: 4 total, 4 available
[2022-05-31T17:56:15.791+0200][gc,init] Memory: 7825M
[2022-05-31T17:56:15.791+0200][gc,init] Large Page Support: Disabled
[2022-05-31T17:56:15.791+0200][gc,init] NUMA Support: Disabled
[2022-05-31T17:56:15.791+0200][gc,init] Compressed Oops: Enabled (32-bit)
[2022-05-31T17:56:15.791+0200][gc,init] Heap Region Size: 1M
[2022-05-31T17:56:15.791+0200][gc,init] Heap Min Capacity: 1G
[2022-05-31T17:56:15.791+0200][gc,init] Heap Initial Capacity: 1G
[2022-05-31T17:56:15.791+0200][gc,init] Heap Max Capacity: 1G
[2022-05-31T17:56:15.791+0200][gc,init] Pre-touch: Disabled
[2022-05-31T17:56:15.791+0200][gc,init] Parallel Workers: 4
[2022-05-31T17:56:15.791+0200][gc,init] Concurrent Workers: 1
[2022-05-31T17:56:15.791+0200][gc,init] Concurrent Refinement Workers: 4
[2022-05-31T17:56:15.791+0200][gc,init] Periodic GC: Disabled
[2022-05-31T17:56:15.791+0200][gc,metaspace] CDS archive(s) mapped at: [0x0000000800000000-0x0000000800bc3000-0x0000000800bc3000), size 12333056, SharedBaseAddress: 0x0000000800000000, ArchiveRelocationMode: 0.
[2022-05-31T17:56:15.791+0200][gc,metaspace] Compressed class space mapped at: 0x0000000800c00000-0x0000000840c00000, reserved size: 1073741824
[2022-05-31T17:56:15.791+0200][gc,metaspace] Narrow klass base: 0x0000000800000000, Narrow klass shift: 3, Narrow klass range: 0x100000000
[2022-05-31T17:56:17.789+0200][gc,start    ] GC(0) Pause Young (Normal) (G1 Evacuation Pause)
[2022-05-31T17:56:17.789+0200][gc,task     ] GC(0) Using 4 workers of 4 for evacuation
[2022-05-31T17:56:17.801+0200][gc,phases   ] GC(0)   Pre Evacuate Collection Set: 0.2ms
[2022-05-31T17:56:17.801+0200][gc,phases   ] GC(0)   Merge Heap Roots: 0.0ms
[2022-05-31T17:56:17.801+0200][gc,phases   ] GC(0)   Evacuate Collection Set: 10.8ms
[2022-05-31T17:56:17.801+0200][gc,phases   ] GC(0)   Post Evacuate Collection Set: 0.9ms
[2022-05-31T17:56:17.801+0200][gc,phases   ] GC(0)   Other: 0.7ms
[2022-05-31T17:56:17.801+0200][gc,heap     ] GC(0) Eden regions: 51->0(44)
[2022-05-31T17:56:17.801+0200][gc,heap     ] GC(0) Survivor regions: 0->7(7)
[2022-05-31T17:56:17.801+0200][gc,heap     ] GC(0) Old regions: 0->0
[2022-05-31T17:56:17.801+0200][gc,heap     ] GC(0) Archive regions: 2->2
[2022-05-31T17:56:17.801+0200][gc,heap     ] GC(0) Humongous regions: 0->0
[2022-05-31T17:56:17.801+0200][gc,metaspace] GC(0) Metaspace: 18862K(19072K)->18862K(19072K) NonClass: 16633K(16768K)->16633K(16768K) Class: 2229K(2304K)->2229K(2304K)
[2022-05-31T17:56:17.801+0200][gc          ] GC(0) Pause Young (Normal) (G1 Evacuation Pause) 51M->7M(1024M) 12.762ms
[2022-05-31T17:56:17.801+0200][gc,cpu      ] GC(0) User=0.02s Sys=0.00s Real=0.02s
[2022-05-31T17:56:18.200+0200][gc,start    ] GC(1) Pause Young (Concurrent Start) (Metadata GC Threshold)
[2022-05-31T17:56:18.201+0200][gc,task     ] GC(1) Using 4 workers of 4 for evacuation
[2022-05-31T17:56:18.219+0200][gc,phases   ] GC(1)   Pre Evacuate Collection Set: 0.2ms
[2022-05-31T17:56:18.219+0200][gc,phases   ] GC(1)   Merge Heap Roots: 0.1ms
[2022-05-31T17:56:18.219+0200][gc,phases   ] GC(1)   Evacuate Collection Set: 13.3ms
[2022-05-31T17:56:18.219+0200][gc,phases   ] GC(1)   Post Evacuate Collection Set: 5.0ms
[2022-05-31T17:56:18.219+0200][gc,phases   ] GC(1)   Other: 0.3ms
[2022-05-31T17:56:18.219+0200][gc,heap     ] GC(1) Eden regions: 10->0(50)
[2022-05-31T17:56:18.219+0200][gc,heap     ] GC(1) Survivor regions: 7->1(7)
[2022-05-31T17:56:18.219+0200][gc,heap     ] GC(1) Old regions: 0->7
[2022-05-31T17:56:18.219+0200][gc,heap     ] GC(1) Archive regions: 2->2
[2022-05-31T17:56:18.219+0200][gc,heap     ] GC(1) Humongous regions: 0->0
[2022-05-31T17:56:18.219+0200][gc,metaspace] GC(1) Metaspace: 21020K(21248K)->21020K(21248K) NonClass: 18497K(18624K)->18497K(18624K) Class: 2522K(2624K)->2522K(2624K)
[2022-05-31T17:56:18.219+0200][gc          ] GC(1) Pause Young (Concurrent Start) (Metadata GC Threshold) 17M->8M(1024M) 18.933ms
[2022-05-31T17:56:18.219+0200][gc,cpu      ] GC(1) User=0.03s Sys=0.01s Real=0.02s
[2022-05-31T17:56:18.221+0200][gc          ] GC(2) Concurrent Mark Cycle
[2022-05-31T17:56:18.221+0200][gc,marking  ] GC(2) Concurrent Clear Claimed Marks
[2022-05-31T17:56:18.221+0200][gc,marking  ] GC(2) Concurrent Clear Claimed Marks 0.036ms
[2022-05-31T17:56:18.221+0200][gc,marking  ] GC(2) Concurrent Scan Root Regions
[2022-05-31T17:56:18.227+0200][gc,marking  ] GC(2) Concurrent Scan Root Regions 5.701ms
[2022-05-31T17:56:18.227+0200][gc,marking  ] GC(2) Concurrent Mark
[2022-05-31T17:56:18.227+0200][gc,marking  ] GC(2) Concurrent Mark From Roots
[2022-05-31T17:56:18.227+0200][gc,task     ] GC(2) Using 1 workers of 1 for marking
[2022-05-31T17:56:18.232+0200][gc,marking  ] GC(2) Concurrent Mark From Roots 4.740ms
[2022-05-31T17:56:18.232+0200][gc,marking  ] GC(2) Concurrent Preclean
[2022-05-31T17:56:18.232+0200][gc,marking  ] GC(2) Concurrent Preclean 0.099ms
[2022-05-31T17:56:18.335+0200][gc,start    ] GC(2) Pause Remark
[2022-05-31T17:56:18.339+0200][gc          ] GC(2) Pause Remark 138M->138M(1024M) 4.429ms
[2022-05-31T17:56:18.339+0200][gc,cpu      ] GC(2) User=0.00s Sys=0.00s Real=0.00s
[2022-05-31T17:56:18.340+0200][gc,marking  ] GC(2) Concurrent Mark 112.464ms
[2022-05-31T17:56:18.340+0200][gc,marking  ] GC(2) Concurrent Rebuild Remembered Sets
[2022-05-31T17:56:18.350+0200][gc,marking  ] GC(2) Concurrent Rebuild Remembered Sets 10.608ms
[2022-05-31T17:56:18.351+0200][gc,start    ] GC(2) Pause Cleanup
[2022-05-31T17:56:18.351+0200][gc          ] GC(2) Pause Cleanup 138M->138M(1024M) 0.299ms
[2022-05-31T17:56:18.351+0200][gc,cpu      ] GC(2) User=0.00s Sys=0.00s Real=0.00s
[2022-05-31T17:56:18.351+0200][gc,marking  ] GC(2) Concurrent Cleanup for Next Mark
[2022-05-31T17:56:18.367+0200][gc,marking  ] GC(2) Concurrent Cleanup for Next Mark 15.621ms
[2022-05-31T17:56:18.367+0200][gc          ] GC(2) Concurrent Mark Cycle 145.546ms
[2022-05-31T17:56:20.593+0200][gc,start    ] GC(3) Pause Young (Normal) (G1 Evacuation Pause)
[2022-05-31T17:56:20.593+0200][gc,task     ] GC(3) Using 4 workers of 4 for evacuation
[2022-05-31T17:56:20.603+0200][gc,phases   ] GC(3)   Pre Evacuate Collection Set: 0.1ms
[2022-05-31T17:56:20.603+0200][gc,phases   ] GC(3)   Merge Heap Roots: 0.1ms
[2022-05-31T17:56:20.603+0200][gc,phases   ] GC(3)   Evacuate Collection Set: 9.2ms
[2022-05-31T17:56:20.603+0200][gc,phases   ] GC(3)   Post Evacuate Collection Set: 0.8ms
[2022-05-31T17:56:20.603+0200][gc,phases   ] GC(3)   Other: 0.2ms
[2022-05-31T17:56:20.603+0200][gc,heap     ] GC(3) Eden regions: 50->0(45)
[2022-05-31T17:56:20.603+0200][gc,heap     ] GC(3) Survivor regions: 1->6(7)
[2022-05-31T17:56:20.603+0200][gc,heap     ] GC(3) Old regions: 7->7
[2022-05-31T17:56:20.603+0200][gc,heap     ] GC(3) Archive regions: 2->2
[2022-05-31T17:56:20.603+0200][gc,heap     ] GC(3) Humongous regions: 129->129
[2022-05-31T17:56:20.603+0200][gc,metaspace] GC(3) Metaspace: 32723K(33024K)->32723K(33024K) NonClass: 29130K(29312K)->29130K(29312K) Class: 3593K(3712K)->3593K(3712K)
[2022-05-31T17:56:20.603+0200][gc          ] GC(3) Pause Young (Normal) (G1 Evacuation Pause) 187M->142M(1024M) 10.580ms
[2022-05-31T17:56:20.603+0200][gc,cpu      ] GC(3) User=0.04s Sys=0.00s Real=0.01s
[2022-05-31T17:56:20.928+0200][gc,start    ] GC(4) Pause Young (Concurrent Start) (Metadata GC Threshold)
[2022-05-31T17:56:20.928+0200][gc,task     ] GC(4) Using 4 workers of 4 for evacuation
[2022-05-31T17:56:20.940+0200][gc,phases   ] GC(4)   Pre Evacuate Collection Set: 0.2ms
[2022-05-31T17:56:20.940+0200][gc,phases   ] GC(4)   Merge Heap Roots: 0.0ms
[2022-05-31T17:56:20.940+0200][gc,phases   ] GC(4)   Evacuate Collection Set: 10.7ms
[2022-05-31T17:56:20.940+0200][gc,phases   ] GC(4)   Post Evacuate Collection Set: 0.5ms
[2022-05-31T17:56:20.940+0200][gc,phases   ] GC(4)   Other: 0.2ms
[2022-05-31T17:56:20.940+0200][gc,heap     ] GC(4) Eden regions: 12->0(50)
[2022-05-31T17:56:20.940+0200][gc,heap     ] GC(4) Survivor regions: 6->1(7)
[2022-05-31T17:56:20.940+0200][gc,heap     ] GC(4) Old regions: 7->13
[2022-05-31T17:56:20.940+0200][gc,heap     ] GC(4) Archive regions: 2->2
[2022-05-31T17:56:20.940+0200][gc,heap     ] GC(4) Humongous regions: 129->129
[2022-05-31T17:56:20.940+0200][gc,metaspace] GC(4) Metaspace: 35182K(35520K)->35182K(35520K) NonClass: 31256K(31424K)->31256K(31424K) Class: 3925K(4096K)->3925K(4096K)
[2022-05-31T17:56:20.940+0200][gc          ] GC(4) Pause Young (Concurrent Start) (Metadata GC Threshold) 154M->143M(1024M) 11.703ms
[2022-05-31T17:56:20.940+0200][gc,cpu      ] GC(4) User=0.04s Sys=0.00s Real=0.01s
[2022-05-31T17:56:20.940+0200][gc          ] GC(5) Concurrent Mark Cycle
[2022-05-31T17:56:20.940+0200][gc,marking  ] GC(5) Concurrent Clear Claimed Marks
[2022-05-31T17:56:20.940+0200][gc,marking  ] GC(5) Concurrent Clear Claimed Marks 0.034ms
[2022-05-31T17:56:20.940+0200][gc,marking  ] GC(5) Concurrent Scan Root Regions
[2022-05-31T17:56:20.947+0200][gc,marking  ] GC(5) Concurrent Scan Root Regions 7.509ms
[2022-05-31T17:56:20.947+0200][gc,marking  ] GC(5) Concurrent Mark
[2022-05-31T17:56:20.947+0200][gc,marking  ] GC(5) Concurrent Mark From Roots
[2022-05-31T17:56:20.947+0200][gc,task     ] GC(5) Using 1 workers of 1 for marking
[2022-05-31T17:56:20.974+0200][gc,marking  ] GC(5) Concurrent Mark From Roots 26.430ms
[2022-05-31T17:56:20.974+0200][gc,marking  ] GC(5) Concurrent Preclean
[2022-05-31T17:56:20.974+0200][gc,marking  ] GC(5) Concurrent Preclean 0.159ms
[2022-05-31T17:56:20.974+0200][gc,start    ] GC(5) Pause Remark
[2022-05-31T17:56:20.977+0200][gc          ] GC(5) Pause Remark 144M->144M(1024M) 3.060ms
[2022-05-31T17:56:20.977+0200][gc,cpu      ] GC(5) User=0.01s Sys=0.00s Real=0.00s
[2022-05-31T17:56:20.977+0200][gc,marking  ] GC(5) Concurrent Mark 30.008ms
[2022-05-31T17:56:20.977+0200][gc,marking  ] GC(5) Concurrent Rebuild Remembered Sets
[2022-05-31T17:56:20.994+0200][gc,marking  ] GC(5) Concurrent Rebuild Remembered Sets 16.167ms
[2022-05-31T17:56:20.994+0200][gc,start    ] GC(5) Pause Cleanup
[2022-05-31T17:56:20.994+0200][gc          ] GC(5) Pause Cleanup 144M->144M(1024M) 0.170ms
[2022-05-31T17:56:20.994+0200][gc,cpu      ] GC(5) User=0.00s Sys=0.00s Real=0.00s
[2022-05-31T17:56:20.994+0200][gc,marking  ] GC(5) Concurrent Cleanup for Next Mark
[2022-05-31T17:56:21.008+0200][gc,marking  ] GC(5) Concurrent Cleanup for Next Mark 14.209ms
[2022-05-31T17:56:21.008+0200][gc          ] GC(5) Concurrent Mark Cycle 68.621ms
[2022-05-31T17:57:10.503+0200][gc,start    ] GC(6) Pause Young (Normal) (G1 Evacuation Pause)
[2022-05-31T17:57:10.503+0200][gc,task     ] GC(6) Using 4 workers of 4 for evacuation
[2022-05-31T17:57:10.509+0200][gc,phases   ] GC(6)   Pre Evacuate Collection Set: 0.3ms
[2022-05-31T17:57:10.510+0200][gc,phases   ] GC(6)   Merge Heap Roots: 0.1ms
[2022-05-31T17:57:10.510+0200][gc,phases   ] GC(6)   Evacuate Collection Set: 5.6ms
[2022-05-31T17:57:10.510+0200][gc,phases   ] GC(6)   Post Evacuate Collection Set: 0.8ms
[2022-05-31T17:57:10.510+0200][gc,phases   ] GC(6)   Other: 0.2ms
[2022-05-31T17:57:10.510+0200][gc,heap     ] GC(6) Eden regions: 50->0(49)
[2022-05-31T17:57:10.510+0200][gc,heap     ] GC(6) Survivor regions: 1->2(7)
[2022-05-31T17:57:10.510+0200][gc,heap     ] GC(6) Old regions: 13->13
[2022-05-31T17:57:10.510+0200][gc,heap     ] GC(6) Archive regions: 2->2
[2022-05-31T17:57:10.510+0200][gc,heap     ] GC(6) Humongous regions: 129->129
[2022-05-31T17:57:10.510+0200][gc,metaspace] GC(6) Metaspace: 37384K(37824K)->37384K(37824K) NonClass: 33113K(33408K)->33113K(33408K) Class: 4271K(4416K)->4271K(4416K)
[2022-05-31T17:57:10.510+0200][gc          ] GC(6) Pause Young (Normal) (G1 Evacuation Pause) 193M->143M(1024M) 7.121ms
[2022-05-31T17:57:10.510+0200][gc,cpu      ] GC(6) User=0.01s Sys=0.00s Real=0.00s
[2022-05-31T17:57:11.008+0200][gc,start    ] GC(7) Pause Young (Normal) (G1 Evacuation Pause)
[2022-05-31T17:57:11.008+0200][gc,task     ] GC(7) Using 4 workers of 4 for evacuation
[2022-05-31T17:57:11.014+0200][gc,phases   ] GC(7)   Pre Evacuate Collection Set: 0.3ms
[2022-05-31T17:57:11.014+0200][gc,phases   ] GC(7)   Merge Heap Roots: 0.1ms
[2022-05-31T17:57:11.014+0200][gc,phases   ] GC(7)   Evacuate Collection Set: 5.1ms
[2022-05-31T17:57:11.014+0200][gc,phases   ] GC(7)   Post Evacuate Collection Set: 0.6ms
[2022-05-31T17:57:11.014+0200][gc,phases   ] GC(7)   Other: 0.1ms
[2022-05-31T17:57:11.014+0200][gc,heap     ] GC(7) Eden regions: 49->0(49)
[2022-05-31T17:57:11.014+0200][gc,heap     ] GC(7) Survivor regions: 2->2(7)
[2022-05-31T17:57:11.014+0200][gc,heap     ] GC(7) Old regions: 13->13
[2022-05-31T17:57:11.014+0200][gc,heap     ] GC(7) Archive regions: 2->2
[2022-05-31T17:57:11.014+0200][gc,heap     ] GC(7) Humongous regions: 129->129
[2022-05-31T17:57:11.014+0200][gc,metaspace] GC(7) Metaspace: 37607K(38080K)->37607K(38080K) NonClass: 33335K(33600K)->33335K(33600K) Class: 4271K(4480K)->4271K(4480K)
[2022-05-31T17:57:11.014+0200][gc          ] GC(7) Pause Young (Normal) (G1 Evacuation Pause) 192M->144M(1024M) 6.299ms
[2022-05-31T17:57:11.014+0200][gc,cpu      ] GC(7) User=0.01s Sys=0.00s Real=0.01s
[2022-05-31T17:57:11.557+0200][gc,start    ] GC(8) Pause Young (Normal) (G1 Evacuation Pause)
[2022-05-31T17:57:11.557+0200][gc,task     ] GC(8) Using 4 workers of 4 for evacuation
[2022-05-31T17:57:11.561+0200][gc,phases   ] GC(8)   Pre Evacuate Collection Set: 0.1ms
[2022-05-31T17:57:11.561+0200][gc,phases   ] GC(8)   Merge Heap Roots: 0.1ms
[2022-05-31T17:57:11.561+0200][gc,phases   ] GC(8)   Evacuate Collection Set: 3.2ms
[2022-05-31T17:57:11.561+0200][gc,phases   ] GC(8)   Post Evacuate Collection Set: 0.6ms
[2022-05-31T17:57:11.561+0200][gc,phases   ] GC(8)   Other: 0.2ms
[2022-05-31T17:57:11.561+0200][gc,heap     ] GC(8) Eden regions: 49->0(49)
[2022-05-31T17:57:11.561+0200][gc,heap     ] GC(8) Survivor regions: 2->2(7)
[2022-05-31T17:57:11.561+0200][gc,heap     ] GC(8) Old regions: 13->13
[2022-05-31T17:57:11.561+0200][gc,heap     ] GC(8) Archive regions: 2->2
[2022-05-31T17:57:11.561+0200][gc,heap     ] GC(8) Humongous regions: 129->129
[2022-05-31T17:57:11.561+0200][gc,metaspace] GC(8) Metaspace: 37728K(38144K)->37728K(38144K) NonClass: 33457K(33664K)->33457K(33664K) Class: 4271K(4480K)->4271K(4480K)
[2022-05-31T17:57:11.561+0200][gc          ] GC(8) Pause Young (Normal) (G1 Evacuation Pause) 193M->144M(1024M) 4.341ms
[2022-05-31T17:57:11.561+0200][gc,cpu      ] GC(8) User=0.01s Sys=0.00s Real=0.00s
[2022-05-31T17:57:12.137+0200][gc,start    ] GC(9) Pause Young (Normal) (G1 Evacuation Pause)
[2022-05-31T17:57:12.137+0200][gc,task     ] GC(9) Using 4 workers of 4 for evacuation
[2022-05-31T17:57:12.141+0200][gc,phases   ] GC(9)   Pre Evacuate Collection Set: 0.1ms
[2022-05-31T17:57:12.141+0200][gc,phases   ] GC(9)   Merge Heap Roots: 0.0ms
[2022-05-31T17:57:12.141+0200][gc,phases   ] GC(9)   Evacuate Collection Set: 3.0ms
[2022-05-31T17:57:12.141+0200][gc,phases   ] GC(9)   Post Evacuate Collection Set: 0.7ms
[2022-05-31T17:57:12.142+0200][gc,phases   ] GC(9)   Other: 0.2ms
[2022-05-31T17:57:12.142+0200][gc,heap     ] GC(9) Eden regions: 49->0(51)
[2022-05-31T17:57:12.142+0200][gc,heap     ] GC(9) Survivor regions: 2->2(7)
[2022-05-31T17:57:12.142+0200][gc,heap     ] GC(9) Old regions: 13->13
[2022-05-31T17:57:12.142+0200][gc,heap     ] GC(9) Archive regions: 2->2
[2022-05-31T17:57:12.142+0200][gc,heap     ] GC(9) Humongous regions: 129->129
[2022-05-31T17:57:12.142+0200][gc,metaspace] GC(9) Metaspace: 37840K(38336K)->37840K(38336K) NonClass: 33569K(33856K)->33569K(33856K) Class: 4271K(4480K)->4271K(4480K)
[2022-05-31T17:57:12.142+0200][gc          ] GC(9) Pause Young (Normal) (G1 Evacuation Pause) 193M->144M(1024M) 4.248ms
[2022-05-31T17:57:12.142+0200][gc,cpu      ] GC(9) User=0.01s Sys=0.00s Real=0.01s
[2022-05-31T17:57:12.699+0200][gc,start    ] GC(10) Pause Young (Normal) (G1 Evacuation Pause)
[2022-05-31T17:57:12.699+0200][gc,task     ] GC(10) Using 4 workers of 4 for evacuation
[2022-05-31T17:57:12.703+0200][gc,phases   ] GC(10)   Pre Evacuate Collection Set: 0.1ms
[2022-05-31T17:57:12.703+0200][gc,phases   ] GC(10)   Merge Heap Roots: 0.0ms
[2022-05-31T17:57:12.703+0200][gc,phases   ] GC(10)   Evacuate Collection Set: 3.0ms
[2022-05-31T17:57:12.703+0200][gc,phases   ] GC(10)   Post Evacuate Collection Set: 0.8ms
[2022-05-31T17:57:12.703+0200][gc,phases   ] GC(10)   Other: 0.1ms
[2022-05-31T17:57:12.704+0200][gc,heap     ] GC(10) Eden regions: 51->0(67)
[2022-05-31T17:57:12.704+0200][gc,heap     ] GC(10) Survivor regions: 2->2(7)
[2022-05-31T17:57:12.704+0200][gc,heap     ] GC(10) Old regions: 13->13
[2022-05-31T17:57:12.704+0200][gc,heap     ] GC(10) Archive regions: 2->2
[2022-05-31T17:57:12.704+0200][gc,heap     ] GC(10) Humongous regions: 129->129
[2022-05-31T17:57:12.704+0200][gc,metaspace] GC(10) Metaspace: 37900K(38400K)->37900K(38400K) NonClass: 33629K(33920K)->33629K(33920K) Class: 4271K(4480K)->4271K(4480K)
[2022-05-31T17:57:12.704+0200][gc          ] GC(10) Pause Young (Normal) (G1 Evacuation Pause) 194M->144M(1024M) 4.285ms
[2022-05-31T17:57:12.704+0200][gc,cpu      ] GC(10) User=0.01s Sys=0.00s Real=0.01s
[2022-05-31T17:57:13.418+0200][gc,start    ] GC(11) Pause Young (Normal) (G1 Evacuation Pause)
[2022-05-31T17:57:13.418+0200][gc,task     ] GC(11) Using 4 workers of 4 for evacuation
[2022-05-31T17:57:13.423+0200][gc,phases   ] GC(11)   Pre Evacuate Collection Set: 0.1ms
[2022-05-31T17:57:13.423+0200][gc,phases   ] GC(11)   Merge Heap Roots: 0.1ms
[2022-05-31T17:57:13.423+0200][gc,phases   ] GC(11)   Evacuate Collection Set: 3.9ms
[2022-05-31T17:57:13.423+0200][gc,phases   ] GC(11)   Post Evacuate Collection Set: 0.8ms
[2022-05-31T17:57:13.423+0200][gc,phases   ] GC(11)   Other: 0.2ms
[2022-05-31T17:57:13.423+0200][gc,heap     ] GC(11) Eden regions: 67->0(192)
[2022-05-31T17:57:13.423+0200][gc,heap     ] GC(11) Survivor regions: 2->3(9)
[2022-05-31T17:57:13.423+0200][gc,heap     ] GC(11) Old regions: 13->13
[2022-05-31T17:57:13.423+0200][gc,heap     ] GC(11) Archive regions: 2->2
[2022-05-31T17:57:13.423+0200][gc,heap     ] GC(11) Humongous regions: 129->129
[2022-05-31T17:57:13.423+0200][gc,metaspace] GC(11) Metaspace: 38294K(38720K)->38294K(38720K) NonClass: 34023K(34240K)->34023K(34240K) Class: 4271K(4480K)->4271K(4480K)
[2022-05-31T17:57:13.423+0200][gc          ] GC(11) Pause Young (Normal) (G1 Evacuation Pause) 211M->144M(1024M) 5.226ms
[2022-05-31T17:57:13.423+0200][gc,cpu      ] GC(11) User=0.00s Sys=0.00s Real=0.01s
[2022-05-31T17:57:15.488+0200][gc,start    ] GC(12) Pause Young (Normal) (G1 Evacuation Pause)
[2022-05-31T17:57:15.488+0200][gc,task     ] GC(12) Using 4 workers of 4 for evacuation
[2022-05-31T17:57:15.494+0200][gc,phases   ] GC(12)   Pre Evacuate Collection Set: 0.1ms
[2022-05-31T17:57:15.494+0200][gc,phases   ] GC(12)   Merge Heap Roots: 0.1ms
[2022-05-31T17:57:15.494+0200][gc,phases   ] GC(12)   Evacuate Collection Set: 5.3ms
[2022-05-31T17:57:15.494+0200][gc,phases   ] GC(12)   Post Evacuate Collection Set: 0.6ms
[2022-05-31T17:57:15.494+0200][gc,phases   ] GC(12)   Other: 0.2ms
[2022-05-31T17:57:15.494+0200][gc,heap     ] GC(12) Eden regions: 192->0(295)
[2022-05-31T17:57:15.494+0200][gc,heap     ] GC(12) Survivor regions: 3->3(25)
[2022-05-31T17:57:15.494+0200][gc,heap     ] GC(12) Old regions: 13->13
[2022-05-31T17:57:15.494+0200][gc,heap     ] GC(12) Archive regions: 2->2
[2022-05-31T17:57:15.494+0200][gc,heap     ] GC(12) Humongous regions: 129->129
[2022-05-31T17:57:15.494+0200][gc,metaspace] GC(12) Metaspace: 38457K(38912K)->38457K(38912K) NonClass: 34186K(34432K)->34186K(34432K) Class: 4271K(4480K)->4271K(4480K)
[2022-05-31T17:57:15.494+0200][gc          ] GC(12) Pause Young (Normal) (G1 Evacuation Pause) 336M->144M(1024M) 6.565ms
[2022-05-31T17:57:15.494+0200][gc,cpu      ] GC(12) User=0.01s Sys=0.00s Real=0.01s
[2022-05-31T17:57:18.952+0200][gc,start    ] GC(13) Pause Young (Normal) (G1 Evacuation Pause)
[2022-05-31T17:57:18.952+0200][gc,task     ] GC(13) Using 4 workers of 4 for evacuation
[2022-05-31T17:57:18.960+0200][gc,phases   ] GC(13)   Pre Evacuate Collection Set: 0.2ms
[2022-05-31T17:57:18.960+0200][gc,phases   ] GC(13)   Merge Heap Roots: 0.1ms
[2022-05-31T17:57:18.960+0200][gc,phases   ] GC(13)   Evacuate Collection Set: 6.7ms
[2022-05-31T17:57:18.960+0200][gc,phases   ] GC(13)   Post Evacuate Collection Set: 0.7ms
[2022-05-31T17:57:18.960+0200][gc,phases   ] GC(13)   Other: 0.2ms
[2022-05-31T17:57:18.960+0200][gc,heap     ] GC(13) Eden regions: 295->0(461)
[2022-05-31T17:57:18.960+0200][gc,heap     ] GC(13) Survivor regions: 3->3(38)
[2022-05-31T17:57:18.960+0200][gc,heap     ] GC(13) Old regions: 13->13
[2022-05-31T17:57:18.960+0200][gc,heap     ] GC(13) Archive regions: 2->2
[2022-05-31T17:57:18.960+0200][gc,heap     ] GC(13) Humongous regions: 129->129
[2022-05-31T17:57:18.960+0200][gc,metaspace] GC(13) Metaspace: 38486K(38912K)->38486K(38912K) NonClass: 34214K(34432K)->34214K(34432K) Class: 4271K(4480K)->4271K(4480K)
[2022-05-31T17:57:18.960+0200][gc          ] GC(13) Pause Young (Normal) (G1 Evacuation Pause) 439M->144M(1024M) 8.045ms
[2022-05-31T17:57:18.960+0200][gc,cpu      ] GC(13) User=0.01s Sys=0.01s Real=0.00s
[2022-05-31T17:57:23.928+0200][gc,start    ] GC(14) Pause Young (Normal) (G1 Evacuation Pause)
[2022-05-31T17:57:23.929+0200][gc,task     ] GC(14) Using 4 workers of 4 for evacuation
[2022-05-31T17:57:23.935+0200][gc,phases   ] GC(14)   Pre Evacuate Collection Set: 0.2ms
[2022-05-31T17:57:23.935+0200][gc,phases   ] GC(14)   Merge Heap Roots: 0.1ms
[2022-05-31T17:57:23.935+0200][gc,phases   ] GC(14)   Evacuate Collection Set: 4.4ms
[2022-05-31T17:57:23.935+0200][gc,phases   ] GC(14)   Post Evacuate Collection Set: 1.2ms
[2022-05-31T17:57:23.935+0200][gc,phases   ] GC(14)   Other: 0.3ms
[2022-05-31T17:57:23.935+0200][gc,heap     ] GC(14) Eden regions: 461->0(611)
[2022-05-31T17:57:23.935+0200][gc,heap     ] GC(14) Survivor regions: 3->3(58)
[2022-05-31T17:57:23.935+0200][gc,heap     ] GC(14) Old regions: 13->13
[2022-05-31T17:57:23.935+0200][gc,heap     ] GC(14) Archive regions: 2->2
[2022-05-31T17:57:23.935+0200][gc,heap     ] GC(14) Humongous regions: 129->129
[2022-05-31T17:57:23.935+0200][gc,metaspace] GC(14) Metaspace: 38489K(38912K)->38489K(38912K) NonClass: 34217K(34432K)->34217K(34432K) Class: 4271K(4480K)->4271K(4480K)
[2022-05-31T17:57:23.935+0200][gc          ] GC(14) Pause Young (Normal) (G1 Evacuation Pause) 605M->144M(1024M) 6.353ms
[2022-05-31T17:57:23.935+0200][gc,cpu      ] GC(14) User=0.01s Sys=0.01s Real=0.01s
[2022-05-31T17:57:30.343+0200][gc,start    ] GC(15) Pause Young (Normal) (G1 Evacuation Pause)
[2022-05-31T17:57:30.343+0200][gc,task     ] GC(15) Using 4 workers of 4 for evacuation
[2022-05-31T17:57:30.352+0200][gc,phases   ] GC(15)   Pre Evacuate Collection Set: 0.1ms
[2022-05-31T17:57:30.352+0200][gc,phases   ] GC(15)   Merge Heap Roots: 0.1ms
[2022-05-31T17:57:30.352+0200][gc,phases   ] GC(15)   Evacuate Collection Set: 7.1ms
[2022-05-31T17:57:30.352+0200][gc,phases   ] GC(15)   Post Evacuate Collection Set: 1.0ms
[2022-05-31T17:57:30.352+0200][gc,phases   ] GC(15)   Other: 0.2ms
[2022-05-31T17:57:30.352+0200][gc,heap     ] GC(15) Eden regions: 611->0(611)
[2022-05-31T17:57:30.352+0200][gc,heap     ] GC(15) Survivor regions: 3->3(77)
[2022-05-31T17:57:30.352+0200][gc,heap     ] GC(15) Old regions: 13->13
[2022-05-31T17:57:30.352+0200][gc,heap     ] GC(15) Archive regions: 2->2
[2022-05-31T17:57:30.352+0200][gc,heap     ] GC(15) Humongous regions: 129->129
[2022-05-31T17:57:30.352+0200][gc,metaspace] GC(15) Metaspace: 38493K(38912K)->38493K(38912K) NonClass: 34221K(34432K)->34221K(34432K) Class: 4272K(4480K)->4272K(4480K)
[2022-05-31T17:57:30.352+0200][gc          ] GC(15) Pause Young (Normal) (G1 Evacuation Pause) 755M->144M(1024M) 8.635ms
[2022-05-31T17:57:30.352+0200][gc,cpu      ] GC(15) User=0.02s Sys=0.00s Real=0.01s
[2022-05-31T17:57:36.560+0200][gc,start    ] GC(16) Pause Young (Normal) (G1 Evacuation Pause)
[2022-05-31T17:57:36.560+0200][gc,task     ] GC(16) Using 4 workers of 4 for evacuation
[2022-05-31T17:57:36.567+0200][gc,phases   ] GC(16)   Pre Evacuate Collection Set: 0.2ms
[2022-05-31T17:57:36.567+0200][gc,phases   ] GC(16)   Merge Heap Roots: 0.2ms
[2022-05-31T17:57:36.567+0200][gc,phases   ] GC(16)   Evacuate Collection Set: 5.6ms
[2022-05-31T17:57:36.567+0200][gc,phases   ] GC(16)   Post Evacuate Collection Set: 0.8ms
[2022-05-31T17:57:36.567+0200][gc,phases   ] GC(16)   Other: 0.3ms
[2022-05-31T17:57:36.567+0200][gc,heap     ] GC(16) Eden regions: 611->0(611)
[2022-05-31T17:57:36.567+0200][gc,heap     ] GC(16) Survivor regions: 3->3(77)
[2022-05-31T17:57:36.567+0200][gc,heap     ] GC(16) Old regions: 13->13
[2022-05-31T17:57:36.567+0200][gc,heap     ] GC(16) Archive regions: 2->2
[2022-05-31T17:57:36.567+0200][gc,heap     ] GC(16) Humongous regions: 129->129
[2022-05-31T17:57:36.567+0200][gc,metaspace] GC(16) Metaspace: 38499K(38912K)->38499K(38912K) NonClass: 34226K(34432K)->34226K(34432K) Class: 4272K(4480K)->4272K(4480K)
[2022-05-31T17:57:36.567+0200][gc          ] GC(16) Pause Young (Normal) (G1 Evacuation Pause) 755M->144M(1024M) 7.379ms
[2022-05-31T17:57:36.567+0200][gc,cpu      ] GC(16) User=0.01s Sys=0.00s Real=0.01s
[2022-05-31T18:00:45.139+0200][gc,heap,exit] Heap
[2022-05-31T18:00:45.139+0200][gc,heap,exit]  garbage-first heap   total 1048576K, used 520222K [0x00000000c0000000, 0x0000000100000000)
[2022-05-31T18:00:45.139+0200][gc,heap,exit]   region size 1024K, 367 young (375808K), 3 survivors (3072K)
[2022-05-31T18:00:45.139+0200][gc,heap,exit]  Metaspace       used 42472K, committed 43072K, reserved 1089536K
[2022-05-31T18:00:45.139+0200][gc,heap,exit]   class space    used 4977K, committed 5248K, reserved 1048576K
