[2022-05-31T18:01:29.118+0200][gc] Using G1
[2022-05-31T18:01:29.130+0200][gc,init] Version: 16.0.2+7-67 (release)
[2022-05-31T18:01:29.130+0200][gc,init] CPUs: 4 total, 4 available
[2022-05-31T18:01:29.130+0200][gc,init] Memory: 7825M
[2022-05-31T18:01:29.130+0200][gc,init] Large Page Support: Disabled
[2022-05-31T18:01:29.130+0200][gc,init] NUMA Support: Disabled
[2022-05-31T18:01:29.130+0200][gc,init] Compressed Oops: Enabled (32-bit)
[2022-05-31T18:01:29.130+0200][gc,init] Heap Region Size: 1M
[2022-05-31T18:01:29.130+0200][gc,init] Heap Min Capacity: 1G
[2022-05-31T18:01:29.130+0200][gc,init] Heap Initial Capacity: 1G
[2022-05-31T18:01:29.130+0200][gc,init] Heap Max Capacity: 1G
[2022-05-31T18:01:29.130+0200][gc,init] Pre-touch: Disabled
[2022-05-31T18:01:29.130+0200][gc,init] Parallel Workers: 4
[2022-05-31T18:01:29.130+0200][gc,init] Concurrent Workers: 1
[2022-05-31T18:01:29.130+0200][gc,init] Concurrent Refinement Workers: 4
[2022-05-31T18:01:29.130+0200][gc,init] Periodic GC: Disabled
[2022-05-31T18:01:29.130+0200][gc,metaspace] CDS archive(s) mapped at: [0x0000000800000000-0x0000000800bc3000-0x0000000800bc3000), size 12333056, SharedBaseAddress: 0x0000000800000000, ArchiveRelocationMode: 0.
[2022-05-31T18:01:29.131+0200][gc,metaspace] Compressed class space mapped at: 0x0000000800c00000-0x0000000840c00000, reserved size: 1073741824
[2022-05-31T18:01:29.131+0200][gc,metaspace] Narrow klass base: 0x0000000800000000, Narrow klass shift: 3, Narrow klass range: 0x100000000
[2022-05-31T18:01:31.489+0200][gc,start    ] GC(0) Pause Young (Normal) (G1 Evacuation Pause)
[2022-05-31T18:01:31.489+0200][gc,task     ] GC(0) Using 4 workers of 4 for evacuation
[2022-05-31T18:01:31.509+0200][gc,phases   ] GC(0)   Pre Evacuate Collection Set: 0.2ms
[2022-05-31T18:01:31.509+0200][gc,phases   ] GC(0)   Merge Heap Roots: 0.1ms
[2022-05-31T18:01:31.509+0200][gc,phases   ] GC(0)   Evacuate Collection Set: 17.2ms
[2022-05-31T18:01:31.509+0200][gc,phases   ] GC(0)   Post Evacuate Collection Set: 2.2ms
[2022-05-31T18:01:31.509+0200][gc,phases   ] GC(0)   Other: 0.7ms
[2022-05-31T18:01:31.509+0200][gc,heap     ] GC(0) Eden regions: 51->0(44)
[2022-05-31T18:01:31.509+0200][gc,heap     ] GC(0) Survivor regions: 0->7(7)
[2022-05-31T18:01:31.509+0200][gc,heap     ] GC(0) Old regions: 0->0
[2022-05-31T18:01:31.509+0200][gc,heap     ] GC(0) Archive regions: 2->2
[2022-05-31T18:01:31.509+0200][gc,heap     ] GC(0) Humongous regions: 0->0
[2022-05-31T18:01:31.509+0200][gc,metaspace] GC(0) Metaspace: 18975K(19200K)->18975K(19200K) NonClass: 16726K(16832K)->16726K(16832K) Class: 2248K(2368K)->2248K(2368K)
[2022-05-31T18:01:31.509+0200][gc          ] GC(0) Pause Young (Normal) (G1 Evacuation Pause) 51M->7M(1024M) 20.435ms
[2022-05-31T18:01:31.509+0200][gc,cpu      ] GC(0) User=0.03s Sys=0.01s Real=0.02s
[2022-05-31T18:01:32.303+0200][gc,start    ] GC(1) Pause Young (Concurrent Start) (Metadata GC Threshold)
[2022-05-31T18:01:32.303+0200][gc,task     ] GC(1) Using 4 workers of 4 for evacuation
[2022-05-31T18:01:32.328+0200][gc,mmu      ] GC(1) MMU target violated: 21.0ms (20.0ms/21.0ms)
[2022-05-31T18:01:32.328+0200][gc,phases   ] GC(1)   Pre Evacuate Collection Set: 0.2ms
[2022-05-31T18:01:32.328+0200][gc,phases   ] GC(1)   Merge Heap Roots: 0.1ms
[2022-05-31T18:01:32.328+0200][gc,phases   ] GC(1)   Evacuate Collection Set: 23.6ms
[2022-05-31T18:01:32.328+0200][gc,phases   ] GC(1)   Post Evacuate Collection Set: 0.9ms
[2022-05-31T18:01:32.328+0200][gc,phases   ] GC(1)   Other: 0.3ms
[2022-05-31T18:01:32.328+0200][gc,heap     ] GC(1) Eden regions: 10->0(49)
[2022-05-31T18:01:32.328+0200][gc,heap     ] GC(1) Survivor regions: 7->2(7)
[2022-05-31T18:01:32.328+0200][gc,heap     ] GC(1) Old regions: 0->7
[2022-05-31T18:01:32.328+0200][gc,heap     ] GC(1) Archive regions: 2->2
[2022-05-31T18:01:32.328+0200][gc,heap     ] GC(1) Humongous regions: 129->129
[2022-05-31T18:01:32.328+0200][gc,metaspace] GC(1) Metaspace: 21097K(21248K)->21097K(21248K) NonClass: 18566K(18624K)->18566K(18624K) Class: 2530K(2624K)->2530K(2624K)
[2022-05-31T18:01:32.328+0200][gc          ] GC(1) Pause Young (Concurrent Start) (Metadata GC Threshold) 146M->138M(1024M) 25.308ms
[2022-05-31T18:01:32.328+0200][gc,cpu      ] GC(1) User=0.03s Sys=0.01s Real=0.02s
[2022-05-31T18:01:32.328+0200][gc          ] GC(2) Concurrent Mark Cycle
[2022-05-31T18:01:32.328+0200][gc,marking  ] GC(2) Concurrent Clear Claimed Marks
[2022-05-31T18:01:32.328+0200][gc,marking  ] GC(2) Concurrent Clear Claimed Marks 0.025ms
[2022-05-31T18:01:32.328+0200][gc,marking  ] GC(2) Concurrent Scan Root Regions
[2022-05-31T18:01:32.342+0200][gc,marking  ] GC(2) Concurrent Scan Root Regions 13.123ms
[2022-05-31T18:01:32.342+0200][gc,marking  ] GC(2) Concurrent Mark
[2022-05-31T18:01:32.342+0200][gc,marking  ] GC(2) Concurrent Mark From Roots
[2022-05-31T18:01:32.342+0200][gc,task     ] GC(2) Using 1 workers of 1 for marking
[2022-05-31T18:01:32.348+0200][gc,marking  ] GC(2) Concurrent Mark From Roots 6.208ms
[2022-05-31T18:01:32.348+0200][gc,marking  ] GC(2) Concurrent Preclean
[2022-05-31T18:01:32.348+0200][gc,marking  ] GC(2) Concurrent Preclean 0.278ms
[2022-05-31T18:01:32.351+0200][gc,start    ] GC(2) Pause Remark
[2022-05-31T18:01:32.356+0200][gc          ] GC(2) Pause Remark 139M->139M(1024M) 4.726ms
[2022-05-31T18:01:32.356+0200][gc,cpu      ] GC(2) User=0.01s Sys=0.00s Real=0.01s
[2022-05-31T18:01:32.359+0200][gc,marking  ] GC(2) Concurrent Mark 17.446ms
[2022-05-31T18:01:32.359+0200][gc,marking  ] GC(2) Concurrent Rebuild Remembered Sets
[2022-05-31T18:01:32.376+0200][gc,marking  ] GC(2) Concurrent Rebuild Remembered Sets 17.208ms
[2022-05-31T18:01:32.377+0200][gc,start    ] GC(2) Pause Cleanup
[2022-05-31T18:01:32.377+0200][gc          ] GC(2) Pause Cleanup 139M->139M(1024M) 0.298ms
[2022-05-31T18:01:32.377+0200][gc,cpu      ] GC(2) User=0.00s Sys=0.00s Real=0.00s
[2022-05-31T18:01:32.377+0200][gc,marking  ] GC(2) Concurrent Cleanup for Next Mark
[2022-05-31T18:01:32.410+0200][gc,marking  ] GC(2) Concurrent Cleanup for Next Mark 33.188ms
[2022-05-31T18:01:32.410+0200][gc          ] GC(2) Concurrent Mark Cycle 81.894ms
[2022-05-31T18:01:35.024+0200][gc,start    ] GC(3) Pause Young (Normal) (G1 Evacuation Pause)
[2022-05-31T18:01:35.024+0200][gc,task     ] GC(3) Using 4 workers of 4 for evacuation
[2022-05-31T18:01:35.032+0200][gc,phases   ] GC(3)   Pre Evacuate Collection Set: 0.1ms
[2022-05-31T18:01:35.032+0200][gc,phases   ] GC(3)   Merge Heap Roots: 0.0ms
[2022-05-31T18:01:35.032+0200][gc,phases   ] GC(3)   Evacuate Collection Set: 7.2ms
[2022-05-31T18:01:35.032+0200][gc,phases   ] GC(3)   Post Evacuate Collection Set: 0.8ms
[2022-05-31T18:01:35.032+0200][gc,phases   ] GC(3)   Other: 0.1ms
[2022-05-31T18:01:35.032+0200][gc,heap     ] GC(3) Eden regions: 49->0(45)
[2022-05-31T18:01:35.032+0200][gc,heap     ] GC(3) Survivor regions: 2->6(7)
[2022-05-31T18:01:35.032+0200][gc,heap     ] GC(3) Old regions: 7->7
[2022-05-31T18:01:35.032+0200][gc,heap     ] GC(3) Archive regions: 2->2
[2022-05-31T18:01:35.032+0200][gc,heap     ] GC(3) Humongous regions: 129->129
[2022-05-31T18:01:35.032+0200][gc,metaspace] GC(3) Metaspace: 32683K(32896K)->32683K(32896K) NonClass: 29091K(29184K)->29091K(29184K) Class: 3592K(3712K)->3592K(3712K)
[2022-05-31T18:01:35.032+0200][gc          ] GC(3) Pause Young (Normal) (G1 Evacuation Pause) 187M->142M(1024M) 8.462ms
[2022-05-31T18:01:35.032+0200][gc,cpu      ] GC(3) User=0.02s Sys=0.00s Real=0.01s
[2022-05-31T18:01:35.605+0200][gc,start    ] GC(4) Pause Young (Concurrent Start) (Metadata GC Threshold)
[2022-05-31T18:01:35.605+0200][gc,task     ] GC(4) Using 4 workers of 4 for evacuation
[2022-05-31T18:01:35.615+0200][gc,phases   ] GC(4)   Pre Evacuate Collection Set: 0.1ms
[2022-05-31T18:01:35.615+0200][gc,phases   ] GC(4)   Merge Heap Roots: 0.1ms
[2022-05-31T18:01:35.615+0200][gc,phases   ] GC(4)   Evacuate Collection Set: 8.6ms
[2022-05-31T18:01:35.615+0200][gc,phases   ] GC(4)   Post Evacuate Collection Set: 0.6ms
[2022-05-31T18:01:35.615+0200][gc,phases   ] GC(4)   Other: 0.2ms
[2022-05-31T18:01:35.615+0200][gc,heap     ] GC(4) Eden regions: 18->0(49)
[2022-05-31T18:01:35.615+0200][gc,heap     ] GC(4) Survivor regions: 6->2(7)
[2022-05-31T18:01:35.615+0200][gc,heap     ] GC(4) Old regions: 7->13
[2022-05-31T18:01:35.615+0200][gc,heap     ] GC(4) Archive regions: 2->2
[2022-05-31T18:01:35.615+0200][gc,heap     ] GC(4) Humongous regions: 129->129
[2022-05-31T18:01:35.615+0200][gc,metaspace] GC(4) Metaspace: 35572K(35840K)->35572K(35840K) NonClass: 31592K(31744K)->31592K(31744K) Class: 3979K(4096K)->3979K(4096K)
[2022-05-31T18:01:35.615+0200][gc          ] GC(4) Pause Young (Concurrent Start) (Metadata GC Threshold) 159M->143M(1024M) 9.667ms
[2022-05-31T18:01:35.615+0200][gc,cpu      ] GC(4) User=0.03s Sys=0.00s Real=0.01s
[2022-05-31T18:01:35.615+0200][gc          ] GC(5) Concurrent Mark Cycle
[2022-05-31T18:01:35.615+0200][gc,marking  ] GC(5) Concurrent Clear Claimed Marks
[2022-05-31T18:01:35.615+0200][gc,marking  ] GC(5) Concurrent Clear Claimed Marks 0.033ms
[2022-05-31T18:01:35.615+0200][gc,marking  ] GC(5) Concurrent Scan Root Regions
[2022-05-31T18:01:35.622+0200][gc,marking  ] GC(5) Concurrent Scan Root Regions 6.763ms
[2022-05-31T18:01:35.622+0200][gc,marking  ] GC(5) Concurrent Mark
[2022-05-31T18:01:35.622+0200][gc,marking  ] GC(5) Concurrent Mark From Roots
[2022-05-31T18:01:35.622+0200][gc,task     ] GC(5) Using 1 workers of 1 for marking
[2022-05-31T18:01:35.638+0200][gc,marking  ] GC(5) Concurrent Mark From Roots 15.818ms
[2022-05-31T18:01:35.638+0200][gc,marking  ] GC(5) Concurrent Preclean
[2022-05-31T18:01:35.638+0200][gc,marking  ] GC(5) Concurrent Preclean 0.195ms
[2022-05-31T18:01:35.638+0200][gc,start    ] GC(5) Pause Remark
[2022-05-31T18:01:35.641+0200][gc          ] GC(5) Pause Remark 144M->144M(1024M) 2.838ms
[2022-05-31T18:01:35.641+0200][gc,cpu      ] GC(5) User=0.01s Sys=0.00s Real=0.00s
[2022-05-31T18:01:35.641+0200][gc,marking  ] GC(5) Concurrent Mark 19.231ms
[2022-05-31T18:01:35.641+0200][gc,marking  ] GC(5) Concurrent Rebuild Remembered Sets
[2022-05-31T18:01:35.656+0200][gc,marking  ] GC(5) Concurrent Rebuild Remembered Sets 15.061ms
[2022-05-31T18:01:35.656+0200][gc,start    ] GC(5) Pause Cleanup
[2022-05-31T18:01:35.657+0200][gc          ] GC(5) Pause Cleanup 145M->145M(1024M) 0.172ms
[2022-05-31T18:01:35.657+0200][gc,cpu      ] GC(5) User=0.00s Sys=0.00s Real=0.00s
[2022-05-31T18:01:35.657+0200][gc,marking  ] GC(5) Concurrent Cleanup for Next Mark
[2022-05-31T18:01:35.669+0200][gc,marking  ] GC(5) Concurrent Cleanup for Next Mark 12.035ms
[2022-05-31T18:01:35.669+0200][gc          ] GC(5) Concurrent Mark Cycle 53.761ms
[2022-05-31T18:01:51.995+0200][gc,start    ] GC(6) Pause Young (Normal) (G1 Evacuation Pause)
[2022-05-31T18:01:51.995+0200][gc,task     ] GC(6) Using 4 workers of 4 for evacuation
[2022-05-31T18:01:52.001+0200][gc,phases   ] GC(6)   Pre Evacuate Collection Set: 0.2ms
[2022-05-31T18:01:52.001+0200][gc,phases   ] GC(6)   Merge Heap Roots: 0.1ms
[2022-05-31T18:01:52.001+0200][gc,phases   ] GC(6)   Evacuate Collection Set: 5.1ms
[2022-05-31T18:01:52.001+0200][gc,phases   ] GC(6)   Post Evacuate Collection Set: 0.7ms
[2022-05-31T18:01:52.001+0200][gc,phases   ] GC(6)   Other: 0.2ms
[2022-05-31T18:01:52.001+0200][gc,heap     ] GC(6) Eden regions: 49->0(48)
[2022-05-31T18:01:52.001+0200][gc,heap     ] GC(6) Survivor regions: 2->3(7)
[2022-05-31T18:01:52.001+0200][gc,heap     ] GC(6) Old regions: 13->13
[2022-05-31T18:01:52.001+0200][gc,heap     ] GC(6) Archive regions: 2->2
[2022-05-31T18:01:52.001+0200][gc,heap     ] GC(6) Humongous regions: 129->129
[2022-05-31T18:01:52.001+0200][gc,metaspace] GC(6) Metaspace: 38245K(38656K)->38245K(38656K) NonClass: 34010K(34240K)->34010K(34240K) Class: 4235K(4416K)->4235K(4416K)
[2022-05-31T18:01:52.001+0200][gc          ] GC(6) Pause Young (Normal) (G1 Evacuation Pause) 192M->144M(1024M) 6.350ms
[2022-05-31T18:01:52.001+0200][gc,cpu      ] GC(6) User=0.02s Sys=0.00s Real=0.01s
[2022-05-31T18:02:01.039+0200][gc,start    ] GC(7) Pause Young (Normal) (G1 Evacuation Pause)
[2022-05-31T18:02:01.039+0200][gc,task     ] GC(7) Using 4 workers of 4 for evacuation
[2022-05-31T18:02:01.043+0200][gc,phases   ] GC(7)   Pre Evacuate Collection Set: 0.1ms
[2022-05-31T18:02:01.043+0200][gc,phases   ] GC(7)   Merge Heap Roots: 0.1ms
[2022-05-31T18:02:01.043+0200][gc,phases   ] GC(7)   Evacuate Collection Set: 3.2ms
[2022-05-31T18:02:01.043+0200][gc,phases   ] GC(7)   Post Evacuate Collection Set: 0.4ms
[2022-05-31T18:02:01.043+0200][gc,phases   ] GC(7)   Other: 0.1ms
[2022-05-31T18:02:01.043+0200][gc,heap     ] GC(7) Eden regions: 48->0(48)
[2022-05-31T18:02:01.043+0200][gc,heap     ] GC(7) Survivor regions: 3->3(7)
[2022-05-31T18:02:01.043+0200][gc,heap     ] GC(7) Old regions: 13->13
[2022-05-31T18:02:01.043+0200][gc,heap     ] GC(7) Archive regions: 2->2
[2022-05-31T18:02:01.043+0200][gc,heap     ] GC(7) Humongous regions: 129->129
[2022-05-31T18:02:01.043+0200][gc,metaspace] GC(7) Metaspace: 38279K(38656K)->38279K(38656K) NonClass: 34044K(34240K)->34044K(34240K) Class: 4235K(4416K)->4235K(4416K)
[2022-05-31T18:02:01.043+0200][gc          ] GC(7) Pause Young (Normal) (G1 Evacuation Pause) 192M->144M(1024M) 4.093ms
[2022-05-31T18:02:01.043+0200][gc,cpu      ] GC(7) User=0.01s Sys=0.00s Real=0.01s
[2022-05-31T18:02:10.365+0200][gc,start    ] GC(8) Pause Young (Normal) (G1 Evacuation Pause)
[2022-05-31T18:02:10.365+0200][gc,task     ] GC(8) Using 4 workers of 4 for evacuation
[2022-05-31T18:02:10.371+0200][gc,phases   ] GC(8)   Pre Evacuate Collection Set: 0.1ms
[2022-05-31T18:02:10.371+0200][gc,phases   ] GC(8)   Merge Heap Roots: 0.1ms
[2022-05-31T18:02:10.371+0200][gc,phases   ] GC(8)   Evacuate Collection Set: 4.5ms
[2022-05-31T18:02:10.371+0200][gc,phases   ] GC(8)   Post Evacuate Collection Set: 0.6ms
[2022-05-31T18:02:10.371+0200][gc,phases   ] GC(8)   Other: 0.2ms
[2022-05-31T18:02:10.371+0200][gc,heap     ] GC(8) Eden regions: 48->0(48)
[2022-05-31T18:02:10.371+0200][gc,heap     ] GC(8) Survivor regions: 3->3(7)
[2022-05-31T18:02:10.371+0200][gc,heap     ] GC(8) Old regions: 13->13
[2022-05-31T18:02:10.371+0200][gc,heap     ] GC(8) Archive regions: 2->2
[2022-05-31T18:02:10.371+0200][gc,heap     ] GC(8) Humongous regions: 129->129
[2022-05-31T18:02:10.371+0200][gc,metaspace] GC(8) Metaspace: 38409K(38784K)->38409K(38784K) NonClass: 34138K(34368K)->34138K(34368K) Class: 4271K(4416K)->4271K(4416K)
[2022-05-31T18:02:10.371+0200][gc          ] GC(8) Pause Young (Normal) (G1 Evacuation Pause) 192M->144M(1024M) 5.588ms
[2022-05-31T18:02:10.371+0200][gc,cpu      ] GC(8) User=0.02s Sys=0.00s Real=0.00s
[2022-05-31T18:08:10.969+0200][gc,heap,exit] Heap
[2022-05-31T18:08:10.969+0200][gc,heap,exit]  garbage-first heap   total 1048576K, used 195853K [0x00000000c0000000, 0x0000000100000000)
[2022-05-31T18:08:10.969+0200][gc,heap,exit]   region size 1024K, 50 young (51200K), 3 survivors (3072K)
[2022-05-31T18:08:10.969+0200][gc,heap,exit]  Metaspace       used 40949K, committed 41536K, reserved 1089536K
[2022-05-31T18:08:10.969+0200][gc,heap,exit]   class space    used 4716K, committed 4992K, reserved 1048576K
