[2022-05-31T20:03:31.414+0200][gc] Using G1
[2022-05-31T20:03:31.421+0200][gc,init] Version: 16.0.2+7-67 (release)
[2022-05-31T20:03:31.421+0200][gc,init] CPUs: 4 total, 4 available
[2022-05-31T20:03:31.421+0200][gc,init] Memory: 7825M
[2022-05-31T20:03:31.421+0200][gc,init] Large Page Support: Disabled
[2022-05-31T20:03:31.421+0200][gc,init] NUMA Support: Disabled
[2022-05-31T20:03:31.421+0200][gc,init] Compressed Oops: Enabled (32-bit)
[2022-05-31T20:03:31.421+0200][gc,init] Heap Region Size: 1M
[2022-05-31T20:03:31.421+0200][gc,init] Heap Min Capacity: 512M
[2022-05-31T20:03:31.421+0200][gc,init] Heap Initial Capacity: 512M
[2022-05-31T20:03:31.421+0200][gc,init] Heap Max Capacity: 512M
[2022-05-31T20:03:31.421+0200][gc,init] Pre-touch: Disabled
[2022-05-31T20:03:31.421+0200][gc,init] Parallel Workers: 4
[2022-05-31T20:03:31.421+0200][gc,init] Concurrent Workers: 1
[2022-05-31T20:03:31.421+0200][gc,init] Concurrent Refinement Workers: 4
[2022-05-31T20:03:31.421+0200][gc,init] Periodic GC: Disabled
[2022-05-31T20:03:31.421+0200][gc,metaspace] CDS archive(s) mapped at: [0x0000000800000000-0x0000000800bc3000-0x0000000800bc3000), size 12333056, SharedBaseAddress: 0x0000000800000000, ArchiveRelocationMode: 0.
[2022-05-31T20:03:31.421+0200][gc,metaspace] Compressed class space mapped at: 0x0000000800c00000-0x0000000840c00000, reserved size: 1073741824
[2022-05-31T20:03:31.421+0200][gc,metaspace] Narrow klass base: 0x0000000800000000, Narrow klass shift: 3, Narrow klass range: 0x100000000
[2022-05-31T20:03:35.899+0200][gc,start    ] GC(0) Pause Young (Normal) (G1 Evacuation Pause)
[2022-05-31T20:03:35.900+0200][gc,task     ] GC(0) Using 4 workers of 4 for evacuation
[2022-05-31T20:03:35.907+0200][gc,phases   ] GC(0)   Pre Evacuate Collection Set: 0.1ms
[2022-05-31T20:03:35.907+0200][gc,phases   ] GC(0)   Merge Heap Roots: 0.0ms
[2022-05-31T20:03:35.907+0200][gc,phases   ] GC(0)   Evacuate Collection Set: 6.7ms
[2022-05-31T20:03:35.907+0200][gc,phases   ] GC(0)   Post Evacuate Collection Set: 0.6ms
[2022-05-31T20:03:35.908+0200][gc,phases   ] GC(0)   Other: 0.7ms
[2022-05-31T20:03:35.908+0200][gc,heap     ] GC(0) Eden regions: 25->0(21)
[2022-05-31T20:03:35.908+0200][gc,heap     ] GC(0) Survivor regions: 0->4(4)
[2022-05-31T20:03:35.908+0200][gc,heap     ] GC(0) Old regions: 0->4
[2022-05-31T20:03:35.908+0200][gc,heap     ] GC(0) Archive regions: 2->2
[2022-05-31T20:03:35.908+0200][gc,heap     ] GC(0) Humongous regions: 0->0
[2022-05-31T20:03:35.908+0200][gc,metaspace] GC(0) Metaspace: 8185K(8384K)->8185K(8384K) NonClass: 7291K(7424K)->7291K(7424K) Class: 893K(960K)->893K(960K)
[2022-05-31T20:03:35.908+0200][gc          ] GC(0) Pause Young (Normal) (G1 Evacuation Pause) 25M->8M(512M) 8.126ms
[2022-05-31T20:03:35.908+0200][gc,cpu      ] GC(0) User=0.01s Sys=0.01s Real=0.01s
