[2022-05-31T10:43:40.911+0200][gc] Using G1
[2022-05-31T10:43:40.916+0200][gc,init] Version: 16.0.2+7-67 (release)
[2022-05-31T10:43:40.916+0200][gc,init] CPUs: 4 total, 4 available
[2022-05-31T10:43:40.916+0200][gc,init] Memory: 7825M
[2022-05-31T10:43:40.916+0200][gc,init] Large Page Support: Disabled
[2022-05-31T10:43:40.916+0200][gc,init] NUMA Support: Disabled
[2022-05-31T10:43:40.916+0200][gc,init] Compressed Oops: Enabled (32-bit)
[2022-05-31T10:43:40.916+0200][gc,init] Heap Region Size: 1M
[2022-05-31T10:43:40.916+0200][gc,init] Heap Min Capacity: 512M
[2022-05-31T10:43:40.916+0200][gc,init] Heap Initial Capacity: 512M
[2022-05-31T10:43:40.916+0200][gc,init] Heap Max Capacity: 512M
[2022-05-31T10:43:40.916+0200][gc,init] Pre-touch: Disabled
[2022-05-31T10:43:40.916+0200][gc,init] Parallel Workers: 4
[2022-05-31T10:43:40.916+0200][gc,init] Concurrent Workers: 1
[2022-05-31T10:43:40.916+0200][gc,init] Concurrent Refinement Workers: 4
[2022-05-31T10:43:40.916+0200][gc,init] Periodic GC: Disabled
[2022-05-31T10:43:40.917+0200][gc,metaspace] CDS archive(s) mapped at: [0x0000000800000000-0x0000000800bc3000-0x0000000800bc3000), size 12333056, SharedBaseAddress: 0x0000000800000000, ArchiveRelocationMode: 0.
[2022-05-31T10:43:40.917+0200][gc,metaspace] Compressed class space mapped at: 0x0000000800c00000-0x0000000840c00000, reserved size: 1073741824
[2022-05-31T10:43:40.917+0200][gc,metaspace] Narrow klass base: 0x0000000800000000, Narrow klass shift: 3, Narrow klass range: 0x100000000
[2022-05-31T10:43:58.216+0200][gc,start    ] GC(0) Pause Young (Normal) (G1 Evacuation Pause)
[2022-05-31T10:43:58.216+0200][gc,task     ] GC(0) Using 4 workers of 4 for evacuation
[2022-05-31T10:43:58.223+0200][gc,phases   ] GC(0)   Pre Evacuate Collection Set: 0.1ms
[2022-05-31T10:43:58.223+0200][gc,phases   ] GC(0)   Merge Heap Roots: 0.0ms
[2022-05-31T10:43:58.223+0200][gc,phases   ] GC(0)   Evacuate Collection Set: 6.2ms
[2022-05-31T10:43:58.223+0200][gc,phases   ] GC(0)   Post Evacuate Collection Set: 0.5ms
[2022-05-31T10:43:58.223+0200][gc,phases   ] GC(0)   Other: 0.5ms
[2022-05-31T10:43:58.223+0200][gc,heap     ] GC(0) Eden regions: 25->0(21)
[2022-05-31T10:43:58.223+0200][gc,heap     ] GC(0) Survivor regions: 0->4(4)
[2022-05-31T10:43:58.223+0200][gc,heap     ] GC(0) Old regions: 0->4
[2022-05-31T10:43:58.223+0200][gc,heap     ] GC(0) Archive regions: 2->2
[2022-05-31T10:43:58.223+0200][gc,heap     ] GC(0) Humongous regions: 0->0
[2022-05-31T10:43:58.223+0200][gc,metaspace] GC(0) Metaspace: 8249K(8384K)->8249K(8384K) NonClass: 7356K(7424K)->7356K(7424K) Class: 893K(960K)->893K(960K)
[2022-05-31T10:43:58.223+0200][gc          ] GC(0) Pause Young (Normal) (G1 Evacuation Pause) 25M->8M(512M) 7.491ms
[2022-05-31T10:43:58.223+0200][gc,cpu      ] GC(0) User=0.02s Sys=0.00s Real=0.00s
[2022-05-31T16:27:15.231+0200][gc,start    ] GC(1) Pause Young (Normal) (G1 Evacuation Pause)
[2022-05-31T16:27:15.233+0200][gc,task     ] GC(1) Using 4 workers of 4 for evacuation
[2022-05-31T16:27:15.258+0200][gc,mmu      ] GC(1) MMU target violated: 21.0ms (20.0ms/21.0ms)
[2022-05-31T16:27:15.258+0200][gc,phases   ] GC(1)   Pre Evacuate Collection Set: 1.3ms
[2022-05-31T16:27:15.258+0200][gc,phases   ] GC(1)   Merge Heap Roots: 0.2ms
[2022-05-31T16:27:15.258+0200][gc,phases   ] GC(1)   Evacuate Collection Set: 21.7ms
[2022-05-31T16:27:15.258+0200][gc,phases   ] GC(1)   Post Evacuate Collection Set: 1.4ms
[2022-05-31T16:27:15.261+0200][gc,phases   ] GC(1)   Other: 2.6ms
[2022-05-31T16:27:15.261+0200][gc,heap     ] GC(1) Eden regions: 21->0(24)
[2022-05-31T16:27:15.261+0200][gc,heap     ] GC(1) Survivor regions: 4->1(4)
[2022-05-31T16:27:15.261+0200][gc,heap     ] GC(1) Old regions: 4->8
[2022-05-31T16:27:15.261+0200][gc,heap     ] GC(1) Archive regions: 2->2
[2022-05-31T16:27:15.261+0200][gc,heap     ] GC(1) Humongous regions: 0->0
[2022-05-31T16:27:15.261+0200][gc,metaspace] GC(1) Metaspace: 8967K(9152K)->8967K(9152K) NonClass: 8051K(8128K)->8051K(8128K) Class: 915K(1024K)->915K(1024K)
[2022-05-31T16:27:15.261+0200][gc          ] GC(1) Pause Young (Normal) (G1 Evacuation Pause) 29M->8M(512M) 30.299ms
[2022-05-31T16:27:15.261+0200][gc,cpu      ] GC(1) User=0.01s Sys=0.06s Real=0.04s
[2022-05-31T17:11:23.335+0200][gc,heap,exit] Heap
[2022-05-31T17:11:23.344+0200][gc,heap,exit]  garbage-first heap   total 524288K, used 16909K [0x00000000e0000000, 0x0000000100000000)
[2022-05-31T17:11:23.344+0200][gc,heap,exit]   region size 1024K, 9 young (9216K), 1 survivors (1024K)
[2022-05-31T17:11:23.344+0200][gc,heap,exit]  Metaspace       used 9063K, committed 9280K, reserved 1064960K
[2022-05-31T17:11:23.344+0200][gc,heap,exit]   class space    used 920K, committed 1024K, reserved 1048576K
